Archive member included to satisfy reference by file (symbol)

/Applications/Simplicity Studio.app/Contents/Eclipse/developer/toolchains/gnu_arm/7.2_2017q4/bin/../lib/gcc/arm-none-eabi/7.2.1/thumb/v7e-m/fpv4-sp/softfp/libgcc.a(_arm_addsubdf3.o)
                              ./src/Source_files/SI7021.o (__aeabi_dsub)
/Applications/Simplicity Studio.app/Contents/Eclipse/developer/toolchains/gnu_arm/7.2_2017q4/bin/../lib/gcc/arm-none-eabi/7.2.1/thumb/v7e-m/fpv4-sp/softfp/libgcc.a(_arm_muldivdf3.o)
                              ./src/Source_files/SI7021.o (__aeabi_dmul)
/Applications/Simplicity Studio.app/Contents/Eclipse/developer/toolchains/gnu_arm/7.2_2017q4/bin/../lib/gcc/arm-none-eabi/7.2.1/thumb/v7e-m/fpv4-sp/softfp/libgcc.a(_arm_truncdfsf2.o)
                              ./src/Source_files/SI7021.o (__aeabi_d2f)
/Applications/Simplicity Studio.app/Contents/Eclipse/developer/toolchains/gnu_arm/7.2_2017q4/bin/../lib/gcc/arm-none-eabi/7.2.1/thumb/v7e-m/fpv4-sp/softfp/libgcc.a(_aeabi_ldivmod.o)
                              ./emlib/em_usart.o (__aeabi_ldivmod)
/Applications/Simplicity Studio.app/Contents/Eclipse/developer/toolchains/gnu_arm/7.2_2017q4/bin/../lib/gcc/arm-none-eabi/7.2.1/thumb/v7e-m/fpv4-sp/softfp/libgcc.a(_aeabi_uldivmod.o)
                              ./emlib/em_usart.o (__aeabi_uldivmod)
/Applications/Simplicity Studio.app/Contents/Eclipse/developer/toolchains/gnu_arm/7.2_2017q4/bin/../lib/gcc/arm-none-eabi/7.2.1/thumb/v7e-m/fpv4-sp/softfp/libgcc.a(_udivmoddi4.o)
                              /Applications/Simplicity Studio.app/Contents/Eclipse/developer/toolchains/gnu_arm/7.2_2017q4/bin/../lib/gcc/arm-none-eabi/7.2.1/thumb/v7e-m/fpv4-sp/softfp/libgcc.a(_aeabi_ldivmod.o) (__udivmoddi4)
/Applications/Simplicity Studio.app/Contents/Eclipse/developer/toolchains/gnu_arm/7.2_2017q4/bin/../lib/gcc/arm-none-eabi/7.2.1/thumb/v7e-m/fpv4-sp/softfp/libgcc.a(_dvmd_tls.o)
                              /Applications/Simplicity Studio.app/Contents/Eclipse/developer/toolchains/gnu_arm/7.2_2017q4/bin/../lib/gcc/arm-none-eabi/7.2.1/thumb/v7e-m/fpv4-sp/softfp/libgcc.a(_aeabi_ldivmod.o) (__aeabi_ldiv0)
/Applications/Simplicity Studio.app/Contents/Eclipse/developer/toolchains/gnu_arm/7.2_2017q4/bin/../lib/gcc/arm-none-eabi/7.2.1/../../../../arm-none-eabi/lib/thumb/v7e-m/fpv4-sp/softfp/libc_nano.a(lib_a-exit.o)
                              /Applications/Simplicity Studio.app/Contents/Eclipse/developer/toolchains/gnu_arm/7.2_2017q4/bin/../lib/gcc/arm-none-eabi/7.2.1/../../../../arm-none-eabi/lib/thumb/v7e-m/fpv4-sp/softfp/crt0.o (exit)
/Applications/Simplicity Studio.app/Contents/Eclipse/developer/toolchains/gnu_arm/7.2_2017q4/bin/../lib/gcc/arm-none-eabi/7.2.1/../../../../arm-none-eabi/lib/thumb/v7e-m/fpv4-sp/softfp/libc_nano.a(lib_a-impure.o)
                              /Applications/Simplicity Studio.app/Contents/Eclipse/developer/toolchains/gnu_arm/7.2_2017q4/bin/../lib/gcc/arm-none-eabi/7.2.1/../../../../arm-none-eabi/lib/thumb/v7e-m/fpv4-sp/softfp/libc_nano.a(lib_a-exit.o) (_global_impure_ptr)
/Applications/Simplicity Studio.app/Contents/Eclipse/developer/toolchains/gnu_arm/7.2_2017q4/bin/../lib/gcc/arm-none-eabi/7.2.1/../../../../arm-none-eabi/lib/thumb/v7e-m/fpv4-sp/softfp/libc_nano.a(lib_a-init.o)
                              /Applications/Simplicity Studio.app/Contents/Eclipse/developer/toolchains/gnu_arm/7.2_2017q4/bin/../lib/gcc/arm-none-eabi/7.2.1/../../../../arm-none-eabi/lib/thumb/v7e-m/fpv4-sp/softfp/crt0.o (__libc_init_array)
/Applications/Simplicity Studio.app/Contents/Eclipse/developer/toolchains/gnu_arm/7.2_2017q4/bin/../lib/gcc/arm-none-eabi/7.2.1/../../../../arm-none-eabi/lib/thumb/v7e-m/fpv4-sp/softfp/libc_nano.a(lib_a-memset.o)
                              /Applications/Simplicity Studio.app/Contents/Eclipse/developer/toolchains/gnu_arm/7.2_2017q4/bin/../lib/gcc/arm-none-eabi/7.2.1/../../../../arm-none-eabi/lib/thumb/v7e-m/fpv4-sp/softfp/crt0.o (memset)
/Applications/Simplicity Studio.app/Contents/Eclipse/developer/toolchains/gnu_arm/7.2_2017q4/bin/../lib/gcc/arm-none-eabi/7.2.1/../../../../arm-none-eabi/lib/thumb/v7e-m/fpv4-sp/softfp/libc_nano.a(lib_a-nano-vfprintf_float.o)
                              (_printf_float)
/Applications/Simplicity Studio.app/Contents/Eclipse/developer/toolchains/gnu_arm/7.2_2017q4/bin/../lib/gcc/arm-none-eabi/7.2.1/../../../../arm-none-eabi/lib/thumb/v7e-m/fpv4-sp/softfp/libc_nano.a(lib_a-nano-vfprintf_i.o)
                              /Applications/Simplicity Studio.app/Contents/Eclipse/developer/toolchains/gnu_arm/7.2_2017q4/bin/../lib/gcc/arm-none-eabi/7.2.1/../../../../arm-none-eabi/lib/thumb/v7e-m/fpv4-sp/softfp/libc_nano.a(lib_a-nano-vfprintf_float.o) (_printf_common)
/Applications/Simplicity Studio.app/Contents/Eclipse/developer/toolchains/gnu_arm/7.2_2017q4/bin/../lib/gcc/arm-none-eabi/7.2.1/../../../../arm-none-eabi/lib/thumb/v7e-m/fpv4-sp/softfp/libc_nano.a(lib_a-sprintf.o)
                              ./src/Source_files/app.o (sprintf)
[...]
Memory Configuration

Name             Origin             Length             Attributes
FLASH            0x0000000000000000 0x0000000000100000 xr
RAM              0x0000000020000000 0x0000000000040000 xrw
*default*        0x0000000000000000 0xffffffffffffffff

Linker script and memory map

LOAD /Applications/Simplicity Studio.app/Contents/Eclipse/developer/toolchains/gnu_arm/7.2_2017q4/bin/../lib/gcc/arm-none-eabi/7.2.1/thumb/v7e-m/fpv4-sp/softfp/crti.o
LOAD /Applications/Simplicity Studio.app/Contents/Eclipse/developer/toolchains/gnu_arm/7.2_2017q4/bin/../lib/gcc/arm-none-eabi/7.2.1/thumb/v7e-m/fpv4-sp/softfp/crtbegin.o
LOAD /Applications/Simplicity Studio.app/Contents/Eclipse/developer/toolchains/gnu_arm/7.2_2017q4/bin/../lib/gcc/arm-none-eabi/7.2.1/../../../../arm-none-eabi/lib/thumb/v7e-m/fpv4-sp/softfp/crt0.o
LOAD ./CMSIS/EFM32PG12B/startup_gcc_efm32pg12b.o
LOAD ./CMSIS/EFM32PG12B/system_efm32pg12b.o
LOAD ./emlib/em_acmp.o
LOAD ./emlib/em_adc.o
LOAD ./emlib/em_aes.o
LOAD ./emlib/em_assert.o
LOAD ./emlib/em_burtc.o
LOAD ./emlib/em_can.o
LOAD ./emlib/em_cmu.o
LOAD ./emlib/em_core.o
LOAD ./emlib/em_cryotimer.o
LOAD ./emlib/em_crypto.o
LOAD ./emlib/em_csen.o
LOAD ./emlib/em_dac.o
LOAD ./emlib/em_dbg.o
LOAD ./emlib/em_dma.o
LOAD ./emlib/em_ebi.o
LOAD ./emlib/em_emu.o
LOAD ./emlib/em_gpcrc.o
LOAD ./emlib/em_gpio.o
LOAD ./emlib/em_i2c.o
LOAD ./emlib/em_iadc.o
LOAD ./emlib/em_idac.o
LOAD ./emlib/em_int.o
LOAD ./emlib/em_lcd.o
LOAD ./emlib/em_ldma.o
LOAD ./emlib/em_lesense.o
LOAD ./emlib/em_letimer.o
LOAD ./emlib/em_leuart.o
LOAD ./emlib/em_mpu.o
LOAD ./emlib/em_msc.o
LOAD ./emlib/em_opamp.o
LOAD ./emlib/em_pcnt.o
LOAD ./emlib/em_pdm.o
LOAD ./emlib/em_prs.o
LOAD ./emlib/em_qspi.o
LOAD ./emlib/em_rmu.o
LOAD ./emlib/em_rtc.o
LOAD ./emlib/em_rtcc.o
LOAD ./emlib/em_se.o
LOAD ./emlib/em_system.o
LOAD ./emlib/em_timer.o
LOAD ./emlib/em_usart.o
LOAD ./emlib/em_vcmp.o
LOAD ./emlib/em_vdac.o
LOAD ./emlib/em_wdog.o
LOAD ./src/Source_files/SI7021.o
LOAD ./src/Source_files/app.o
LOAD ./src/Source_files/ble.o
LOAD ./src/Source_files/cmu.o
LOAD ./src/Source_files/gpio.o
LOAD ./src/Source_files/i2c.o
LOAD ./src/Source_files/letimer.o
LOAD ./src/Source_files/leuart.o
LOAD ./src/Source_files/scheduler.o
LOAD ./src/Source_files/sleep_routines.o
LOAD ./src/main.o
START GROUP
LOAD /Applications/Simplicity Studio.app/Contents/Eclipse/developer/toolchains/gnu_arm/7.2_2017q4/bin/../lib/gcc/arm-none-eabi/7.2.1/thumb/v7e-m/fpv4-sp/softfp/libgcc.a
LOAD /Applications/Simplicity Studio.app/Contents/Eclipse/developer/toolchains/gnu_arm/7.2_2017q4/bin/../lib/gcc/arm-none-eabi/7.2.1/../../../../arm-none-eabi/lib/thumb/v7e-m/fpv4-sp/softfp/libc_nano.a
LOAD /Applications/Simplicity Studio.app/Contents/Eclipse/developer/toolchains/gnu_arm/7.2_2017q4/bin/../lib/gcc/arm-none-eabi/7.2.1/../../../../arm-none-eabi/lib/thumb/v7e-m/fpv4-sp/softfp/libnosys.a
END GROUP
START GROUP
LOAD /Applications/Simplicity Studio.app/Contents/Eclipse/developer/toolchains/gnu_arm/7.2_2017q4/bin/../lib/gcc/arm-none-eabi/7.2.1/thumb/v7e-m/fpv4-sp/softfp/libgcc.a
LOAD /Applications/Simplicity Studio.app/Contents/Eclipse/developer/toolchains/gnu_arm/7.2_2017q4/bin/../lib/gcc/arm-none-eabi/7.2.1/../../../../arm-none-eabi/lib/thumb/v7e-m/fpv4-sp/softfp/libg_nano.a
LOAD /Applications/Simplicity Studio.app/Contents/Eclipse/developer/toolchains/gnu_arm/7.2_2017q4/bin/../lib/gcc/arm-none-eabi/7.2.1/../../../../arm-none-eabi/lib/thumb/v7e-m/fpv4-sp/softfp/libc_nano.a
END GROUP
START GROUP
LOAD /Applications/Simplicity Studio.app/Contents/Eclipse/developer/toolchains/gnu_arm/7.2_2017q4/bin/../lib/gcc/arm-none-eabi/7.2.1/thumb/v7e-m/fpv4-sp/softfp/libgcc.a
LOAD /Applications/Simplicity Studio.app/Contents/Eclipse/developer/toolchains/gnu_arm/7.2_2017q4/bin/../lib/gcc/arm-none-eabi/7.2.1/../../../../arm-none-eabi/lib/thumb/v7e-m/fpv4-sp/softfp/libc_nano.a
END GROUP
LOAD /Applications/Simplicity Studio.app/Contents/Eclipse/developer/toolchains/gnu_arm/7.2_2017q4/bin/../lib/gcc/arm-none-eabi/7.2.1/thumb/v7e-m/fpv4-sp/softfp/crtend.o
LOAD /Applications/Simplicity Studio.app/Contents/Eclipse/developer/toolchains/gnu_arm/7.2_2017q4/bin/../lib/gcc/arm-none-eabi/7.2.1/thumb/v7e-m/fpv4-sp/softfp/crtn.o

.text           0x0000000000000000     0x637c
 *(.vectors)
 .vectors       0x0000000000000000      0x10c ./CMSIS/EFM32PG12B/startup_gcc_efm32pg12b.o
                0x0000000000000000                __Vectors
                0x000000000000010c                __Vectors_End = .
                0x000000000000010c                __Vectors_Size = (__Vectors_End - __Vectors)
                0x000000000000010c                __end__ = .
 *(.text*)
 .text          0x000000000000010c       0x40 /Applications/Simplicity Studio.app/Contents/Eclipse/developer/toolchains/gnu_arm/7.2_2017q4/bin/../lib/gcc/arm-none-eabi/7.2.1/thumb/v7e-m/fpv4-sp/softfp/crtbegin.o
 .text          0x000000000000014c       0x74 /Applications/Simplicity Studio.app/Contents/Eclipse/developer/toolchains/gnu_arm/7.2_2017q4/bin/../lib/gcc/arm-none-eabi/7.2.1/../../../../arm-none-eabi/lib/thumb/v7e-m/fpv4-sp/softfp/crt0.o
                0x000000000000014c                _mainCRTStartup
                0x000000000000014c                _start
 .text          0x00000000000001c0       0x30 ./CMSIS/EFM32PG12B/startup_gcc_efm32pg12b.o
                0x00000000000001c0                Reset_Handler
                0x00000000000001ec                USART0_TX_IRQHandler
                0x00000000000001ec                HardFault_Handler
                0x00000000000001ec                SysTick_Handler
                0x00000000000001ec                USART1_RX_IRQHandler
                0x00000000000001ec                PendSV_Handler
                0x00000000000001ec                NMI_Handler
                0x00000000000001ec                WTIMER0_IRQHandler
                0x00000000000001ec                CRYPTO0_IRQHandler
                0x00000000000001ec                WDOG0_IRQHandler
                0x00000000000001ec                USART1_TX_IRQHandler
                0x00000000000001ec                SMU_IRQHandler
                0x00000000000001ec                MSC_IRQHandler
                0x00000000000001ec                ADC0_IRQHandler
                0x00000000000001ec                UsageFault_Handler
                0x00000000000001ec                WDOG1_IRQHandler
                0x00000000000001ec                FPUEH_IRQHandler
                0x00000000000001ec                WTIMER1_IRQHandler
                0x00000000000001ec                GPIO_EVEN_IRQHandler
                0x00000000000001ec                VDAC0_IRQHandler
                0x00000000000001ec                LDMA_IRQHandler
                0x00000000000001ec                CSEN_IRQHandler
                0x00000000000001ec                CRYPTO1_IRQHandler
                0x00000000000001ec                TIMER0_IRQHandler
                0x00000000000001ec                PCNT2_IRQHandler
                0x00000000000001ec                TIMER1_IRQHandler
                0x00000000000001ec                TRNG0_IRQHandler
                0x00000000000001ec                USART2_RX_IRQHandler
                0x00000000000001ec                Default_Handler
                0x00000000000001ec                EMU_IRQHandler
                0x00000000000001ec                CRYOTIMER_IRQHandler
                0x00000000000001ec                PCNT0_IRQHandler
                0x00000000000001ec                PCNT1_IRQHandler
                0x00000000000001ec                ACMP0_IRQHandler
                0x00000000000001ec                USART0_RX_IRQHandler
                0x00000000000001ec                MemManage_Handler
                0x00000000000001ec                SVC_Handler
                0x00000000000001ec                USART3_RX_IRQHandler
                0x00000000000001ec                RTCC_IRQHandler
                0x00000000000001ec                CMU_IRQHandler
                0x00000000000001ec                LESENSE_IRQHandler
                0x00000000000001ec                GPIO_ODD_IRQHandler
                0x00000000000001ec                USART3_TX_IRQHandler
                0x00000000000001ec                BusFault_Handler
                0x00000000000001ec                USART2_TX_IRQHandler
                0x00000000000001ec                DebugMon_Handler
                0x00000000000001ec                IDAC0_IRQHandler
 .text.SystemMaxCoreClockGet
                0x00000000000001f0        0x8 ./CMSIS/EFM32PG12B/system_efm32pg12b.o
                0x00000000000001f0                SystemMaxCoreClockGet
 .text.SystemHFClockGet
                0x00000000000001f8       0x50 ./CMSIS/EFM32PG12B/system_efm32pg12b.o
                0x00000000000001f8                SystemHFClockGet
 .text.SystemCoreClockGet
                0x0000000000000248       0x24 ./CMSIS/EFM32PG12B/system_efm32pg12b.o
                0x0000000000000248                SystemCoreClockGet
 .text.SystemHFXOClockGet
                0x000000000000026c        0xc ./CMSIS/EFM32PG12B/system_efm32pg12b.o
                0x000000000000026c                SystemHFXOClockGet
 .text.SystemInit
                0x0000000000000278       0x1c ./CMSIS/EFM32PG12B/system_efm32pg12b.o
                0x0000000000000278                SystemInit
 .text.SystemLFRCOClockGet
                0x0000000000000294        0x8 ./CMSIS/EFM32PG12B/system_efm32pg12b.o
                0x0000000000000294                SystemLFRCOClockGet
 .text.SystemULFRCOClockGet
                0x000000000000029c        0x8 ./CMSIS/EFM32PG12B/system_efm32pg12b.o
                0x000000000000029c                SystemULFRCOClockGet
 .text.SystemLFXOClockGet
                0x00000000000002a4        0xc ./CMSIS/EFM32PG12B/system_efm32pg12b.o
                0x00000000000002a4                SystemLFXOClockGet
 .text.assertEFM
                0x00000000000002b0        0x4 ./emlib/em_assert.o
                0x00000000000002b0                assertEFM
 .text.CMU_HFRCODevinfoGet
                0x00000000000002b4       0xb4 ./emlib/em_cmu.o
 .text.flashWaitStateControl
                0x0000000000000368       0x64 ./emlib/em_cmu.o
 .text.flashWaitStateMax
                0x00000000000003cc       0x24 ./emlib/em_cmu.o
 .text.CMU_UpdateWaitStates
                0x00000000000003f0       0x1c ./emlib/em_cmu.o
                0x00000000000003f0                CMU_UpdateWaitStates
 .text.CMU_ClockEnable
                0x000000000000040c       0xc4 ./emlib/em_cmu.o
                0x000000000000040c                CMU_ClockEnable
 .text.CMU_ClockSelectGet
                0x00000000000004d0       0xe0 ./emlib/em_cmu.o
                0x00000000000004d0                CMU_ClockSelectGet
 .text.lfClkGet
                0x00000000000005b0       0xd0 ./emlib/em_cmu.o
 .text.CMU_ClockFreqGet
                0x0000000000000680      0x1e8 ./emlib/em_cmu.o
                0x0000000000000680                CMU_ClockFreqGet
 .text.CMU_HFRCOBandSet
                0x0000000000000868      0x1dc ./emlib/em_cmu.o
                0x0000000000000868                CMU_HFRCOBandSet
 .text.CMU_OscillatorTuningSet
                0x0000000000000a44      0x100 ./emlib/em_cmu.o
                0x0000000000000a44                CMU_OscillatorTuningSet
 .text.CMU_OscillatorTuningWait
                0x0000000000000b44       0x68 ./emlib/em_cmu.o
                0x0000000000000b44                CMU_OscillatorTuningWait
 .text.CMU_OscillatorEnable
                0x0000000000000bac      0x168 ./emlib/em_cmu.o
                0x0000000000000bac                CMU_OscillatorEnable
 .text.CMU_ClockSelectSet
                0x0000000000000d14      0x2d8 ./emlib/em_cmu.o
                0x0000000000000d14                CMU_ClockSelectSet
 .text.CMU_HFXOInit
                0x0000000000000fec       0xc4 ./emlib/em_cmu.o
                0x0000000000000fec                CMU_HFXOInit
 .text.lpGetDevinfoVrefLowHigh
                0x00000000000010b0       0xf0 ./emlib/em_emu.o
 .text.vScaleDownEM23Setup
                0x00000000000011a0       0x30 ./emlib/em_emu.o
 .text.vScaleAfterWakeup.part.1
                0x00000000000011d0       0x20 ./emlib/em_emu.o
 .text.emState.part.2
                0x00000000000011f0       0xc0 ./emlib/em_emu.o
 .text.lpCmpHystCalibrationLoad.isra.3
                0x00000000000012b0       0x80 ./emlib/em_emu.o
 .text.emState.constprop.5
                0x0000000000001330       0x50 ./emlib/em_emu.o
 .text.EMU_EnterEM2
                0x0000000000001380       0x4c ./emlib/em_emu.o
                0x0000000000001380                EMU_EnterEM2
 .text.EMU_EnterEM3
                0x00000000000013cc       0x68 ./emlib/em_emu.o
                0x00000000000013cc                EMU_EnterEM3
 .text.EMU_VScaleEM01
                0x0000000000001434       0x94 ./emlib/em_emu.o
                0x0000000000001434                EMU_VScaleEM01
 .text.EMU_VScaleEM01ByClock
                0x00000000000014c8       0x50 ./emlib/em_emu.o
                0x00000000000014c8                EMU_VScaleEM01ByClock
 .text.EMU_EM23Init
                0x0000000000001518       0x34 ./emlib/em_emu.o
                0x0000000000001518                EMU_EM23Init
 .text.EMU_DCDCModeSet
                0x000000000000154c       0x84 ./emlib/em_emu.o
                0x000000000000154c                EMU_DCDCModeSet
 .text.EMU_DCDCOutputVoltageSet
                0x00000000000015d0      0x1a8 ./emlib/em_emu.o
                0x00000000000015d0                EMU_DCDCOutputVoltageSet
 .text.EMU_DCDCOptimizeSlice
                0x0000000000001778      0x100 ./emlib/em_emu.o
                0x0000000000001778                EMU_DCDCOptimizeSlice
 .text.EMU_DCDCLnRcoBandSet
                0x0000000000001878       0x40 ./emlib/em_emu.o
                0x0000000000001878                EMU_DCDCLnRcoBandSet
 .text.EMU_DCDCInit
                0x00000000000018b8      0x1d4 ./emlib/em_emu.o
                0x00000000000018b8                EMU_DCDCInit
 .text.GPIO_DriveStrengthSet
                0x0000000000001a8c       0x50 ./emlib/em_gpio.o
                0x0000000000001a8c                GPIO_DriveStrengthSet
 .text.GPIO_PinModeSet
                0x0000000000001adc      0x2e0 ./emlib/em_gpio.o
                0x0000000000001adc                GPIO_PinModeSet
 .text.I2C_BusFreqSet
                0x0000000000001dbc      0x10c ./emlib/em_i2c.o
                0x0000000000001dbc                I2C_BusFreqSet
 .text.I2C_Enable
                0x0000000000001ec8       0x30 ./emlib/em_i2c.o
                0x0000000000001ec8                I2C_Enable
 .text.I2C_Init
                0x0000000000001ef8       0x58 ./emlib/em_i2c.o
                0x0000000000001ef8                I2C_Init
 .text.LETIMER_Enable
                0x0000000000001f50       0x2c ./emlib/em_letimer.o
                0x0000000000001f50                LETIMER_Enable
 .text.LETIMER_Init
                0x0000000000001f7c       0x80 ./emlib/em_letimer.o
                0x0000000000001f7c                LETIMER_Init
 .text.LEUART_BaudrateSet
                0x0000000000001ffc       0x80 ./emlib/em_leuart.o
                0x0000000000001ffc                LEUART_BaudrateSet
 .text.LEUART_Enable
                0x000000000000207c       0x3c ./emlib/em_leuart.o
                0x000000000000207c                LEUART_Enable
 .text.LEUART_Init
                0x00000000000020b8       0x60 ./emlib/em_leuart.o
                0x00000000000020b8                LEUART_Init
 .text.LEUART_Reset
                0x0000000000002118       0x44 ./emlib/em_leuart.o
                0x0000000000002118                LEUART_Reset
 .text.si7021_i2c_open
                0x000000000000215c       0x48 ./src/Source_files/SI7021.o
                0x000000000000215c                si7021_i2c_open
 .text.si7021_i2c_read
                0x00000000000021a4       0x24 ./src/Source_files/SI7021.o
                0x00000000000021a4                si7021_i2c_read
 .text.si7021_i2c_temp_convert
                0x00000000000021c8       0x68 ./src/Source_files/SI7021.o
                0x00000000000021c8                si7021_i2c_temp_convert
 .text.app_letimer_pwm_open
                0x0000000000002230       0x48 ./src/Source_files/app.o
                0x0000000000002230                app_letimer_pwm_open
 .text.app_peripheral_setup
                0x0000000000002278       0x38 ./src/Source_files/app.o
                0x0000000000002278                app_peripheral_setup
 .text.scheduled_letimer0_uf_evt
                0x00000000000022b0       0x24 ./src/Source_files/app.o
                0x00000000000022b0                scheduled_letimer0_uf_evt
 .text.scheduled_letimer0_comp0_evt
                0x00000000000022d4       0x18 ./src/Source_files/app.o
                0x00000000000022d4                scheduled_letimer0_comp0_evt
 .text.scheduled_letimer0_comp1_evt
                0x00000000000022ec       0x18 ./src/Source_files/app.o
                0x00000000000022ec                scheduled_letimer0_comp1_evt
 .text.scheduled_si7021_temp_done_evt
                0x0000000000002304       0x54 ./src/Source_files/app.o
                0x0000000000002304                scheduled_si7021_temp_done_evt
 .text.scheduled_boot_up_evt
                0x0000000000002358       0x24 ./src/Source_files/app.o
                0x0000000000002358                scheduled_boot_up_evt
 .text.scheduled_leuart0_tx_done_evt
                0x000000000000237c        0x8 ./src/Source_files/app.o
                0x000000000000237c                scheduled_leuart0_tx_done_evt
 .text.ble_open
                0x0000000000002384       0x50 ./src/Source_files/ble.o
                0x0000000000002384                ble_open
 .text.ble_write
                0x00000000000023d4       0x1c ./src/Source_files/ble.o
                0x00000000000023d4                ble_write
 .text.cmu_open
                0x00000000000023f0       0x4c ./src/Source_files/cmu.o
                0x00000000000023f0                cmu_open
 .text.gpio_open
                0x000000000000243c       0x8c ./src/Source_files/gpio.o
                0x000000000000243c                gpio_open
 .text.i2c_rxdatav
                0x00000000000024c8       0x88 ./src/Source_files/i2c.o
 .text.i2c_ack.part.1
                0x0000000000002550       0x24 ./src/Source_files/i2c.o
 .text.i2c_ack  0x0000000000002574       0x58 ./src/Source_files/i2c.o
 .text.i2c_nack
                0x00000000000025cc       0x5c ./src/Source_files/i2c.o
 .text.i2c_mstop
                0x0000000000002628       0x84 ./src/Source_files/i2c.o
 .text.i2c_bus_reset
                0x00000000000026ac      0x3d4 ./src/Source_files/i2c.o
                0x00000000000026ac                i2c_bus_reset
 .text.i2c_open
                0x0000000000002a80       0xe4 ./src/Source_files/i2c.o
                0x0000000000002a80                i2c_open
 .text.i2c_start
                0x0000000000002b64       0x40 ./src/Source_files/i2c.o
                0x0000000000002b64                i2c_start
 .text.I2C0_IRQHandler
                0x0000000000002ba4       0x84 ./src/Source_files/i2c.o
                0x0000000000002ba4                I2C0_IRQHandler
 .text.I2C1_IRQHandler
                0x0000000000002c28       0x84 ./src/Source_files/i2c.o
                0x0000000000002c28                I2C1_IRQHandler
 .text.LETIMER0_IRQHandler
                0x0000000000002cac       0x88 ./src/Source_files/letimer.o
                0x0000000000002cac                LETIMER0_IRQHandler
 .text.letimer_start
                0x0000000000002d34       0x3c ./src/Source_files/letimer.o
                0x0000000000002d34                letimer_start
 .text.letimer_pwm_open
                0x0000000000002d70      0x10c ./src/Source_files/letimer.o
                0x0000000000002d70                letimer_pwm_open
 .text.leuart_open
                0x0000000000002e7c      0x164 ./src/Source_files/leuart.o
                0x0000000000002e7c                leuart_open
 .text.LEUART0_IRQHandler
                0x0000000000002fe0      0x100 ./src/Source_files/leuart.o
                0x0000000000002fe0                LEUART0_IRQHandler
 .text.leuart_start
                0x00000000000030e0       0x40 ./src/Source_files/leuart.o
                0x00000000000030e0                leuart_start
 .text.scheduler_open
                0x0000000000003120        0xc ./src/Source_files/scheduler.o
                0x0000000000003120                scheduler_open
 .text.add_scheduled_event
                0x000000000000312c       0x14 ./src/Source_files/scheduler.o
                0x000000000000312c                add_scheduled_event
 .text.remove_scheduled_event
                0x0000000000003140       0x14 ./src/Source_files/scheduler.o
                0x0000000000003140                remove_scheduled_event
 .text.get_scheduled_event
                0x0000000000003154        0xc ./src/Source_files/scheduler.o
                0x0000000000003154                get_scheduled_event
 .text.sleep_open
                0x0000000000003160       0x14 ./src/Source_files/sleep_routines.o
                0x0000000000003160                sleep_open
 .text.sleep_block_mode
                0x0000000000003174       0x10 ./src/Source_files/sleep_routines.o
                0x0000000000003174                sleep_block_mode
 .text.sleep_unblock_mode
                0x0000000000003184       0x10 ./src/Source_files/sleep_routines.o
                0x0000000000003184                sleep_unblock_mode
 .text.enter_sleep
                0x0000000000003194       0x40 ./src/Source_files/sleep_routines.o
                0x0000000000003194                enter_sleep
 .text.startup.main
                0x00000000000031d4      0x164 ./src/main.o
                0x00000000000031d4                main
 .text          0x0000000000003338      0x378 /Applications/Simplicity Studio.app/Contents/Eclipse/developer/toolchains/gnu_arm/7.2_2017q4/bin/../lib/gcc/arm-none-eabi/7.2.1/thumb/v7e-m/fpv4-sp/softfp/libgcc.a(_arm_addsubdf3.o)
                0x0000000000003338                __aeabi_drsub
                0x0000000000003340                __subdf3
                0x0000000000003340                __aeabi_dsub
                0x0000000000003344                __aeabi_dadd
                0x0000000000003344                __adddf3
                0x00000000000035bc                __aeabi_ui2d
                0x00000000000035bc                __floatunsidf
                0x00000000000035dc                __floatsidf
                0x00000000000035dc                __aeabi_i2d
                0x0000000000003600                __extendsfdf2
                0x0000000000003600                __aeabi_f2d
                0x0000000000003644                __aeabi_ul2d
                0x0000000000003644                __floatundidf
                0x0000000000003654                __aeabi_l2d
                0x0000000000003654                __floatdidf
 .text          0x00000000000036b0      0x424 /Applications/Simplicity Studio.app/Contents/Eclipse/developer/toolchains/gnu_arm/7.2_2017q4/bin/../lib/gcc/arm-none-eabi/7.2.1/thumb/v7e-m/fpv4-sp/softfp/libgcc.a(_arm_muldivdf3.o)
                0x00000000000036b0                __aeabi_dmul
                0x00000000000036b0                __muldf3
                0x0000000000003904                __aeabi_ddiv
                0x0000000000003904                __divdf3
 .text          0x0000000000003ad4       0xa0 /Applications/Simplicity Studio.app/Contents/Eclipse/developer/toolchains/gnu_arm/7.2_2017q4/bin/../lib/gcc/arm-none-eabi/7.2.1/thumb/v7e-m/fpv4-sp/softfp/libgcc.a(_arm_truncdfsf2.o)
                0x0000000000003ad4                __aeabi_d2f
                0x0000000000003ad4                __truncdfsf2
 .text.exit     0x0000000000003b74       0x28 /Applications/Simplicity Studio.app/Contents/Eclipse/developer/toolchains/gnu_arm/7.2_2017q4/bin/../lib/gcc/arm-none-eabi/7.2.1/../../../../arm-none-eabi/lib/thumb/v7e-m/fpv4-sp/softfp/libc_nano.a(lib_a-exit.o)
                0x0000000000003b74                exit
 .text.__libc_init_array
                0x0000000000003b9c       0x48 /Applications/Simplicity Studio.app/Contents/Eclipse/developer/toolchains/gnu_arm/7.2_2017q4/bin/../lib/gcc/arm-none-eabi/7.2.1/../../../../arm-none-eabi/lib/thumb/v7e-m/fpv4-sp/softfp/libc_nano.a(lib_a-init.o)
                0x0000000000003b9c                __libc_init_array
 .text.memset   0x0000000000003be4       0x10 /Applications/Simplicity Studio.app/Contents/Eclipse/developer/toolchains/gnu_arm/7.2_2017q4/bin/../lib/gcc/arm-none-eabi/7.2.1/../../../../arm-none-eabi/lib/thumb/v7e-m/fpv4-sp/softfp/libc_nano.a(lib_a-memset.o)
                0x0000000000003be4                memset
 .text.__cvt    0x0000000000003bf4       0xbc /Applications/Simplicity Studio.app/Contents/Eclipse/developer/toolchains/gnu_arm/7.2_2017q4/bin/../lib/gcc/arm-none-eabi/7.2.1/../../../../arm-none-eabi/lib/thumb/v7e-m/fpv4-sp/softfp/libc_nano.a(lib_a-nano-vfprintf_float.o)
                0x0000000000003bf4                __cvt
 .text.__exponent
                0x0000000000003cb0       0x66 /Applications/Simplicity Studio.app/Contents/Eclipse/developer/toolchains/gnu_arm/7.2_2017q4/bin/../lib/gcc/arm-none-eabi/7.2.1/../../../../arm-none-eabi/lib/thumb/v7e-m/fpv4-sp/softfp/libc_nano.a(lib_a-nano-vfprintf_float.o)
                0x0000000000003cb0                __exponent
 *fill*         0x0000000000003d16        0x2 
 .text._printf_float
                0x0000000000003d18      0x48c /Applications/Simplicity Studio.app/Contents/Eclipse/developer/toolchains/gnu_arm/7.2_2017q4/bin/../lib/gcc/arm-none-eabi/7.2.1/../../../../arm-none-eabi/lib/thumb/v7e-m/fpv4-sp/softfp/libc_nano.a(lib_a-nano-vfprintf_float.o)
                0x0000000000003d18                _printf_float
 .text._printf_common
                0x00000000000041a4       0xea /Applications/Simplicity Studio.app/Contents/Eclipse/developer/toolchains/gnu_arm/7.2_2017q4/bin/../lib/gcc/arm-none-eabi/7.2.1/../../../../arm-none-eabi/lib/thumb/v7e-m/fpv4-sp/softfp/libc_nano.a(lib_a-nano-vfprintf_i.o)
                0x00000000000041a4                _printf_common
 *fill*         0x000000000000428e        0x2 
 .text._printf_i
                0x0000000000004290      0x224 /Applications/Simplicity Studio.app/Contents/Eclipse/developer/toolchains/gnu_arm/7.2_2017q4/bin/../lib/gcc/arm-none-eabi/7.2.1/../../../../arm-none-eabi/lib/thumb/v7e-m/fpv4-sp/softfp/libc_nano.a(lib_a-nano-vfprintf_i.o)
                0x0000000000004290                _printf_i
 .text.sprintf  0x00000000000044b4       0x40 /Applications/Simplicity Studio.app/Contents/Eclipse/developer/toolchains/gnu_arm/7.2_2017q4/bin/../lib/gcc/arm-none-eabi/7.2.1/../../../../arm-none-eabi/lib/thumb/v7e-m/fpv4-sp/softfp/libc_nano.a(lib_a-sprintf.o)
                0x00000000000044b4                sprintf
                0x00000000000044b4                siprintf
 .text.strcpy   0x00000000000044f4       0x10 /Applications/Simplicity Studio.app/Contents/Eclipse/developer/toolchains/gnu_arm/7.2_2017q4/bin/../lib/gcc/arm-none-eabi/7.2.1/../../../../arm-none-eabi/lib/thumb/v7e-m/fpv4-sp/softfp/libc_nano.a(lib_a-strcpy.o)
                0x00000000000044f4                strcpy
 .text          0x0000000000004504       0x10 /Applications/Simplicity Studio.app/Contents/Eclipse/developer/toolchains/gnu_arm/7.2_2017q4/bin/../lib/gcc/arm-none-eabi/7.2.1/../../../../arm-none-eabi/lib/thumb/v7e-m/fpv4-sp/softfp/libc_nano.a(lib_a-strlen.o)
                0x0000000000004504                strlen
 .text.quorem   0x0000000000004514      0x118 /Applications/Simplicity Studio.app/Contents/Eclipse/developer/toolchains/gnu_arm/7.2_2017q4/bin/../lib/gcc/arm-none-eabi/7.2.1/../../../../arm-none-eabi/lib/thumb/v7e-m/fpv4-sp/softfp/libc_nano.a(lib_a-dtoa.o)
 *fill*         0x000000000000462c        0x4 
 .text._dtoa_r  0x0000000000004630      0xb7c /Applications/Simplicity Studio.app/Contents/Eclipse/developer/toolchains/gnu_arm/7.2_2017q4/bin/../lib/gcc/arm-none-eabi/7.2.1/../../../../arm-none-eabi/lib/thumb/v7e-m/fpv4-sp/softfp/libc_nano.a(lib_a-dtoa.o)
                0x0000000000004630                _dtoa_r
 .text._localeconv_r
                0x00000000000051ac       0x1c /Applications/Simplicity Studio.app/Contents/Eclipse/developer/toolchains/gnu_arm/7.2_2017q4/bin/../lib/gcc/arm-none-eabi/7.2.1/../../../../arm-none-eabi/lib/thumb/v7e-m/fpv4-sp/softfp/libc_nano.a(lib_a-localeconv.o)
                0x00000000000051ac                _localeconv_r
 .text.malloc   0x00000000000051c8       0x10 /Applications/Simplicity Studio.app/Contents/Eclipse/developer/toolchains/gnu_arm/7.2_2017q4/bin/../lib/gcc/arm-none-eabi/7.2.1/../../../../arm-none-eabi/lib/thumb/v7e-m/fpv4-sp/softfp/libc_nano.a(lib_a-malloc.o)
                0x00000000000051c8                malloc
 *fill*         0x00000000000051d8        0x8 
 .text          0x00000000000051e0       0xa0 /Applications/Simplicity Studio.app/Contents/Eclipse/developer/toolchains/gnu_arm/7.2_2017q4/bin/../lib/gcc/arm-none-eabi/7.2.1/../../../../arm-none-eabi/lib/thumb/v7e-m/fpv4-sp/softfp/libc_nano.a(lib_a-memchr.o)
                0x00000000000051e0                memchr
 .text.memcpy   0x0000000000005280       0x16 /Applications/Simplicity Studio.app/Contents/Eclipse/developer/toolchains/gnu_arm/7.2_2017q4/bin/../lib/gcc/arm-none-eabi/7.2.1/../../../../arm-none-eabi/lib/thumb/v7e-m/fpv4-sp/softfp/libc_nano.a(lib_a-memcpy-stub.o)
                0x0000000000005280                memcpy
 .text._Balloc  0x0000000000005296       0x68 /Applications/Simplicity Studio.app/Contents/Eclipse/developer/toolchains/gnu_arm/7.2_2017q4/bin/../lib/gcc/arm-none-eabi/7.2.1/../../../../arm-none-eabi/lib/thumb/v7e-m/fpv4-sp/softfp/libc_nano.a(lib_a-mprec.o)
                0x0000000000005296                _Balloc
 .text._Bfree   0x00000000000052fe       0x2e /Applications/Simplicity Studio.app/Contents/Eclipse/developer/toolchains/gnu_arm/7.2_2017q4/bin/../lib/gcc/arm-none-eabi/7.2.1/../../../../arm-none-eabi/lib/thumb/v7e-m/fpv4-sp/softfp/libc_nano.a(lib_a-mprec.o)
                0x00000000000052fe                _Bfree
 .text.__multadd
                0x000000000000532c       0x76 /Applications/Simplicity Studio.app/Contents/Eclipse/developer/toolchains/gnu_arm/7.2_2017q4/bin/../lib/gcc/arm-none-eabi/7.2.1/../../../../arm-none-eabi/lib/thumb/v7e-m/fpv4-sp/softfp/libc_nano.a(lib_a-mprec.o)
                0x000000000000532c                __multadd
 .text.__hi0bits
                0x00000000000053a2       0x3e /Applications/Simplicity Studio.app/Contents/Eclipse/developer/toolchains/gnu_arm/7.2_2017q4/bin/../lib/gcc/arm-none-eabi/7.2.1/../../../../arm-none-eabi/lib/thumb/v7e-m/fpv4-sp/softfp/libc_nano.a(lib_a-mprec.o)
                0x00000000000053a2                __hi0bits
 .text.__lo0bits
                0x00000000000053e0       0x5e /Applications/Simplicity Studio.app/Contents/Eclipse/developer/toolchains/gnu_arm/7.2_2017q4/bin/../lib/gcc/arm-none-eabi/7.2.1/../../../../arm-none-eabi/lib/thumb/v7e-m/fpv4-sp/softfp/libc_nano.a(lib_a-mprec.o)
                0x00000000000053e0                __lo0bits
 .text.__i2b    0x000000000000543e       0x12 /Applications/Simplicity Studio.app/Contents/Eclipse/developer/toolchains/gnu_arm/7.2_2017q4/bin/../lib/gcc/arm-none-eabi/7.2.1/../../../../arm-none-eabi/lib/thumb/v7e-m/fpv4-sp/softfp/libc_nano.a(lib_a-mprec.o)
                0x000000000000543e                __i2b
 .text.__multiply
                0x0000000000005450      0x12c /Applications/Simplicity Studio.app/Contents/Eclipse/developer/toolchains/gnu_arm/7.2_2017q4/bin/../lib/gcc/arm-none-eabi/7.2.1/../../../../arm-none-eabi/lib/thumb/v7e-m/fpv4-sp/softfp/libc_nano.a(lib_a-mprec.o)
                0x0000000000005450                __multiply
 .text.__pow5mult
                0x000000000000557c       0x9c /Applications/Simplicity Studio.app/Contents/Eclipse/developer/toolchains/gnu_arm/7.2_2017q4/bin/../lib/gcc/arm-none-eabi/7.2.1/../../../../arm-none-eabi/lib/thumb/v7e-m/fpv4-sp/softfp/libc_nano.a(lib_a-mprec.o)
                0x000000000000557c                __pow5mult
 .text.__lshift
                0x0000000000005618       0xa8 /Applications/Simplicity Studio.app/Contents/Eclipse/developer/toolchains/gnu_arm/7.2_2017q4/bin/../lib/gcc/arm-none-eabi/7.2.1/../../../../arm-none-eabi/lib/thumb/v7e-m/fpv4-sp/softfp/libc_nano.a(lib_a-mprec.o)
                0x0000000000005618                __lshift
 .text.__mcmp   0x00000000000056c0       0x34 /Applications/Simplicity Studio.app/Contents/Eclipse/developer/toolchains/gnu_arm/7.2_2017q4/bin/../lib/gcc/arm-none-eabi/7.2.1/../../../../arm-none-eabi/lib/thumb/v7e-m/fpv4-sp/softfp/libc_nano.a(lib_a-mprec.o)
                0x00000000000056c0                __mcmp
 .text.__mdiff  0x00000000000056f4       0xba /Applications/Simplicity Studio.app/Contents/Eclipse/developer/toolchains/gnu_arm/7.2_2017q4/bin/../lib/gcc/arm-none-eabi/7.2.1/../../../../arm-none-eabi/lib/thumb/v7e-m/fpv4-sp/softfp/libc_nano.a(lib_a-mprec.o)
                0x00000000000056f4                __mdiff
 .text.__d2b    0x00000000000057ae       0x9e /Applications/Simplicity Studio.app/Contents/Eclipse/developer/toolchains/gnu_arm/7.2_2017q4/bin/../lib/gcc/arm-none-eabi/7.2.1/../../../../arm-none-eabi/lib/thumb/v7e-m/fpv4-sp/softfp/libc_nano.a(lib_a-mprec.o)
                0x00000000000057ae                __d2b
 .text._calloc_r
                0x000000000000584c       0x1c /Applications/Simplicity Studio.app/Contents/Eclipse/developer/toolchains/gnu_arm/7.2_2017q4/bin/../lib/gcc/arm-none-eabi/7.2.1/../../../../arm-none-eabi/lib/thumb/v7e-m/fpv4-sp/softfp/libc_nano.a(lib_a-nano-callocr.o)
                0x000000000000584c                _calloc_r
 .text._free_r  0x0000000000005868       0x9c /Applications/Simplicity Studio.app/Contents/Eclipse/developer/toolchains/gnu_arm/7.2_2017q4/bin/../lib/gcc/arm-none-eabi/7.2.1/../../../../arm-none-eabi/lib/thumb/v7e-m/fpv4-sp/softfp/libc_nano.a(lib_a-nano-freer.o)
                0x0000000000005868                _free_r
 .text._malloc_r
                0x0000000000005904       0xb4 /Applications/Simplicity Studio.app/Contents/Eclipse/developer/toolchains/gnu_arm/7.2_2017q4/bin/../lib/gcc/arm-none-eabi/7.2.1/../../../../arm-none-eabi/lib/thumb/v7e-m/fpv4-sp/softfp/libc_nano.a(lib_a-nano-mallocr.o)
                0x0000000000005904                _malloc_r
 .text.__ssputs_r
                0x00000000000059b8       0xb4 /Applications/Simplicity Studio.app/Contents/Eclipse/developer/toolchains/gnu_arm/7.2_2017q4/bin/../lib/gcc/arm-none-eabi/7.2.1/../../../../arm-none-eabi/lib/thumb/v7e-m/fpv4-sp/softfp/libc_nano.a(lib_a-nano-svfprintf.o)
                0x00000000000059b8                __ssputs_r
 .text._svfprintf_r
                0x0000000000005a6c      0x1ec /Applications/Simplicity Studio.app/Contents/Eclipse/developer/toolchains/gnu_arm/7.2_2017q4/bin/../lib/gcc/arm-none-eabi/7.2.1/../../../../arm-none-eabi/lib/thumb/v7e-m/fpv4-sp/softfp/libc_nano.a(lib_a-nano-svfprintf.o)
                0x0000000000005a6c                _svfprintf_r
                0x0000000000005a6c                _svfiprintf_r
 .text._sbrk_r  0x0000000000005c58       0x20 /Applications/Simplicity Studio.app/Contents/Eclipse/developer/toolchains/gnu_arm/7.2_2017q4/bin/../lib/gcc/arm-none-eabi/7.2.1/../../../../arm-none-eabi/lib/thumb/v7e-m/fpv4-sp/softfp/libc_nano.a(lib_a-sbrkr.o)
                0x0000000000005c58                _sbrk_r
 .text.__ascii_mbtowc
                0x0000000000005c78       0x24 /Applications/Simplicity Studio.app/Contents/Eclipse/developer/toolchains/gnu_arm/7.2_2017q4/bin/../lib/gcc/arm-none-eabi/7.2.1/../../../../arm-none-eabi/lib/thumb/v7e-m/fpv4-sp/softfp/libc_nano.a(lib_a-mbtowc_r.o)
                0x0000000000005c78                __ascii_mbtowc
 .text.memmove  0x0000000000005c9c       0x32 /Applications/Simplicity Studio.app/Contents/Eclipse/developer/toolchains/gnu_arm/7.2_2017q4/bin/../lib/gcc/arm-none-eabi/7.2.1/../../../../arm-none-eabi/lib/thumb/v7e-m/fpv4-sp/softfp/libc_nano.a(lib_a-memmove.o)
                0x0000000000005c9c                memmove
 .text.__malloc_lock
                0x0000000000005cce        0x2 /Applications/Simplicity Studio.app/Contents/Eclipse/developer/toolchains/gnu_arm/7.2_2017q4/bin/../lib/gcc/arm-none-eabi/7.2.1/../../../../arm-none-eabi/lib/thumb/v7e-m/fpv4-sp/softfp/libc_nano.a(lib_a-mlock.o)
                0x0000000000005cce                __malloc_lock
 .text.__malloc_unlock
                0x0000000000005cd0        0x2 /Applications/Simplicity Studio.app/Contents/Eclipse/developer/toolchains/gnu_arm/7.2_2017q4/bin/../lib/gcc/arm-none-eabi/7.2.1/../../../../arm-none-eabi/lib/thumb/v7e-m/fpv4-sp/softfp/libc_nano.a(lib_a-mlock.o)
                0x0000000000005cd0                __malloc_unlock
 .text._realloc_r
                0x0000000000005cd2       0x4c /Applications/Simplicity Studio.app/Contents/Eclipse/developer/toolchains/gnu_arm/7.2_2017q4/bin/../lib/gcc/arm-none-eabi/7.2.1/../../../../arm-none-eabi/lib/thumb/v7e-m/fpv4-sp/softfp/libc_nano.a(lib_a-nano-reallocr.o)
                0x0000000000005cd2                _realloc_r
 .text.__ascii_wctomb
                0x0000000000005d1e       0x1a /Applications/Simplicity Studio.app/Contents/Eclipse/developer/toolchains/gnu_arm/7.2_2017q4/bin/../lib/gcc/arm-none-eabi/7.2.1/../../../../arm-none-eabi/lib/thumb/v7e-m/fpv4-sp/softfp/libc_nano.a(lib_a-wctomb_r.o)
                0x0000000000005d1e                __ascii_wctomb
 .text._malloc_usable_size_r
                0x0000000000005d38       0x10 /Applications/Simplicity Studio.app/Contents/Eclipse/developer/toolchains/gnu_arm/7.2_2017q4/bin/../lib/gcc/arm-none-eabi/7.2.1/../../../../arm-none-eabi/lib/thumb/v7e-m/fpv4-sp/softfp/libc_nano.a(lib_a-nano-msizer.o)
                0x0000000000005d38                _malloc_usable_size_r
 .text._sbrk    0x0000000000005d48       0x1c /Applications/Simplicity Studio.app/Contents/Eclipse/developer/toolchains/gnu_arm/7.2_2017q4/bin/../lib/gcc/arm-none-eabi/7.2.1/../../../../arm-none-eabi/lib/thumb/v7e-m/fpv4-sp/softfp/libnosys.a(sbrk.o)
                0x0000000000005d48                _sbrk
 .text._exit    0x0000000000005d64        0x4 /Applications/Simplicity Studio.app/Contents/Eclipse/developer/toolchains/gnu_arm/7.2_2017q4/bin/../lib/gcc/arm-none-eabi/7.2.1/../../../../arm-none-eabi/lib/thumb/v7e-m/fpv4-sp/softfp/libnosys.a(_exit.o)
                0x0000000000005d64                _exit
 .text          0x0000000000005d68      0x110 /Applications/Simplicity Studio.app/Contents/Eclipse/developer/toolchains/gnu_arm/7.2_2017q4/bin/../lib/gcc/arm-none-eabi/7.2.1/thumb/v7e-m/fpv4-sp/softfp/libgcc.a(_arm_cmpdf2.o)
                0x0000000000005d68                __gedf2
                0x0000000000005d68                __gtdf2
                0x0000000000005d70                __ledf2
                0x0000000000005d70                __ltdf2
                0x0000000000005d78                __cmpdf2
                0x0000000000005d78                __eqdf2
                0x0000000000005d78                __nedf2
                0x0000000000005df4                __aeabi_cdrcmple
                0x0000000000005e04                __aeabi_cdcmple
                0x0000000000005e04                __aeabi_cdcmpeq
                0x0000000000005e14                __aeabi_dcmpeq
                0x0000000000005e28                __aeabi_dcmplt
                0x0000000000005e3c                __aeabi_dcmple
                0x0000000000005e50                __aeabi_dcmpge
                0x0000000000005e64                __aeabi_dcmpgt
 .text          0x0000000000005e78       0x2c /Applications/Simplicity Studio.app/Contents/Eclipse/developer/toolchains/gnu_arm/7.2_2017q4/bin/../lib/gcc/arm-none-eabi/7.2.1/thumb/v7e-m/fpv4-sp/softfp/libgcc.a(_arm_unorddf2.o)
                0x0000000000005e78                __aeabi_dcmpun
                0x0000000000005e78                __unorddf2
 .text          0x0000000000005ea4       0x50 /Applications/Simplicity Studio.app/Contents/Eclipse/developer/toolchains/gnu_arm/7.2_2017q4/bin/../lib/gcc/arm-none-eabi/7.2.1/thumb/v7e-m/fpv4-sp/softfp/libgcc.a(_arm_fixdfsi.o)
                0x0000000000005ea4                __fixdfsi
                0x0000000000005ea4                __aeabi_d2iz
 *(.init)
 .init          0x0000000000005ef4        0x4 /Applications/Simplicity Studio.app/Contents/Eclipse/developer/toolchains/gnu_arm/7.2_2017q4/bin/../lib/gcc/arm-none-eabi/7.2.1/thumb/v7e-m/fpv4-sp/softfp/crti.o
                0x0000000000005ef4                _init
 .init          0x0000000000005ef8        0x8 /Applications/Simplicity Studio.app/Contents/Eclipse/developer/toolchains/gnu_arm/7.2_2017q4/bin/../lib/gcc/arm-none-eabi/7.2.1/thumb/v7e-m/fpv4-sp/softfp/crtn.o
 *(.fini)
 .fini          0x0000000000005f00        0x4 /Applications/Simplicity Studio.app/Contents/Eclipse/developer/toolchains/gnu_arm/7.2_2017q4/bin/../lib/gcc/arm-none-eabi/7.2.1/thumb/v7e-m/fpv4-sp/softfp/crti.o
                0x0000000000005f00                _fini
 .fini          0x0000000000005f04        0x8 /Applications/Simplicity Studio.app/Contents/Eclipse/developer/toolchains/gnu_arm/7.2_2017q4/bin/../lib/gcc/arm-none-eabi/7.2.1/thumb/v7e-m/fpv4-sp/softfp/crtn.o
 *crtbegin.o(.ctors)
 *crtbegin?.o(.ctors)
 *(EXCLUDE_FILE(*crtend.o *crtend?.o) .ctors)
 *(SORT_BY_NAME(.ctors.*))
 *(.ctors)
 *crtbegin.o(.dtors)
 *crtbegin?.o(.dtors)
 *(EXCLUDE_FILE(*crtend.o *crtend?.o) .dtors)
 *(SORT_BY_NAME(.dtors.*))
 *(.dtors)
 *(.rodata*)
 .rodata.flashWaitStateControl.str1.4
                0x0000000000005f0c       0x12 ./emlib/em_cmu.o
 *fill*         0x0000000000005f1e        0x2 
 .rodata.flashWsTable
                0x0000000000005f20       0x28 ./emlib/em_cmu.o
 .rodata.lpGetDevinfoVrefLowHigh.str1.4
                0x0000000000005f48       0x12 ./emlib/em_emu.o
 *fill*         0x0000000000005f5a        0x2 
 .rodata.GPIO_DbgLocationSet.str1.4
                0x0000000000005f5c       0x13 ./emlib/em_gpio.o
 *fill*         0x0000000000005f6f        0x1 
 .rodata.GPIO_PinModeSet.str1.4
                0x0000000000005f70       0x77 ./emlib/em_gpio.o
 *fill*         0x0000000000005fe7        0x1 
 .rodata.CSWTCH.17
                0x0000000000005fe8        0xc ./emlib/em_i2c.o
 .rodata.CSWTCH.18
                0x0000000000005ff4        0xc ./emlib/em_i2c.o
 .rodata.I2C_BusFreqGet.str1.4
                0x0000000000006000       0x12 ./emlib/em_i2c.o
 *fill*         0x0000000000006012        0x2 
 .rodata.i2cNSum
                0x0000000000006014        0x4 ./emlib/em_i2c.o
 .rodata.LETIMER_CompareGet.str1.4
                0x0000000000006018       0x16 ./emlib/em_letimer.o
 *fill*         0x000000000000602e        0x2 
 .rodata.LEUART_BaudrateGet.str1.4
                0x0000000000006030       0x15 ./emlib/em_leuart.o
 *fill*         0x0000000000006045        0x3 
 .rodata.scheduled_boot_up_evt.str1.4
                0x0000000000006048        0xe ./src/Source_files/app.o
 *fill*         0x0000000000006056        0x2 
 .rodata.scheduled_letimer0_uf_evt.str1.4
                0x0000000000006058       0x1a ./src/Source_files/app.o
 *fill*         0x0000000000006072        0x2 
 .rodata.scheduled_si7021_temp_done_evt.str1.4
                0x0000000000006074       0x10 ./src/Source_files/app.o
 .rodata.i2c_bus_reset.str1.4
                0x0000000000006084       0x77 ./src/Source_files/i2c.o
 .rodata.i2c_rxdatav.str1.4
                0x0000000000006084       0x1a ./src/Source_files/i2c.o
 *fill*         0x000000000000609e        0x2 
 .rodata.LETIMER0_IRQHandler.str1.4
                0x00000000000060a0       0x1e ./src/Source_files/letimer.o
 *fill*         0x00000000000060be        0x2 
 .rodata.leuart_open.str1.4
                0x00000000000060c0       0x1d ./src/Source_files/leuart.o
 *fill*         0x00000000000060dd        0x3 
 .rodata        0x00000000000060e0       0x22 ./src/main.o
 *fill*         0x0000000000006102        0x2 
 .rodata.main.str1.4
                0x0000000000006104       0x10 ./src/main.o
                                          0xe (size before relaxing)
 .rodata._global_impure_ptr
                0x0000000000006114        0x4 /Applications/Simplicity Studio.app/Contents/Eclipse/developer/toolchains/gnu_arm/7.2_2017q4/bin/../lib/gcc/arm-none-eabi/7.2.1/../../../../arm-none-eabi/lib/thumb/v7e-m/fpv4-sp/softfp/libc_nano.a(lib_a-impure.o)
                0x0000000000006114                _global_impure_ptr
 .rodata._printf_float.str1.1
                0x0000000000006118       0x12 /Applications/Simplicity Studio.app/Contents/Eclipse/developer/toolchains/gnu_arm/7.2_2017q4/bin/../lib/gcc/arm-none-eabi/7.2.1/../../../../arm-none-eabi/lib/thumb/v7e-m/fpv4-sp/softfp/libc_nano.a(lib_a-nano-vfprintf_float.o)
 .rodata._printf_i.str1.1
                0x000000000000612a       0x22 /Applications/Simplicity Studio.app/Contents/Eclipse/developer/toolchains/gnu_arm/7.2_2017q4/bin/../lib/gcc/arm-none-eabi/7.2.1/../../../../arm-none-eabi/lib/thumb/v7e-m/fpv4-sp/softfp/libc_nano.a(lib_a-nano-vfprintf_i.o)
 .rodata._dtoa_r.str1.1
                0x000000000000614c        0xd /Applications/Simplicity Studio.app/Contents/Eclipse/developer/toolchains/gnu_arm/7.2_2017q4/bin/../lib/gcc/arm-none-eabi/7.2.1/../../../../arm-none-eabi/lib/thumb/v7e-m/fpv4-sp/softfp/libc_nano.a(lib_a-dtoa.o)
                                          0xf (size before relaxing)
 *fill*         0x0000000000006159        0x7 
 .rodata.__mprec_bigtens
                0x0000000000006160       0x28 /Applications/Simplicity Studio.app/Contents/Eclipse/developer/toolchains/gnu_arm/7.2_2017q4/bin/../lib/gcc/arm-none-eabi/7.2.1/../../../../arm-none-eabi/lib/thumb/v7e-m/fpv4-sp/softfp/libc_nano.a(lib_a-mprec.o)
                0x0000000000006160                __mprec_bigtens
 .rodata.__mprec_tens
                0x0000000000006188       0xc8 /Applications/Simplicity Studio.app/Contents/Eclipse/developer/toolchains/gnu_arm/7.2_2017q4/bin/../lib/gcc/arm-none-eabi/7.2.1/../../../../arm-none-eabi/lib/thumb/v7e-m/fpv4-sp/softfp/libc_nano.a(lib_a-mprec.o)
                0x0000000000006188                __mprec_tens
 .rodata.p05.7359
                0x0000000000006250        0xc /Applications/Simplicity Studio.app/Contents/Eclipse/developer/toolchains/gnu_arm/7.2_2017q4/bin/../lib/gcc/arm-none-eabi/7.2.1/../../../../arm-none-eabi/lib/thumb/v7e-m/fpv4-sp/softfp/libc_nano.a(lib_a-mprec.o)
 .rodata._svfprintf_r.str1.1
                0x000000000000625c       0x11 /Applications/Simplicity Studio.app/Contents/Eclipse/developer/toolchains/gnu_arm/7.2_2017q4/bin/../lib/gcc/arm-none-eabi/7.2.1/../../../../arm-none-eabi/lib/thumb/v7e-m/fpv4-sp/softfp/libc_nano.a(lib_a-nano-svfprintf.o)
 .rodata._setlocale_r.str1.1
                0x000000000000626d        0x8 /Applications/Simplicity Studio.app/Contents/Eclipse/developer/toolchains/gnu_arm/7.2_2017q4/bin/../lib/gcc/arm-none-eabi/7.2.1/../../../../arm-none-eabi/lib/thumb/v7e-m/fpv4-sp/softfp/libc_nano.a(lib_a-locale.o)
                                          0x9 (size before relaxing)
 .rodata.str1.1
                0x0000000000006275        0x2 /Applications/Simplicity Studio.app/Contents/Eclipse/developer/toolchains/gnu_arm/7.2_2017q4/bin/../lib/gcc/arm-none-eabi/7.2.1/../../../../arm-none-eabi/lib/thumb/v7e-m/fpv4-sp/softfp/libc_nano.a(lib_a-locale.o)
 .rodata._ctype_
                0x0000000000006277      0x101 /Applications/Simplicity Studio.app/Contents/Eclipse/developer/toolchains/gnu_arm/7.2_2017q4/bin/../lib/gcc/arm-none-eabi/7.2.1/../../../../arm-none-eabi/lib/thumb/v7e-m/fpv4-sp/softfp/libc_nano.a(lib_a-ctype_.o)
                0x0000000000006277                _ctype_
 *(.eh_frame*)
 .eh_frame      0x0000000000006378        0x0 /Applications/Simplicity Studio.app/Contents/Eclipse/developer/toolchains/gnu_arm/7.2_2017q4/bin/../lib/gcc/arm-none-eabi/7.2.1/thumb/v7e-m/fpv4-sp/softfp/crtbegin.o
 .eh_frame      0x0000000000006378        0x4 /Applications/Simplicity Studio.app/Contents/Eclipse/developer/toolchains/gnu_arm/7.2_2017q4/bin/../lib/gcc/arm-none-eabi/7.2.1/thumb/v7e-m/fpv4-sp/softfp/crtend.o

.glue_7         0x000000000000637c        0x0
 .glue_7        0x000000000000637c        0x0 linker stubs

.glue_7t        0x000000000000637c        0x0
 .glue_7t       0x000000000000637c        0x0 linker stubs

.vfp11_veneer   0x000000000000637c        0x0
 .vfp11_veneer  0x000000000000637c        0x0 linker stubs

.v4_bx          0x000000000000637c        0x0
 .v4_bx         0x000000000000637c        0x0 linker stubs

.iplt           0x000000000000637c        0x0
 .iplt          0x000000000000637c        0x0 /Applications/Simplicity Studio.app/Contents/Eclipse/developer/toolchains/gnu_arm/7.2_2017q4/bin/../lib/gcc/arm-none-eabi/7.2.1/thumb/v7e-m/fpv4-sp/softfp/crtbegin.o

.ARM.extab
 *(.ARM.extab* .gnu.linkonce.armextab.*)
                0x000000000000637c                __exidx_start = .

.ARM.exidx      0x000000000000637c        0x8
 *(.ARM.exidx* .gnu.linkonce.armexidx.*)
 .ARM.exidx     0x000000000000637c        0x8 /Applications/Simplicity Studio.app/Contents/Eclipse/developer/toolchains/gnu_arm/7.2_2017q4/bin/../lib/gcc/arm-none-eabi/7.2.1/../../../../arm-none-eabi/lib/thumb/v7e-m/fpv4-sp/softfp/crt0.o
                0x0000000000006384                __exidx_end = .
                0x0000000000006384                __etext = .

.rel.dyn        0x0000000000006384        0x0
 .rel.iplt      0x0000000000006384        0x0 /Applications/Simplicity Studio.app/Contents/Eclipse/developer/toolchains/gnu_arm/7.2_2017q4/bin/../lib/gcc/arm-none-eabi/7.2.1/thumb/v7e-m/fpv4-sp/softfp/crtbegin.o

.data           0x0000000020000000      0x1ec load address 0x0000000000006384
                0x0000000020000000                __data_start__ = .
 *(vtable)
 *(.data*)
 .data.SystemCoreClock
                0x0000000020000000        0x4 ./CMSIS/EFM32PG12B/system_efm32pg12b.o
                0x0000000020000000                SystemCoreClock
 .data.SystemHFXOClock
                0x0000000020000004        0x4 ./CMSIS/EFM32PG12B/system_efm32pg12b.o
 .data.SystemHfrcoFreq
                0x0000000020000008        0x4 ./CMSIS/EFM32PG12B/system_efm32pg12b.o
                0x0000000020000008                SystemHfrcoFreq
 .data.SystemLFXOClock
                0x000000002000000c        0x4 ./CMSIS/EFM32PG12B/system_efm32pg12b.o
 .data.auxHfrcoFreq
                0x0000000020000010        0x4 ./emlib/em_cmu.o
 .data._impure_ptr
                0x0000000020000014        0x4 /Applications/Simplicity Studio.app/Contents/Eclipse/developer/toolchains/gnu_arm/7.2_2017q4/bin/../lib/gcc/arm-none-eabi/7.2.1/../../../../arm-none-eabi/lib/thumb/v7e-m/fpv4-sp/softfp/libc_nano.a(lib_a-impure.o)
                0x0000000020000014                _impure_ptr
 .data.impure_data
                0x0000000020000018       0x60 /Applications/Simplicity Studio.app/Contents/Eclipse/developer/toolchains/gnu_arm/7.2_2017q4/bin/../lib/gcc/arm-none-eabi/7.2.1/../../../../arm-none-eabi/lib/thumb/v7e-m/fpv4-sp/softfp/libc_nano.a(lib_a-impure.o)
 .data.__global_locale
                0x0000000020000078      0x16c /Applications/Simplicity Studio.app/Contents/Eclipse/developer/toolchains/gnu_arm/7.2_2017q4/bin/../lib/gcc/arm-none-eabi/7.2.1/../../../../arm-none-eabi/lib/thumb/v7e-m/fpv4-sp/softfp/libc_nano.a(lib_a-locale.o)
                0x0000000020000078                __global_locale
                0x00000000200001e4                . = ALIGN (0x4)
 *(.ram)
                0x00000000200001e4                . = ALIGN (0x4)
                0x00000000200001e4                PROVIDE (__preinit_array_start, .)
 *(.preinit_array)
                0x00000000200001e4                PROVIDE (__preinit_array_end, .)
                0x00000000200001e4                . = ALIGN (0x4)
                0x00000000200001e4                PROVIDE (__init_array_start, .)
 *(SORT_BY_NAME(.init_array.*))
 *(.init_array)
 .init_array    0x00000000200001e4        0x4 /Applications/Simplicity Studio.app/Contents/Eclipse/developer/toolchains/gnu_arm/7.2_2017q4/bin/../lib/gcc/arm-none-eabi/7.2.1/thumb/v7e-m/fpv4-sp/softfp/crtbegin.o
                0x00000000200001e8                PROVIDE (__init_array_end, .)
                0x00000000200001e8                . = ALIGN (0x4)
                [!provide]                        PROVIDE (__fini_array_start, .)
 *(SORT_BY_NAME(.fini_array.*))
 *(.fini_array)
 .fini_array    0x00000000200001e8        0x4 /Applications/Simplicity Studio.app/Contents/Eclipse/developer/toolchains/gnu_arm/7.2_2017q4/bin/../lib/gcc/arm-none-eabi/7.2.1/thumb/v7e-m/fpv4-sp/softfp/crtbegin.o
                [!provide]                        PROVIDE (__fini_array_end, .)
 *(.jcr*)
                0x00000000200001ec                . = ALIGN (0x4)
                0x00000000200001ec                __data_end__ = .

.igot.plt       0x00000000200001ec        0x0 load address 0x0000000000006570
 .igot.plt      0x00000000200001ec        0x0 /Applications/Simplicity Studio.app/Contents/Eclipse/developer/toolchains/gnu_arm/7.2_2017q4/bin/../lib/gcc/arm-none-eabi/7.2.1/thumb/v7e-m/fpv4-sp/softfp/crtbegin.o

.bss            0x00000000200001ec       0xe4 load address 0x0000000000006570
                0x00000000200001ec                . = ALIGN (0x4)
                0x00000000200001ec                __bss_start__ = .
 *(.bss*)
 .bss           0x00000000200001ec       0x1c /Applications/Simplicity Studio.app/Contents/Eclipse/developer/toolchains/gnu_arm/7.2_2017q4/bin/../lib/gcc/arm-none-eabi/7.2.1/thumb/v7e-m/fpv4-sp/softfp/crtbegin.o
 .bss.cmuStatus.8075
                0x0000000020000208        0x4 ./emlib/em_emu.o
 .bss.dcdcEm01LoadCurrent_mA
                0x000000002000020c        0x2 ./emlib/em_emu.o
 .bss.dcdcMaxCurrent_mA
                0x000000002000020e        0x2 ./emlib/em_emu.o
 .bss.dcdcReverseCurrentControl
                0x0000000020000210        0x2 ./emlib/em_emu.o
 .bss.hfClock.8076
                0x0000000020000212        0x1 ./emlib/em_emu.o
 *fill*         0x0000000020000213        0x1 
 .bss.hfrcoCtrl.8078
                0x0000000020000214        0x4 ./emlib/em_emu.o
 .bss.vScaleEM01Config
                0x0000000020000218        0x1 ./emlib/em_emu.o
 .bss.vScaleStatus.8077
                0x0000000020000219        0x1 ./emlib/em_emu.o
 *fill*         0x000000002000021a        0x2 
 .bss.data      0x000000002000021c        0x4 ./src/Source_files/SI7021.o
 .bss.payload   0x0000000020000220       0x18 ./src/Source_files/i2c.o
 .bss.scheduled_comp0_evt
                0x0000000020000238        0x4 ./src/Source_files/letimer.o
 .bss.scheduled_comp1_evt
                0x000000002000023c        0x4 ./src/Source_files/letimer.o
 .bss.scheduled_uf_evt
                0x0000000020000240        0x4 ./src/Source_files/letimer.o
 .bss.payload   0x0000000020000244       0x60 ./src/Source_files/leuart.o
 .bss.tx_done_evt
                0x00000000200002a4        0x4 ./src/Source_files/leuart.o
 .bss.event_scheduled
                0x00000000200002a8        0x4 ./src/Source_files/scheduler.o
 .bss.lowest_energy_mode
                0x00000000200002ac       0x14 ./src/Source_files/sleep_routines.o
 .bss.__malloc_free_list
                0x00000000200002c0        0x4 /Applications/Simplicity Studio.app/Contents/Eclipse/developer/toolchains/gnu_arm/7.2_2017q4/bin/../lib/gcc/arm-none-eabi/7.2.1/../../../../arm-none-eabi/lib/thumb/v7e-m/fpv4-sp/softfp/libc_nano.a(lib_a-nano-mallocr.o)
                0x00000000200002c0                __malloc_free_list
 .bss.__malloc_sbrk_start
                0x00000000200002c4        0x4 /Applications/Simplicity Studio.app/Contents/Eclipse/developer/toolchains/gnu_arm/7.2_2017q4/bin/../lib/gcc/arm-none-eabi/7.2.1/../../../../arm-none-eabi/lib/thumb/v7e-m/fpv4-sp/softfp/libc_nano.a(lib_a-nano-mallocr.o)
                0x00000000200002c4                __malloc_sbrk_start
 .bss.heap_end.5377
                0x00000000200002c8        0x4 /Applications/Simplicity Studio.app/Contents/Eclipse/developer/toolchains/gnu_arm/7.2_2017q4/bin/../lib/gcc/arm-none-eabi/7.2.1/../../../../arm-none-eabi/lib/thumb/v7e-m/fpv4-sp/softfp/libnosys.a(sbrk.o)
 *(COMMON)
 COMMON         0x00000000200002cc        0x4 /Applications/Simplicity Studio.app/Contents/Eclipse/developer/toolchains/gnu_arm/7.2_2017q4/bin/../lib/gcc/arm-none-eabi/7.2.1/../../../../arm-none-eabi/lib/thumb/v7e-m/fpv4-sp/softfp/libc_nano.a(lib_a-reent.o)
                0x00000000200002cc                errno
                0x00000000200002d0                . = ALIGN (0x4)
                0x00000000200002d0                __bss_end__ = .

.heap           0x00000000200002d0      0xc00
                0x00000000200002d0                __HeapBase = .
                0x00000000200002d0                __end__ = .
                0x00000000200002d0                end = __end__
                0x00000000200002d0                _end = __end__
 *(.heap*)
 .heap          0x00000000200002d0      0xc00 ./CMSIS/EFM32PG12B/startup_gcc_efm32pg12b.o
                0x0000000020000ed0                __HeapLimit = .

.stack_dummy    0x00000000200002d0      0x400
 *(.stack*)
 .stack         0x00000000200002d0      0x400 ./CMSIS/EFM32PG12B/startup_gcc_efm32pg12b.o
                0x0000000020040000                __StackTop = (ORIGIN (RAM) + LENGTH (RAM))
                0x000000002003fc00                __StackLimit = (__StackTop - SIZEOF (.stack_dummy))
                0x0000000020040000                PROVIDE (__stack, __StackTop)
                0x0000000000000001                ASSERT ((__StackLimit >= __HeapLimit), region RAM overflowed with stack)
                0x0000000000000001                ASSERT ((LENGTH (FLASH) >= (__etext + SIZEOF (.data))), FLASH memory overflowed !)
OUTPUT(DW_UART_Lab.axf elf32-littlearm)

.ARM.attributes
                0x0000000000000000       0x2e
 .ARM.attributes
                0x0000000000000000       0x22 /Applications/Simplicity Studio.app/Contents/Eclipse/developer/toolchains/gnu_arm/7.2_2017q4/bin/../lib/gcc/arm-none-eabi/7.2.1/thumb/v7e-m/fpv4-sp/softfp/crti.o
 .ARM.attributes
                0x0000000000000022       0x32 /Applications/Simplicity Studio.app/Contents/Eclipse/developer/toolchains/gnu_arm/7.2_2017q4/bin/../lib/gcc/arm-none-eabi/7.2.1/thumb/v7e-m/fpv4-sp/softfp/crtbegin.o
 .ARM.attributes
                0x0000000000000054       0x20 /Applications/Simplicity Studio.app/Contents/Eclipse/developer/toolchains/gnu_arm/7.2_2017q4/bin/../lib/gcc/arm-none-eabi/7.2.1/../../../../arm-none-eabi/lib/thumb/v7e-m/fpv4-sp/softfp/crt0.o
 .ARM.attributes
                0x0000000000000074       0x1f ./CMSIS/EFM32PG12B/startup_gcc_efm32pg12b.o
 .ARM.attributes
                0x0000000000000093       0x37 ./CMSIS/EFM32PG12B/system_efm32pg12b.o
 .ARM.attributes
                0x00000000000000ca       0x37 ./emlib/em_assert.o
 .ARM.attributes
                0x0000000000000101       0x37 ./emlib/em_cmu.o
 .ARM.attributes
                0x0000000000000138       0x37 ./emlib/em_emu.o
 .ARM.attributes
                0x000000000000016f       0x37 ./emlib/em_gpio.o
 .ARM.attributes
                0x00000000000001a6       0x37 ./emlib/em_i2c.o
 .ARM.attributes
                0x00000000000001dd       0x37 ./emlib/em_letimer.o
 .ARM.attributes
                0x0000000000000214       0x37 ./emlib/em_leuart.o
 .ARM.attributes
                0x000000000000024b       0x37 ./src/Source_files/SI7021.o
 .ARM.attributes
                0x0000000000000282       0x37 ./src/Source_files/app.o
 .ARM.attributes
                0x00000000000002b9       0x37 ./src/Source_files/ble.o
 .ARM.attributes
                0x00000000000002f0       0x37 ./src/Source_files/cmu.o
 .ARM.attributes
                0x0000000000000327       0x37 ./src/Source_files/gpio.o
 .ARM.attributes
                0x000000000000035e       0x37 ./src/Source_files/i2c.o
 .ARM.attributes
                0x0000000000000395       0x37 ./src/Source_files/letimer.o
 .ARM.attributes
                0x00000000000003cc       0x37 ./src/Source_files/leuart.o
 .ARM.attributes
                0x0000000000000403       0x37 ./src/Source_files/scheduler.o
 .ARM.attributes
                0x000000000000043a       0x37 ./src/Source_files/sleep_routines.o
 .ARM.attributes
                0x0000000000000471       0x37 ./src/main.o
 .ARM.attributes
                0x00000000000004a8       0x22 /Applications/Simplicity Studio.app/Contents/Eclipse/developer/toolchains/gnu_arm/7.2_2017q4/bin/../lib/gcc/arm-none-eabi/7.2.1/thumb/v7e-m/fpv4-sp/softfp/libgcc.a(_arm_addsubdf3.o)
 .ARM.attributes
                0x00000000000004ca       0x22 /Applications/Simplicity Studio.app/Contents/Eclipse/developer/toolchains/gnu_arm/7.2_2017q4/bin/../lib/gcc/arm-none-eabi/7.2.1/thumb/v7e-m/fpv4-sp/softfp/libgcc.a(_arm_muldivdf3.o)
 .ARM.attributes
                0x00000000000004ec       0x22 /Applications/Simplicity Studio.app/Contents/Eclipse/developer/toolchains/gnu_arm/7.2_2017q4/bin/../lib/gcc/arm-none-eabi/7.2.1/thumb/v7e-m/fpv4-sp/softfp/libgcc.a(_arm_truncdfsf2.o)
 .ARM.attributes
                0x000000000000050e       0x32 /Applications/Simplicity Studio.app/Contents/Eclipse/developer/toolchains/gnu_arm/7.2_2017q4/bin/../lib/gcc/arm-none-eabi/7.2.1/../../../../arm-none-eabi/lib/thumb/v7e-m/fpv4-sp/softfp/libc_nano.a(lib_a-exit.o)
 .ARM.attributes
                0x0000000000000540       0x32 /Applications/Simplicity Studio.app/Contents/Eclipse/developer/toolchains/gnu_arm/7.2_2017q4/bin/../lib/gcc/arm-none-eabi/7.2.1/../../../../arm-none-eabi/lib/thumb/v7e-m/fpv4-sp/softfp/libc_nano.a(lib_a-impure.o)
 .ARM.attributes
                0x0000000000000572       0x32 /Applications/Simplicity Studio.app/Contents/Eclipse/developer/toolchains/gnu_arm/7.2_2017q4/bin/../lib/gcc/arm-none-eabi/7.2.1/../../../../arm-none-eabi/lib/thumb/v7e-m/fpv4-sp/softfp/libc_nano.a(lib_a-init.o)
 .ARM.attributes
                0x00000000000005a4       0x32 /Applications/Simplicity Studio.app/Contents/Eclipse/developer/toolchains/gnu_arm/7.2_2017q4/bin/../lib/gcc/arm-none-eabi/7.2.1/../../../../arm-none-eabi/lib/thumb/v7e-m/fpv4-sp/softfp/libc_nano.a(lib_a-memset.o)
 .ARM.attributes
                0x00000000000005d6       0x32 /Applications/Simplicity Studio.app/Contents/Eclipse/developer/toolchains/gnu_arm/7.2_2017q4/bin/../lib/gcc/arm-none-eabi/7.2.1/../../../../arm-none-eabi/lib/thumb/v7e-m/fpv4-sp/softfp/libc_nano.a(lib_a-nano-vfprintf_float.o)
 .ARM.attributes
                0x0000000000000608       0x32 /Applications/Simplicity Studio.app/Contents/Eclipse/developer/toolchains/gnu_arm/7.2_2017q4/bin/../lib/gcc/arm-none-eabi/7.2.1/../../../../arm-none-eabi/lib/thumb/v7e-m/fpv4-sp/softfp/libc_nano.a(lib_a-nano-vfprintf_i.o)
 .ARM.attributes
                0x000000000000063a       0x32 /Applications/Simplicity Studio.app/Contents/Eclipse/developer/toolchains/gnu_arm/7.2_2017q4/bin/../lib/gcc/arm-none-eabi/7.2.1/../../../../arm-none-eabi/lib/thumb/v7e-m/fpv4-sp/softfp/libc_nano.a(lib_a-sprintf.o)
 .ARM.attributes
                0x000000000000066c       0x32 /Applications/Simplicity Studio.app/Contents/Eclipse/developer/toolchains/gnu_arm/7.2_2017q4/bin/../lib/gcc/arm-none-eabi/7.2.1/../../../../arm-none-eabi/lib/thumb/v7e-m/fpv4-sp/softfp/libc_nano.a(lib_a-strcpy.o)
 .ARM.attributes
                0x000000000000069e       0x1b /Applications/Simplicity Studio.app/Contents/Eclipse/developer/toolchains/gnu_arm/7.2_2017q4/bin/../lib/gcc/arm-none-eabi/7.2.1/../../../../arm-none-eabi/lib/thumb/v7e-m/fpv4-sp/softfp/libc_nano.a(lib_a-strlen.o)
 .ARM.attributes
                0x00000000000006b9       0x32 /Applications/Simplicity Studio.app/Contents/Eclipse/developer/toolchains/gnu_arm/7.2_2017q4/bin/../lib/gcc/arm-none-eabi/7.2.1/../../../../arm-none-eabi/lib/thumb/v7e-m/fpv4-sp/softfp/libc_nano.a(lib_a-dtoa.o)
 .ARM.attributes
                0x00000000000006eb       0x32 /Applications/Simplicity Studio.app/Contents/Eclipse/developer/toolchains/gnu_arm/7.2_2017q4/bin/../lib/gcc/arm-none-eabi/7.2.1/../../../../arm-none-eabi/lib/thumb/v7e-m/fpv4-sp/softfp/libc_nano.a(lib_a-localeconv.o)
 .ARM.attributes
                0x000000000000071d       0x32 /Applications/Simplicity Studio.app/Contents/Eclipse/developer/toolchains/gnu_arm/7.2_2017q4/bin/../lib/gcc/arm-none-eabi/7.2.1/../../../../arm-none-eabi/lib/thumb/v7e-m/fpv4-sp/softfp/libc_nano.a(lib_a-malloc.o)
 .ARM.attributes
                0x000000000000074f       0x20 /Applications/Simplicity Studio.app/Contents/Eclipse/developer/toolchains/gnu_arm/7.2_2017q4/bin/../lib/gcc/arm-none-eabi/7.2.1/../../../../arm-none-eabi/lib/thumb/v7e-m/fpv4-sp/softfp/libc_nano.a(lib_a-memchr.o)
 .ARM.attributes
                0x000000000000076f       0x32 /Applications/Simplicity Studio.app/Contents/Eclipse/developer/toolchains/gnu_arm/7.2_2017q4/bin/../lib/gcc/arm-none-eabi/7.2.1/../../../../arm-none-eabi/lib/thumb/v7e-m/fpv4-sp/softfp/libc_nano.a(lib_a-memcpy-stub.o)
 .ARM.attributes
                0x00000000000007a1       0x32 /Applications/Simplicity Studio.app/Contents/Eclipse/developer/toolchains/gnu_arm/7.2_2017q4/bin/../lib/gcc/arm-none-eabi/7.2.1/../../../../arm-none-eabi/lib/thumb/v7e-m/fpv4-sp/softfp/libc_nano.a(lib_a-mprec.o)
 .ARM.attributes
                0x00000000000007d3       0x32 /Applications/Simplicity Studio.app/Contents/Eclipse/developer/toolchains/gnu_arm/7.2_2017q4/bin/../lib/gcc/arm-none-eabi/7.2.1/../../../../arm-none-eabi/lib/thumb/v7e-m/fpv4-sp/softfp/libc_nano.a(lib_a-nano-callocr.o)
 .ARM.attributes
                0x0000000000000805       0x32 /Applications/Simplicity Studio.app/Contents/Eclipse/developer/toolchains/gnu_arm/7.2_2017q4/bin/../lib/gcc/arm-none-eabi/7.2.1/../../../../arm-none-eabi/lib/thumb/v7e-m/fpv4-sp/softfp/libc_nano.a(lib_a-nano-freer.o)
 .ARM.attributes
                0x0000000000000837       0x32 /Applications/Simplicity Studio.app/Contents/Eclipse/developer/toolchains/gnu_arm/7.2_2017q4/bin/../lib/gcc/arm-none-eabi/7.2.1/../../../../arm-none-eabi/lib/thumb/v7e-m/fpv4-sp/softfp/libc_nano.a(lib_a-nano-mallocr.o)
 .ARM.attributes
                0x0000000000000869       0x32 /Applications/Simplicity Studio.app/Contents/Eclipse/developer/toolchains/gnu_arm/7.2_2017q4/bin/../lib/gcc/arm-none-eabi/7.2.1/../../../../arm-none-eabi/lib/thumb/v7e-m/fpv4-sp/softfp/libc_nano.a(lib_a-nano-svfprintf.o)
 .ARM.attributes
                0x000000000000089b       0x32 /Applications/Simplicity Studio.app/Contents/Eclipse/developer/toolchains/gnu_arm/7.2_2017q4/bin/../lib/gcc/arm-none-eabi/7.2.1/../../../../arm-none-eabi/lib/thumb/v7e-m/fpv4-sp/softfp/libc_nano.a(lib_a-sbrkr.o)
 .ARM.attributes
                0x00000000000008cd       0x32 /Applications/Simplicity Studio.app/Contents/Eclipse/developer/toolchains/gnu_arm/7.2_2017q4/bin/../lib/gcc/arm-none-eabi/7.2.1/../../../../arm-none-eabi/lib/thumb/v7e-m/fpv4-sp/softfp/libc_nano.a(lib_a-locale.o)
 .ARM.attributes
                0x00000000000008ff       0x32 /Applications/Simplicity Studio.app/Contents/Eclipse/developer/toolchains/gnu_arm/7.2_2017q4/bin/../lib/gcc/arm-none-eabi/7.2.1/../../../../arm-none-eabi/lib/thumb/v7e-m/fpv4-sp/softfp/libc_nano.a(lib_a-mbtowc_r.o)
 .ARM.attributes
                0x0000000000000931       0x32 /Applications/Simplicity Studio.app/Contents/Eclipse/developer/toolchains/gnu_arm/7.2_2017q4/bin/../lib/gcc/arm-none-eabi/7.2.1/../../../../arm-none-eabi/lib/thumb/v7e-m/fpv4-sp/softfp/libc_nano.a(lib_a-memmove.o)
 .ARM.attributes
                0x0000000000000963       0x32 /Applications/Simplicity Studio.app/Contents/Eclipse/developer/toolchains/gnu_arm/7.2_2017q4/bin/../lib/gcc/arm-none-eabi/7.2.1/../../../../arm-none-eabi/lib/thumb/v7e-m/fpv4-sp/softfp/libc_nano.a(lib_a-mlock.o)
 .ARM.attributes
                0x0000000000000995       0x32 /Applications/Simplicity Studio.app/Contents/Eclipse/developer/toolchains/gnu_arm/7.2_2017q4/bin/../lib/gcc/arm-none-eabi/7.2.1/../../../../arm-none-eabi/lib/thumb/v7e-m/fpv4-sp/softfp/libc_nano.a(lib_a-nano-reallocr.o)
 .ARM.attributes
                0x00000000000009c7       0x32 /Applications/Simplicity Studio.app/Contents/Eclipse/developer/toolchains/gnu_arm/7.2_2017q4/bin/../lib/gcc/arm-none-eabi/7.2.1/../../../../arm-none-eabi/lib/thumb/v7e-m/fpv4-sp/softfp/libc_nano.a(lib_a-reent.o)
 .ARM.attributes
                0x00000000000009f9       0x32 /Applications/Simplicity Studio.app/Contents/Eclipse/developer/toolchains/gnu_arm/7.2_2017q4/bin/../lib/gcc/arm-none-eabi/7.2.1/../../../../arm-none-eabi/lib/thumb/v7e-m/fpv4-sp/softfp/libc_nano.a(lib_a-wctomb_r.o)
 .ARM.attributes
                0x0000000000000a2b       0x32 /Applications/Simplicity Studio.app/Contents/Eclipse/developer/toolchains/gnu_arm/7.2_2017q4/bin/../lib/gcc/arm-none-eabi/7.2.1/../../../../arm-none-eabi/lib/thumb/v7e-m/fpv4-sp/softfp/libc_nano.a(lib_a-ctype_.o)
 .ARM.attributes
                0x0000000000000a5d       0x32 /Applications/Simplicity Studio.app/Contents/Eclipse/developer/toolchains/gnu_arm/7.2_2017q4/bin/../lib/gcc/arm-none-eabi/7.2.1/../../../../arm-none-eabi/lib/thumb/v7e-m/fpv4-sp/softfp/libc_nano.a(lib_a-nano-msizer.o)
 .ARM.attributes
                0x0000000000000a8f       0x32 /Applications/Simplicity Studio.app/Contents/Eclipse/developer/toolchains/gnu_arm/7.2_2017q4/bin/../lib/gcc/arm-none-eabi/7.2.1/../../../../arm-none-eabi/lib/thumb/v7e-m/fpv4-sp/softfp/libnosys.a(sbrk.o)
 .ARM.attributes
                0x0000000000000ac1       0x32 /Applications/Simplicity Studio.app/Contents/Eclipse/developer/toolchains/gnu_arm/7.2_2017q4/bin/../lib/gcc/arm-none-eabi/7.2.1/../../../../arm-none-eabi/lib/thumb/v7e-m/fpv4-sp/softfp/libnosys.a(_exit.o)
 .ARM.attributes
                0x0000000000000af3       0x22 /Applications/Simplicity Studio.app/Contents/Eclipse/developer/toolchains/gnu_arm/7.2_2017q4/bin/../lib/gcc/arm-none-eabi/7.2.1/thumb/v7e-m/fpv4-sp/softfp/libgcc.a(_arm_cmpdf2.o)
 .ARM.attributes
                0x0000000000000b15       0x22 /Applications/Simplicity Studio.app/Contents/Eclipse/developer/toolchains/gnu_arm/7.2_2017q4/bin/../lib/gcc/arm-none-eabi/7.2.1/thumb/v7e-m/fpv4-sp/softfp/libgcc.a(_arm_unorddf2.o)
 .ARM.attributes
                0x0000000000000b37       0x22 /Applications/Simplicity Studio.app/Contents/Eclipse/developer/toolchains/gnu_arm/7.2_2017q4/bin/../lib/gcc/arm-none-eabi/7.2.1/thumb/v7e-m/fpv4-sp/softfp/libgcc.a(_arm_fixdfsi.o)
 .ARM.attributes
                0x0000000000000b59       0x32 /Applications/Simplicity Studio.app/Contents/Eclipse/developer/toolchains/gnu_arm/7.2_2017q4/bin/../lib/gcc/arm-none-eabi/7.2.1/thumb/v7e-m/fpv4-sp/softfp/crtend.o
 .ARM.attributes
                0x0000000000000b8b       0x22 /Applications/Simplicity Studio.app/Contents/Eclipse/developer/toolchains/gnu_arm/7.2_2017q4/bin/../lib/gcc/arm-none-eabi/7.2.1/thumb/v7e-m/fpv4-sp/softfp/crtn.o

.comment        0x0000000000000000       0x7e
 .comment       0x0000000000000000       0x7e ./CMSIS/EFM32PG12B/system_efm32pg12b.o
                                         0x7f (size before relaxing)
 .comment       0x000000000000007e       0x7f ./emlib/em_assert.o
 .comment       0x000000000000007e       0x7f ./emlib/em_cmu.o
 .comment       0x000000000000007e       0x7f ./emlib/em_emu.o
 .comment       0x000000000000007e       0x7f ./emlib/em_gpio.o
 .comment       0x000000000000007e       0x7f ./emlib/em_i2c.o
 .comment       0x000000000000007e       0x7f ./emlib/em_letimer.o
 .comment       0x000000000000007e       0x7f ./emlib/em_leuart.o
 .comment       0x000000000000007e       0x7f ./src/Source_files/SI7021.o
 .comment       0x000000000000007e       0x7f ./src/Source_files/app.o
 .comment       0x000000000000007e       0x7f ./src/Source_files/ble.o
 .comment       0x000000000000007e       0x7f ./src/Source_files/cmu.o
 .comment       0x000000000000007e       0x7f ./src/Source_files/gpio.o
 .comment       0x000000000000007e       0x7f ./src/Source_files/i2c.o
 .comment       0x000000000000007e       0x7f ./src/Source_files/letimer.o
 .comment       0x000000000000007e       0x7f ./src/Source_files/leuart.o
 .comment       0x000000000000007e       0x7f ./src/Source_files/scheduler.o
 .comment       0x000000000000007e       0x7f ./src/Source_files/sleep_routines.o
 .comment       0x000000000000007e       0x7f ./src/main.o

.debug_line     0x0000000000000000     0xde92
 .debug_line    0x0000000000000000       0x78 ./CMSIS/EFM32PG12B/startup_gcc_efm32pg12b.o
 .debug_line    0x0000000000000078      0x92b ./CMSIS/EFM32PG12B/system_efm32pg12b.o
 .debug_line    0x00000000000009a3      0x14f ./emlib/em_assert.o
 .debug_line    0x0000000000000af2     0x1ab6 ./emlib/em_cmu.o
 .debug_line    0x00000000000025a8     0x136a ./emlib/em_emu.o
 .debug_line    0x0000000000003912      0xc01 ./emlib/em_gpio.o
 .debug_line    0x0000000000004513      0xcdd ./emlib/em_i2c.o
 .debug_line    0x00000000000051f0      0xac9 ./emlib/em_letimer.o
 .debug_line    0x0000000000005cb9      0xafb ./emlib/em_leuart.o
 .debug_line    0x00000000000067b4      0x9fe ./src/Source_files/SI7021.o
 .debug_line    0x00000000000071b2      0xb01 ./src/Source_files/app.o
 .debug_line    0x0000000000007cb3      0xb2e ./src/Source_files/ble.o
 .debug_line    0x00000000000087e1      0x953 ./src/Source_files/cmu.o
 .debug_line    0x0000000000009134      0x95b ./src/Source_files/gpio.o
 .debug_line    0x0000000000009a8f      0xcfd ./src/Source_files/i2c.o
 .debug_line    0x000000000000a78c      0xa95 ./src/Source_files/letimer.o
 .debug_line    0x000000000000b221      0xc42 ./src/Source_files/leuart.o
 .debug_line    0x000000000000be63      0x9c1 ./src/Source_files/scheduler.o
 .debug_line    0x000000000000c824      0x9e2 ./src/Source_files/sleep_routines.o
 .debug_line    0x000000000000d206      0xc8c ./src/main.o

.debug_info     0x0000000000000000    0x14106
 .debug_info    0x0000000000000000       0x26 ./CMSIS/EFM32PG12B/startup_gcc_efm32pg12b.o
 .debug_info    0x0000000000000026      0x96c ./CMSIS/EFM32PG12B/system_efm32pg12b.o
 .debug_info    0x0000000000000992       0x7b ./emlib/em_assert.o
 .debug_info    0x0000000000000a0d     0x466f ./emlib/em_cmu.o
 .debug_info    0x000000000000507c     0x32a4 ./emlib/em_emu.o
 .debug_info    0x0000000000008320     0x1096 ./emlib/em_gpio.o
 .debug_info    0x00000000000093b6      0xf30 ./emlib/em_i2c.o
 .debug_info    0x000000000000a2e6      0x732 ./emlib/em_letimer.o
 .debug_info    0x000000000000aa18      0xc9d ./emlib/em_leuart.o
 .debug_info    0x000000000000b6b5      0x469 ./src/Source_files/SI7021.o
 .debug_info    0x000000000000bb1e      0xb03 ./src/Source_files/app.o
 .debug_info    0x000000000000c621     0x1310 ./src/Source_files/ble.o
 .debug_info    0x000000000000d931      0x400 ./src/Source_files/cmu.o
 .debug_info    0x000000000000dd31      0x50b ./src/Source_files/gpio.o
 .debug_info    0x000000000000e23c     0x166c ./src/Source_files/i2c.o
 .debug_info    0x000000000000f8a8      0xb36 ./src/Source_files/letimer.o
 .debug_info    0x00000000000103de     0x190e ./src/Source_files/leuart.o
 .debug_info    0x0000000000011cec      0x1bc ./src/Source_files/scheduler.o
 .debug_info    0x0000000000011ea8      0x401 ./src/Source_files/sleep_routines.o
 .debug_info    0x00000000000122a9     0x1e5d ./src/main.o

.debug_abbrev   0x0000000000000000     0x301a
 .debug_abbrev  0x0000000000000000       0x14 ./CMSIS/EFM32PG12B/startup_gcc_efm32pg12b.o
 .debug_abbrev  0x0000000000000014      0x218 ./CMSIS/EFM32PG12B/system_efm32pg12b.o
 .debug_abbrev  0x000000000000022c       0x68 ./emlib/em_assert.o
 .debug_abbrev  0x0000000000000294      0x4db ./emlib/em_cmu.o
 .debug_abbrev  0x000000000000076f      0x4a6 ./emlib/em_emu.o
 .debug_abbrev  0x0000000000000c15      0x2b3 ./emlib/em_gpio.o
 .debug_abbrev  0x0000000000000ec8      0x3ac ./emlib/em_i2c.o
 .debug_abbrev  0x0000000000001274      0x29e ./emlib/em_letimer.o
 .debug_abbrev  0x0000000000001512      0x372 ./emlib/em_leuart.o
 .debug_abbrev  0x0000000000001884      0x13b ./src/Source_files/SI7021.o
 .debug_abbrev  0x00000000000019bf      0x2ab ./src/Source_files/app.o
 .debug_abbrev  0x0000000000001c6a      0x2b6 ./src/Source_files/ble.o
 .debug_abbrev  0x0000000000001f20       0xdb ./src/Source_files/cmu.o
 .debug_abbrev  0x0000000000001ffb       0xdb ./src/Source_files/gpio.o
 .debug_abbrev  0x00000000000020d6      0x3da ./src/Source_files/i2c.o
 .debug_abbrev  0x00000000000024b0      0x26e ./src/Source_files/letimer.o
 .debug_abbrev  0x000000000000271e      0x3ed ./src/Source_files/leuart.o
 .debug_abbrev  0x0000000000002b0b       0xed ./src/Source_files/scheduler.o
 .debug_abbrev  0x0000000000002bf8      0x17c ./src/Source_files/sleep_routines.o
 .debug_abbrev  0x0000000000002d74      0x2a6 ./src/main.o

.debug_aranges  0x0000000000000000      0x6f8
 .debug_aranges
                0x0000000000000000       0x20 ./CMSIS/EFM32PG12B/startup_gcc_efm32pg12b.o
 .debug_aranges
                0x0000000000000020       0x68 ./CMSIS/EFM32PG12B/system_efm32pg12b.o
 .debug_aranges
                0x0000000000000088       0x20 ./emlib/em_assert.o
 .debug_aranges
                0x00000000000000a8      0x128 ./emlib/em_cmu.o
 .debug_aranges
                0x00000000000001d0      0x128 ./emlib/em_emu.o
 .debug_aranges
                0x00000000000002f8       0x48 ./emlib/em_gpio.o
 .debug_aranges
                0x0000000000000340       0x50 ./emlib/em_i2c.o
 .debug_aranges
                0x0000000000000390       0x60 ./emlib/em_letimer.o
 .debug_aranges
                0x00000000000003f0       0x80 ./emlib/em_leuart.o
 .debug_aranges
                0x0000000000000470       0x30 ./src/Source_files/SI7021.o
 .debug_aranges
                0x00000000000004a0       0x58 ./src/Source_files/app.o
 .debug_aranges
                0x00000000000004f8       0x30 ./src/Source_files/ble.o
 .debug_aranges
                0x0000000000000528       0x20 ./src/Source_files/cmu.o
 .debug_aranges
                0x0000000000000548       0x20 ./src/Source_files/gpio.o
 .debug_aranges
                0x0000000000000568       0x68 ./src/Source_files/i2c.o
 .debug_aranges
                0x00000000000005d0       0x30 ./src/Source_files/letimer.o
 .debug_aranges
                0x0000000000000600       0x60 ./src/Source_files/leuart.o
 .debug_aranges
                0x0000000000000660       0x38 ./src/Source_files/scheduler.o
 .debug_aranges
                0x0000000000000698       0x40 ./src/Source_files/sleep_routines.o
 .debug_aranges
                0x00000000000006d8       0x20 ./src/main.o

.debug_str      0x0000000000000000   0x1599ad
 .debug_str     0x0000000000000000       0x90 ./CMSIS/EFM32PG12B/startup_gcc_efm32pg12b.o
 .debug_str     0x0000000000000090   0x14e3e9 ./CMSIS/EFM32PG12B/system_efm32pg12b.o
                                     0x14f319 (size before relaxing)
 .debug_str     0x000000000014e479       0xb8 ./emlib/em_assert.o
                                       0x2dc3 (size before relaxing)
 .debug_str     0x000000000014e531     0x4de2 ./emlib/em_cmu.o
                                     0x1541b6 (size before relaxing)
 .debug_str     0x0000000000153313     0x1137 ./emlib/em_emu.o
                                     0x15437e (size before relaxing)
 .debug_str     0x000000000015444a      0x4a5 ./emlib/em_gpio.o
                                     0x14fd84 (size before relaxing)
 .debug_str     0x00000000001548ef      0x51d ./emlib/em_i2c.o
                                     0x1527dd (size before relaxing)
 .debug_str     0x0000000000154e0c      0x31c ./emlib/em_letimer.o
                                     0x1506f5 (size before relaxing)
 .debug_str     0x0000000000155128      0x2fe ./emlib/em_leuart.o
                                     0x150a26 (size before relaxing)
 .debug_str     0x0000000000155426      0xb71 ./src/Source_files/SI7021.o
                                     0x151785 (size before relaxing)
 .debug_str     0x0000000000155f97      0x66b ./src/Source_files/app.o
                                     0x152206 (size before relaxing)
 .debug_str     0x0000000000156602     0x1987 ./src/Source_files/ble.o
                                     0x15324e (size before relaxing)
 .debug_str     0x0000000000157f89       0x1a ./src/Source_files/cmu.o
                                     0x1507b0 (size before relaxing)
 .debug_str     0x0000000000157fa3       0x1b ./src/Source_files/gpio.o
                                     0x150a99 (size before relaxing)
 .debug_str     0x0000000000157fbe      0x3ab ./src/Source_files/i2c.o
                                     0x151c1b (size before relaxing)
 .debug_str     0x0000000000158369       0x91 ./src/Source_files/letimer.o
                                     0x151a0c (size before relaxing)
 .debug_str     0x00000000001583fa      0x14a ./src/Source_files/leuart.o
                                     0x154c02 (size before relaxing)
 .debug_str     0x0000000000158544       0x30 ./src/Source_files/scheduler.o
                                     0x150422 (size before relaxing)
 .debug_str     0x0000000000158574       0x6b ./src/Source_files/sleep_routines.o
                                     0x14fc9d (size before relaxing)
 .debug_str     0x00000000001585df     0x13ce ./src/main.o
                                     0x156f1a (size before relaxing)

.debug_loc      0x0000000000000000     0xa4df
 .debug_loc     0x0000000000000000       0xe6 ./CMSIS/EFM32PG12B/system_efm32pg12b.o
 .debug_loc     0x00000000000000e6     0x4146 ./emlib/em_cmu.o
 .debug_loc     0x000000000000422c     0x1f3f ./emlib/em_emu.o
 .debug_loc     0x000000000000616b      0xf89 ./emlib/em_gpio.o
 .debug_loc     0x00000000000070f4      0xd20 ./emlib/em_i2c.o
 .debug_loc     0x0000000000007e14      0x60f ./emlib/em_letimer.o
 .debug_loc     0x0000000000008423      0x6d3 ./emlib/em_leuart.o
 .debug_loc     0x0000000000008af6      0x115 ./src/Source_files/SI7021.o
 .debug_loc     0x0000000000008c0b      0x21b ./src/Source_files/app.o
 .debug_loc     0x0000000000008e26      0x41a ./src/Source_files/ble.o
 .debug_loc     0x0000000000009240       0x2c ./src/Source_files/cmu.o
 .debug_loc     0x000000000000926c       0x2c ./src/Source_files/gpio.o
 .debug_loc     0x0000000000009298      0xca1 ./src/Source_files/i2c.o
 .debug_loc     0x0000000000009f39      0x218 ./src/Source_files/letimer.o
 .debug_loc     0x000000000000a151      0x30b ./src/Source_files/leuart.o
 .debug_loc     0x000000000000a45c       0x57 ./src/Source_files/sleep_routines.o
 .debug_loc     0x000000000000a4b3       0x2c ./src/main.o

.debug_ranges   0x0000000000000000     0x1918
 .debug_ranges  0x0000000000000000       0x58 ./CMSIS/EFM32PG12B/system_efm32pg12b.o
 .debug_ranges  0x0000000000000058       0x10 ./emlib/em_assert.o
 .debug_ranges  0x0000000000000068      0x830 ./emlib/em_cmu.o
 .debug_ranges  0x0000000000000898      0x4c0 ./emlib/em_emu.o
 .debug_ranges  0x0000000000000d58      0x368 ./emlib/em_gpio.o
 .debug_ranges  0x00000000000010c0      0x130 ./emlib/em_i2c.o
 .debug_ranges  0x00000000000011f0       0x80 ./emlib/em_letimer.o
 .debug_ranges  0x0000000000001270      0x118 ./emlib/em_leuart.o
 .debug_ranges  0x0000000000001388       0x20 ./src/Source_files/SI7021.o
 .debug_ranges  0x00000000000013a8       0x48 ./src/Source_files/app.o
 .debug_ranges  0x00000000000013f0       0x20 ./src/Source_files/ble.o
 .debug_ranges  0x0000000000001410       0x10 ./src/Source_files/cmu.o
 .debug_ranges  0x0000000000001420       0x10 ./src/Source_files/gpio.o
 .debug_ranges  0x0000000000001430      0x2d0 ./src/Source_files/i2c.o
 .debug_ranges  0x0000000000001700       0x50 ./src/Source_files/letimer.o
 .debug_ranges  0x0000000000001750      0x128 ./src/Source_files/leuart.o
 .debug_ranges  0x0000000000001878       0x28 ./src/Source_files/scheduler.o
 .debug_ranges  0x00000000000018a0       0x30 ./src/Source_files/sleep_routines.o
 .debug_ranges  0x00000000000018d0       0x48 ./src/main.o

.debug_macro    0x0000000000000000    0x347a6
 .debug_macro   0x0000000000000000      0x282 ./CMSIS/EFM32PG12B/system_efm32pg12b.o
 .debug_macro   0x0000000000000282      0xa54 ./CMSIS/EFM32PG12B/system_efm32pg12b.o
 .debug_macro   0x0000000000000cd6       0x22 ./CMSIS/EFM32PG12B/system_efm32pg12b.o
 .debug_macro   0x0000000000000cf8       0x4f ./CMSIS/EFM32PG12B/system_efm32pg12b.o
 .debug_macro   0x0000000000000d47       0x51 ./CMSIS/EFM32PG12B/system_efm32pg12b.o
 .debug_macro   0x0000000000000d98       0xef ./CMSIS/EFM32PG12B/system_efm32pg12b.o
 .debug_macro   0x0000000000000e87       0x6a ./CMSIS/EFM32PG12B/system_efm32pg12b.o
 .debug_macro   0x0000000000000ef1      0x1df ./CMSIS/EFM32PG12B/system_efm32pg12b.o
 .debug_macro   0x00000000000010d0      0x4b1 ./CMSIS/EFM32PG12B/system_efm32pg12b.o
 .debug_macro   0x0000000000001581       0x1c ./CMSIS/EFM32PG12B/system_efm32pg12b.o
 .debug_macro   0x000000000000159d       0x22 ./CMSIS/EFM32PG12B/system_efm32pg12b.o
 .debug_macro   0x00000000000015bf       0xdf ./CMSIS/EFM32PG12B/system_efm32pg12b.o
 .debug_macro   0x000000000000169e      0xff5 ./CMSIS/EFM32PG12B/system_efm32pg12b.o
 .debug_macro   0x0000000000002693       0xe2 ./CMSIS/EFM32PG12B/system_efm32pg12b.o
 .debug_macro   0x0000000000002775      0xe1d ./CMSIS/EFM32PG12B/system_efm32pg12b.o
 .debug_macro   0x0000000000003592     0x2276 ./CMSIS/EFM32PG12B/system_efm32pg12b.o
 .debug_macro   0x0000000000005808      0x32a ./CMSIS/EFM32PG12B/system_efm32pg12b.o
 .debug_macro   0x0000000000005b32     0x3119 ./CMSIS/EFM32PG12B/system_efm32pg12b.o
 .debug_macro   0x0000000000008c4b     0x1bbb ./CMSIS/EFM32PG12B/system_efm32pg12b.o
 .debug_macro   0x000000000000a806     0x2675 ./CMSIS/EFM32PG12B/system_efm32pg12b.o
 .debug_macro   0x000000000000ce7b     0x1b1a ./CMSIS/EFM32PG12B/system_efm32pg12b.o
 .debug_macro   0x000000000000e995      0xe2c ./CMSIS/EFM32PG12B/system_efm32pg12b.o
 .debug_macro   0x000000000000f7c1      0x345 ./CMSIS/EFM32PG12B/system_efm32pg12b.o
 .debug_macro   0x000000000000fb06      0x29e ./CMSIS/EFM32PG12B/system_efm32pg12b.o
 .debug_macro   0x000000000000fda4     0x2764 ./CMSIS/EFM32PG12B/system_efm32pg12b.o
 .debug_macro   0x0000000000012508     0x31cd ./CMSIS/EFM32PG12B/system_efm32pg12b.o
 .debug_macro   0x00000000000156d5     0x136c ./CMSIS/EFM32PG12B/system_efm32pg12b.o
 .debug_macro   0x0000000000016a41      0xde3 ./CMSIS/EFM32PG12B/system_efm32pg12b.o
 .debug_macro   0x0000000000017824      0x249 ./CMSIS/EFM32PG12B/system_efm32pg12b.o
 .debug_macro   0x0000000000017a6d     0x1043 ./CMSIS/EFM32PG12B/system_efm32pg12b.o
 .debug_macro   0x0000000000018ab0     0x1606 ./CMSIS/EFM32PG12B/system_efm32pg12b.o
 .debug_macro   0x000000000001a0b6     0x3cb8 ./CMSIS/EFM32PG12B/system_efm32pg12b.o
 .debug_macro   0x000000000001dd6e     0x23fd ./CMSIS/EFM32PG12B/system_efm32pg12b.o
 .debug_macro   0x000000000002016b      0x70d ./CMSIS/EFM32PG12B/system_efm32pg12b.o
 .debug_macro   0x0000000000020878     0x26f0 ./CMSIS/EFM32PG12B/system_efm32pg12b.o
 .debug_macro   0x0000000000022f68     0x1701 ./CMSIS/EFM32PG12B/system_efm32pg12b.o
 .debug_macro   0x0000000000024669     0x2efc ./CMSIS/EFM32PG12B/system_efm32pg12b.o
 .debug_macro   0x0000000000027565      0xfb0 ./CMSIS/EFM32PG12B/system_efm32pg12b.o
 .debug_macro   0x0000000000028515      0x6c4 ./CMSIS/EFM32PG12B/system_efm32pg12b.o
 .debug_macro   0x0000000000028bd9     0x1022 ./CMSIS/EFM32PG12B/system_efm32pg12b.o
 .debug_macro   0x0000000000029bfb      0x889 ./CMSIS/EFM32PG12B/system_efm32pg12b.o
 .debug_macro   0x000000000002a484      0x500 ./CMSIS/EFM32PG12B/system_efm32pg12b.o
 .debug_macro   0x000000000002a984     0x1bc5 ./CMSIS/EFM32PG12B/system_efm32pg12b.o
 .debug_macro   0x000000000002c549       0x40 ./CMSIS/EFM32PG12B/system_efm32pg12b.o
 .debug_macro   0x000000000002c589      0x2ce ./CMSIS/EFM32PG12B/system_efm32pg12b.o
 .debug_macro   0x000000000002c857      0x382 ./CMSIS/EFM32PG12B/system_efm32pg12b.o
 .debug_macro   0x000000000002cbd9      0x190 ./CMSIS/EFM32PG12B/system_efm32pg12b.o
 .debug_macro   0x000000000002cd69     0x27bf ./CMSIS/EFM32PG12B/system_efm32pg12b.o
 .debug_macro   0x000000000002f528      0x304 ./CMSIS/EFM32PG12B/system_efm32pg12b.o
 .debug_macro   0x000000000002f82c      0x304 ./CMSIS/EFM32PG12B/system_efm32pg12b.o
 .debug_macro   0x000000000002fb30       0x23 ./emlib/em_assert.o
 .debug_macro   0x000000000002fb53      0x3a5 ./emlib/em_cmu.o
 .debug_macro   0x000000000002fef8       0x58 ./emlib/em_cmu.o
 .debug_macro   0x000000000002ff50      0x34d ./emlib/em_cmu.o
 .debug_macro   0x000000000003029d       0x25 ./emlib/em_cmu.o
 .debug_macro   0x00000000000302c2       0xee ./emlib/em_cmu.o
 .debug_macro   0x00000000000303b0       0x80 ./emlib/em_cmu.o
 .debug_macro   0x0000000000030430      0x391 ./emlib/em_emu.o
 .debug_macro   0x00000000000307c1       0x52 ./emlib/em_emu.o
 .debug_macro   0x0000000000030813       0x55 ./emlib/em_emu.o
 .debug_macro   0x0000000000030868      0x353 ./emlib/em_emu.o
 .debug_macro   0x0000000000030bbb       0xd9 ./emlib/em_emu.o
 .debug_macro   0x0000000000030c94       0x7a ./emlib/em_emu.o
 .debug_macro   0x0000000000030d0e      0x295 ./emlib/em_gpio.o
 .debug_macro   0x0000000000030fa3      0x315 ./emlib/em_i2c.o
 .debug_macro   0x00000000000312b8       0x3f ./emlib/em_i2c.o
 .debug_macro   0x00000000000312f7      0x2b8 ./emlib/em_letimer.o
 .debug_macro   0x00000000000315af      0x2ac ./emlib/em_leuart.o
 .debug_macro   0x000000000003185b      0x314 ./src/Source_files/SI7021.o
 .debug_macro   0x0000000000031b6f       0x58 ./src/Source_files/SI7021.o
 .debug_macro   0x0000000000031bc7       0x34 ./src/Source_files/SI7021.o
 .debug_macro   0x0000000000031bfb       0x1c ./src/Source_files/SI7021.o
 .debug_macro   0x0000000000031c17       0x82 ./src/Source_files/SI7021.o
 .debug_macro   0x0000000000031c99      0x38c ./src/Source_files/app.o
 .debug_macro   0x0000000000032025       0x10 ./src/Source_files/app.o
 .debug_macro   0x0000000000032035       0x10 ./src/Source_files/app.o
 .debug_macro   0x0000000000032045       0x45 ./src/Source_files/app.o
 .debug_macro   0x000000000003208a       0x10 ./src/Source_files/app.o
 .debug_macro   0x000000000003209a       0x16 ./src/Source_files/app.o
 .debug_macro   0x00000000000320b0       0x52 ./src/Source_files/app.o
 .debug_macro   0x0000000000032102       0x4c ./src/Source_files/app.o
 .debug_macro   0x000000000003214e      0x395 ./src/Source_files/ble.o
 .debug_macro   0x00000000000324e3      0x296 ./src/Source_files/cmu.o
 .debug_macro   0x0000000000032779      0x2ab ./src/Source_files/gpio.o
 .debug_macro   0x0000000000032a24      0x2f8 ./src/Source_files/i2c.o
 .debug_macro   0x0000000000032d1c      0x2f2 ./src/Source_files/letimer.o
 .debug_macro   0x000000000003300e      0x3a3 ./src/Source_files/leuart.o
 .debug_macro   0x00000000000333b1       0x57 ./src/Source_files/leuart.o
 .debug_macro   0x0000000000033408      0x2aa ./src/Source_files/scheduler.o
 .debug_macro   0x00000000000336b2      0x2ba ./src/Source_files/sleep_routines.o
 .debug_macro   0x000000000003396c      0x4c7 ./src/main.o
 .debug_macro   0x0000000000033e33       0x16 ./src/main.o
 .debug_macro   0x0000000000033e49       0x97 ./src/main.o
 .debug_macro   0x0000000000033ee0       0xf6 ./src/main.o
 .debug_macro   0x0000000000033fd6       0x10 ./src/main.o
 .debug_macro   0x0000000000033fe6       0x10 ./src/main.o
 .debug_macro   0x0000000000033ff6       0xb6 ./src/main.o
 .debug_macro   0x00000000000340ac       0x16 ./src/main.o
 .debug_macro   0x00000000000340c2      0x129 ./src/main.o
 .debug_macro   0x00000000000341eb       0xd6 ./src/main.o
 .debug_macro   0x00000000000342c1       0x76 ./src/main.o
 .debug_macro   0x0000000000034337       0xf1 ./src/main.o
 .debug_macro   0x0000000000034428       0x3a ./src/main.o
 .debug_macro   0x0000000000034462      0x344 ./src/main.o

.debug_frame    0x0000000000000000     0x1dcc
 .debug_frame   0x0000000000000000       0xc8 ./CMSIS/EFM32PG12B/system_efm32pg12b.o
 .debug_frame   0x00000000000000c8       0x20 ./emlib/em_assert.o
 .debug_frame   0x00000000000000e8      0x468 ./emlib/em_cmu.o
 .debug_frame   0x0000000000000550      0x3b0 ./emlib/em_emu.o
 .debug_frame   0x0000000000000900       0xc0 ./emlib/em_gpio.o
 .debug_frame   0x00000000000009c0       0xf8 ./emlib/em_i2c.o
 .debug_frame   0x0000000000000ab8      0x100 ./emlib/em_letimer.o
 .debug_frame   0x0000000000000bb8      0x120 ./emlib/em_leuart.o
 .debug_frame   0x0000000000000cd8       0x64 ./src/Source_files/SI7021.o
 .debug_frame   0x0000000000000d3c       0xec ./src/Source_files/app.o
 .debug_frame   0x0000000000000e28       0x80 ./src/Source_files/ble.o
 .debug_frame   0x0000000000000ea8       0x2c ./src/Source_files/cmu.o
 .debug_frame   0x0000000000000ed4       0x30 ./src/Source_files/gpio.o
 .debug_frame   0x0000000000000f04      0x188 ./src/Source_files/i2c.o
 .debug_frame   0x000000000000108c       0x8c ./src/Source_files/letimer.o
 .debug_frame   0x0000000000001118       0xec ./src/Source_files/leuart.o
 .debug_frame   0x0000000000001204       0x50 ./src/Source_files/scheduler.o
 .debug_frame   0x0000000000001254       0x60 ./src/Source_files/sleep_routines.o
 .debug_frame   0x00000000000012b4       0x2c ./src/main.o
 .debug_frame   0x00000000000012e0       0xac /Applications/Simplicity Studio.app/Contents/Eclipse/developer/toolchains/gnu_arm/7.2_2017q4/bin/../lib/gcc/arm-none-eabi/7.2.1/thumb/v7e-m/fpv4-sp/softfp/libgcc.a(_arm_addsubdf3.o)
 .debug_frame   0x000000000000138c       0x50 /Applications/Simplicity Studio.app/Contents/Eclipse/developer/toolchains/gnu_arm/7.2_2017q4/bin/../lib/gcc/arm-none-eabi/7.2.1/thumb/v7e-m/fpv4-sp/softfp/libgcc.a(_arm_muldivdf3.o)
 .debug_frame   0x00000000000013dc       0x24 /Applications/Simplicity Studio.app/Contents/Eclipse/developer/toolchains/gnu_arm/7.2_2017q4/bin/../lib/gcc/arm-none-eabi/7.2.1/thumb/v7e-m/fpv4-sp/softfp/libgcc.a(_arm_truncdfsf2.o)
 .debug_frame   0x0000000000001400       0x28 /Applications/Simplicity Studio.app/Contents/Eclipse/developer/toolchains/gnu_arm/7.2_2017q4/bin/../lib/gcc/arm-none-eabi/7.2.1/../../../../arm-none-eabi/lib/thumb/v7e-m/fpv4-sp/softfp/libc_nano.a(lib_a-exit.o)
 .debug_frame   0x0000000000001428       0x2c /Applications/Simplicity Studio.app/Contents/Eclipse/developer/toolchains/gnu_arm/7.2_2017q4/bin/../lib/gcc/arm-none-eabi/7.2.1/../../../../arm-none-eabi/lib/thumb/v7e-m/fpv4-sp/softfp/libc_nano.a(lib_a-init.o)
 .debug_frame   0x0000000000001454       0x20 /Applications/Simplicity Studio.app/Contents/Eclipse/developer/toolchains/gnu_arm/7.2_2017q4/bin/../lib/gcc/arm-none-eabi/7.2.1/../../../../arm-none-eabi/lib/thumb/v7e-m/fpv4-sp/softfp/libc_nano.a(lib_a-memset.o)