Archive member included to satisfy reference by file (symbol)

/Applications/Simplicity Studio.app/Contents/Eclipse/developer/toolchains/gnu_arm/7.2_2017q4/bin/../lib/gcc/arm-none-eabi/7.2.1/thumb/v7e-m/fpv4-sp/softfp/libgcc.a(_aeabi_uldivmod.o)
                              ./emlib/em_usart.o (__aeabi_uldivmod)
/Applications/Simplicity Studio.app/Contents/Eclipse/developer/toolchains/gnu_arm/7.2_2017q4/bin/../lib/gcc/arm-none-eabi/7.2.1/thumb/v7e-m/fpv4-sp/softfp/libgcc.a(_udivmoddi4.o)
                              /Applications/Simplicity Studio.app/Contents/Eclipse/developer/toolchains/gnu_arm/7.2_2017q4/bin/../lib/gcc/arm-none-eabi/7.2.1/thumb/v7e-m/fpv4-sp/softfp/libgcc.a(_aeabi_uldivmod.o) (__udivmoddi4)
/Applications/Simplicity Studio.app/Contents/Eclipse/developer/toolchains/gnu_arm/7.2_2017q4/bin/../lib/gcc/arm-none-eabi/7.2.1/thumb/v7e-m/fpv4-sp/softfp/libgcc.a(_dvmd_tls.o)
                              /Applications/Simplicity Studio.app/Contents/Eclipse/developer/toolchains/gnu_arm/7.2_2017q4/bin/../lib/gcc/arm-none-eabi/7.2.1/thumb/v7e-m/fpv4-sp/softfp/libgcc.a(_aeabi_uldivmod.o) (__aeabi_ldiv0)
/Applications/Simplicity Studio.app/Contents/Eclipse/developer/toolchains/gnu_arm/7.2_2017q4/bin/../lib/gcc/arm-none-eabi/7.2.1/../../../../arm-none-eabi/lib/thumb/v7e-m/fpv4-sp/softfp/libc_nano.a(lib_a-exit.o)
                              /Applications/Simplicity Studio.app/Contents/Eclipse/developer/toolchains/gnu_arm/7.2_2017q4/bin/../lib/gcc/arm-none-eabi/7.2.1/../../../../arm-none-eabi/lib/thumb/v7e-m/fpv4-sp/softfp/crt0.o (exit)
/Applications/Simplicity Studio.app/Contents/Eclipse/developer/toolchains/gnu_arm/7.2_2017q4/bin/../lib/gcc/arm-none-eabi/7.2.1/../../../../arm-none-eabi/lib/thumb/v7e-m/fpv4-sp/softfp/libc_nano.a(lib_a-impure.o)
                              /Applications/Simplicity Studio.app/Contents/Eclipse/developer/toolchains/gnu_arm/7.2_2017q4/bin/../lib/gcc/arm-none-eabi/7.2.1/../../../../arm-none-eabi/lib/thumb/v7e-m/fpv4-sp/softfp/libc_nano.a(lib_a-exit.o) (_global_impure_ptr)
/Applications/Simplicity Studio.app/Contents/Eclipse/developer/toolchains/gnu_arm/7.2_2017q4/bin/../lib/gcc/arm-none-eabi/7.2.1/../../../../arm-none-eabi/lib/thumb/v7e-m/fpv4-sp/softfp/libc_nano.a(lib_a-init.o)
                              /Applications/Simplicity Studio.app/Contents/Eclipse/developer/toolchains/gnu_arm/7.2_2017q4/bin/../lib/gcc/arm-none-eabi/7.2.1/../../../../arm-none-eabi/lib/thumb/v7e-m/fpv4-sp/softfp/crt0.o (__libc_init_array)
/Applications/Simplicity Studio.app/Contents/Eclipse/developer/toolchains/gnu_arm/7.2_2017q4/bin/../lib/gcc/arm-none-eabi/7.2.1/../../../../arm-none-eabi/lib/thumb/v7e-m/fpv4-sp/softfp/libc_nano.a(lib_a-memcpy-stub.o)
                              ./emlib/em_crypto.o (memcpy)
/Applications/Simplicity Studio.app/Contents/Eclipse/developer/toolchains/gnu_arm/7.2_2017q4/bin/../lib/gcc/arm-none-eabi/7.2.1/../../../../arm-none-eabi/lib/thumb/v7e-m/fpv4-sp/softfp/libc_nano.a(lib_a-memset.o)
                              /Applications/Simplicity Studio.app/Contents/Eclipse/developer/toolchains/gnu_arm/7.2_2017q4/bin/../lib/gcc/arm-none-eabi/7.2.1/../../../../arm-none-eabi/lib/thumb/v7e-m/fpv4-sp/softfp/crt0.o (memset)
/Applications/Simplicity Studio.app/Contents/Eclipse/developer/toolchains/gnu_arm/7.2_2017q4/bin/../lib/gcc/arm-none-eabi/7.2.1/../../../../arm-none-eabi/lib/thumb/v7e-m/fpv4-sp/softfp/libnosys.a(_exit.o)
                              /Applications/Simplicity Studio.app/Contents/Eclipse/developer/toolchains/gnu_arm/7.2_2017q4/bin/../lib/gcc/arm-none-eabi/7.2.1/../../../../arm-none-eabi/lib/thumb/v7e-m/fpv4-sp/softfp/libc_nano.a(lib_a-exit.o) (_exit)

Discarded input sections

 .text          0x0000000000000000        0x0 /Applications/Simplicity Studio.app/Contents/Eclipse/developer/toolchains/gnu_arm/7.2_2017q4/bin/../lib/gcc/arm-none-eabi/7.2.1/thumb/v7e-m/fpv4-sp/softfp/crti.o
 .data          0x0000000000000000        0x0 /Applications/Simplicity Studio.app/Contents/Eclipse/developer/toolchains/gnu_arm/7.2_2017q4/bin/../lib/gcc/arm-none-eabi/7.2.1/thumb/v7e-m/fpv4-sp/softfp/crti.o
 .bss           0x0000000000000000        0x0 /Applications/Simplicity Studio.app/Contents/Eclipse/developer/toolchains/gnu_arm/7.2_2017q4/bin/../lib/gcc/arm-none-eabi/7.2.1/thumb/v7e-m/fpv4-sp/softfp/crti.o
 .data          0x0000000000000000        0x4 /Applications/Simplicity Studio.app/Contents/Eclipse/developer/toolchains/gnu_arm/7.2_2017q4/bin/../lib/gcc/arm-none-eabi/7.2.1/thumb/v7e-m/fpv4-sp/softfp/crtbegin.o
 .data          0x0000000000000000        0x0 /Applications/Simplicity Studio.app/Contents/Eclipse/developer/toolchains/gnu_arm/7.2_2017q4/bin/../lib/gcc/arm-none-eabi/7.2.1/../../../../arm-none-eabi/lib/thumb/v7e-m/fpv4-sp/softfp/crt0.o
[...]
Memory Configuration

Name             Origin             Length             Attributes
FLASH            0x0000000000000000 0x0000000000100000 xr
RAM              0x0000000020000000 0x0000000000040000 xrw
*default*        0x0000000000000000 0xffffffffffffffff

Linker script and memory map

LOAD /Applications/Simplicity Studio.app/Contents/Eclipse/developer/toolchains/gnu_arm/7.2_2017q4/bin/../lib/gcc/arm-none-eabi/7.2.1/thumb/v7e-m/fpv4-sp/softfp/crti.o
LOAD /Applications/Simplicity Studio.app/Contents/Eclipse/developer/toolchains/gnu_arm/7.2_2017q4/bin/../lib/gcc/arm-none-eabi/7.2.1/thumb/v7e-m/fpv4-sp/softfp/crtbegin.o
LOAD /Applications/Simplicity Studio.app/Contents/Eclipse/developer/toolchains/gnu_arm/7.2_2017q4/bin/../lib/gcc/arm-none-eabi/7.2.1/../../../../arm-none-eabi/lib/thumb/v7e-m/fpv4-sp/softfp/crt0.o
LOAD ./CMSIS/EFM32PG12B/startup_gcc_efm32pg12b.o
LOAD ./CMSIS/EFM32PG12B/system_efm32pg12b.o
LOAD ./emlib/em_acmp.o
LOAD ./emlib/em_adc.o
LOAD ./emlib/em_aes.o
LOAD ./emlib/em_assert.o
LOAD ./emlib/em_burtc.o
LOAD ./emlib/em_can.o
LOAD ./emlib/em_cmu.o
LOAD ./emlib/em_core.o
LOAD ./emlib/em_cryotimer.o
LOAD ./emlib/em_crypto.o
LOAD ./emlib/em_csen.o
LOAD ./emlib/em_dac.o
LOAD ./emlib/em_dbg.o
LOAD ./emlib/em_dma.o
LOAD ./emlib/em_ebi.o
LOAD ./emlib/em_emu.o
LOAD ./emlib/em_gpcrc.o
LOAD ./emlib/em_gpio.o
LOAD ./emlib/em_i2c.o
LOAD ./emlib/em_iadc.o
LOAD ./emlib/em_idac.o
LOAD ./emlib/em_int.o
LOAD ./emlib/em_lcd.o
LOAD ./emlib/em_ldma.o
LOAD ./emlib/em_lesense.o
LOAD ./emlib/em_letimer.o
LOAD ./emlib/em_leuart.o
LOAD ./emlib/em_mpu.o
LOAD ./emlib/em_msc.o
LOAD ./emlib/em_opamp.o
LOAD ./emlib/em_pcnt.o
LOAD ./emlib/em_pdm.o
LOAD ./emlib/em_prs.o
LOAD ./emlib/em_qspi.o
LOAD ./emlib/em_rmu.o
LOAD ./emlib/em_rtc.o
LOAD ./emlib/em_rtcc.o
LOAD ./emlib/em_se.o
LOAD ./emlib/em_system.o
LOAD ./emlib/em_timer.o
LOAD ./emlib/em_usart.o
LOAD ./emlib/em_vcmp.o
LOAD ./emlib/em_vdac.o
LOAD ./emlib/em_wdog.o
LOAD ./src/Source_files/app.o
LOAD ./src/Source_files/cmu.o
LOAD ./src/Source_files/gpio.o
LOAD ./src/Source_files/letimer.o
LOAD ./src/Source_files/scheduler.o
LOAD ./src/Source_files/sleep_routines.o
LOAD ./src/main.o
START GROUP
LOAD /Applications/Simplicity Studio.app/Contents/Eclipse/developer/toolchains/gnu_arm/7.2_2017q4/bin/../lib/gcc/arm-none-eabi/7.2.1/thumb/v7e-m/fpv4-sp/softfp/libgcc.a
LOAD /Applications/Simplicity Studio.app/Contents/Eclipse/developer/toolchains/gnu_arm/7.2_2017q4/bin/../lib/gcc/arm-none-eabi/7.2.1/../../../../arm-none-eabi/lib/thumb/v7e-m/fpv4-sp/softfp/libc_nano.a
LOAD /Applications/Simplicity Studio.app/Contents/Eclipse/developer/toolchains/gnu_arm/7.2_2017q4/bin/../lib/gcc/arm-none-eabi/7.2.1/../../../../arm-none-eabi/lib/thumb/v7e-m/fpv4-sp/softfp/libnosys.a
END GROUP
START GROUP
LOAD /Applications/Simplicity Studio.app/Contents/Eclipse/developer/toolchains/gnu_arm/7.2_2017q4/bin/../lib/gcc/arm-none-eabi/7.2.1/thumb/v7e-m/fpv4-sp/softfp/libgcc.a
LOAD /Applications/Simplicity Studio.app/Contents/Eclipse/developer/toolchains/gnu_arm/7.2_2017q4/bin/../lib/gcc/arm-none-eabi/7.2.1/../../../../arm-none-eabi/lib/thumb/v7e-m/fpv4-sp/softfp/libg_nano.a
LOAD /Applications/Simplicity Studio.app/Contents/Eclipse/developer/toolchains/gnu_arm/7.2_2017q4/bin/../lib/gcc/arm-none-eabi/7.2.1/../../../../arm-none-eabi/lib/thumb/v7e-m/fpv4-sp/softfp/libc_nano.a
END GROUP
START GROUP
LOAD /Applications/Simplicity Studio.app/Contents/Eclipse/developer/toolchains/gnu_arm/7.2_2017q4/bin/../lib/gcc/arm-none-eabi/7.2.1/thumb/v7e-m/fpv4-sp/softfp/libgcc.a
LOAD /Applications/Simplicity Studio.app/Contents/Eclipse/developer/toolchains/gnu_arm/7.2_2017q4/bin/../lib/gcc/arm-none-eabi/7.2.1/../../../../arm-none-eabi/lib/thumb/v7e-m/fpv4-sp/softfp/libc_nano.a
END GROUP
LOAD /Applications/Simplicity Studio.app/Contents/Eclipse/developer/toolchains/gnu_arm/7.2_2017q4/bin/../lib/gcc/arm-none-eabi/7.2.1/thumb/v7e-m/fpv4-sp/softfp/crtend.o
LOAD /Applications/Simplicity Studio.app/Contents/Eclipse/developer/toolchains/gnu_arm/7.2_2017q4/bin/../lib/gcc/arm-none-eabi/7.2.1/thumb/v7e-m/fpv4-sp/softfp/crtn.o

.text           0x0000000000000000     0x3870
 *(.vectors)
 .vectors       0x0000000000000000      0x10c ./CMSIS/EFM32PG12B/startup_gcc_efm32pg12b.o
                0x0000000000000000                __Vectors
                0x000000000000010c                __Vectors_End = .
                0x000000000000010c                __Vectors_Size = (__Vectors_End - __Vectors)
                0x000000000000010c                __end__ = .
 *(.text*)
 .text          0x000000000000010c       0x40 /Applications/Simplicity Studio.app/Contents/Eclipse/developer/toolchains/gnu_arm/7.2_2017q4/bin/../lib/gcc/arm-none-eabi/7.2.1/thumb/v7e-m/fpv4-sp/softfp/crtbegin.o
 .text          0x000000000000014c       0x74 /Applications/Simplicity Studio.app/Contents/Eclipse/developer/toolchains/gnu_arm/7.2_2017q4/bin/../lib/gcc/arm-none-eabi/7.2.1/../../../../arm-none-eabi/lib/thumb/v7e-m/fpv4-sp/softfp/crt0.o
                0x000000000000014c                _mainCRTStartup
                0x000000000000014c                _start
 .text          0x00000000000001c0       0x30 ./CMSIS/EFM32PG12B/startup_gcc_efm32pg12b.o
                0x00000000000001c0                Reset_Handler
                0x00000000000001ec                USART0_TX_IRQHandler
                0x00000000000001ec                I2C0_IRQHandler
                0x00000000000001ec                HardFault_Handler
                0x00000000000001ec                SysTick_Handler
                0x00000000000001ec                USART1_RX_IRQHandler
                0x00000000000001ec                PendSV_Handler
                0x00000000000001ec                NMI_Handler
                0x00000000000001ec                I2C1_IRQHandler
                0x00000000000001ec                WTIMER0_IRQHandler
                0x00000000000001ec                CRYPTO0_IRQHandler
                0x00000000000001ec                WDOG0_IRQHandler
                0x00000000000001ec                USART1_TX_IRQHandler
                0x00000000000001ec                SMU_IRQHandler
                0x00000000000001ec                MSC_IRQHandler
                0x00000000000001ec                ADC0_IRQHandler
                0x00000000000001ec                UsageFault_Handler
                0x00000000000001ec                WDOG1_IRQHandler
                0x00000000000001ec                LEUART0_IRQHandler
                0x00000000000001ec                FPUEH_IRQHandler
                0x00000000000001ec                WTIMER1_IRQHandler
                0x00000000000001ec                GPIO_EVEN_IRQHandler
                0x00000000000001ec                VDAC0_IRQHandler
                0x00000000000001ec                LDMA_IRQHandler
                0x00000000000001ec                CSEN_IRQHandler
                0x00000000000001ec                CRYPTO1_IRQHandler
                0x00000000000001ec                TIMER0_IRQHandler
                0x00000000000001ec                PCNT2_IRQHandler
                0x00000000000001ec                TIMER1_IRQHandler
                0x00000000000001ec                TRNG0_IRQHandler
                0x00000000000001ec                USART2_RX_IRQHandler
                0x00000000000001ec                Default_Handler
                0x00000000000001ec                EMU_IRQHandler
                0x00000000000001ec                CRYOTIMER_IRQHandler
                0x00000000000001ec                PCNT0_IRQHandler
                0x00000000000001ec                PCNT1_IRQHandler
                0x00000000000001ec                ACMP0_IRQHandler
                0x00000000000001ec                USART0_RX_IRQHandler
                0x00000000000001ec                MemManage_Handler
                0x00000000000001ec                SVC_Handler
                0x00000000000001ec                USART3_RX_IRQHandler
                0x00000000000001ec                RTCC_IRQHandler
                0x00000000000001ec                CMU_IRQHandler
                0x00000000000001ec                LESENSE_IRQHandler
                0x00000000000001ec                GPIO_ODD_IRQHandler
                0x00000000000001ec                USART3_TX_IRQHandler
                0x00000000000001ec                BusFault_Handler
                0x00000000000001ec                USART2_TX_IRQHandler
                0x00000000000001ec                DebugMon_Handler
                0x00000000000001ec                IDAC0_IRQHandler
 .text.SystemCoreClockGet
                0x00000000000001f0       0x40 ./CMSIS/EFM32PG12B/system_efm32pg12b.o
                0x00000000000001f0                SystemCoreClockGet
 .text.SystemMaxCoreClockGet
                0x0000000000000230       0x14 ./CMSIS/EFM32PG12B/system_efm32pg12b.o
                0x0000000000000230                SystemMaxCoreClockGet
 .text.SystemHFClockGet
                0x0000000000000244       0x70 ./CMSIS/EFM32PG12B/system_efm32pg12b.o
                0x0000000000000244                SystemHFClockGet
 .text.SystemHFXOClockGet
                0x00000000000002b4       0x18 ./CMSIS/EFM32PG12B/system_efm32pg12b.o
                0x00000000000002b4                SystemHFXOClockGet
 .text.SystemInit
                0x00000000000002cc       0x2c ./CMSIS/EFM32PG12B/system_efm32pg12b.o
                0x00000000000002cc                SystemInit
 .text.SystemLFRCOClockGet
                0x00000000000002f8       0x12 ./CMSIS/EFM32PG12B/system_efm32pg12b.o
                0x00000000000002f8                SystemLFRCOClockGet
 .text.SystemULFRCOClockGet
                0x000000000000030a       0x12 ./CMSIS/EFM32PG12B/system_efm32pg12b.o
                0x000000000000030a                SystemULFRCOClockGet
 .text.SystemLFXOClockGet
                0x000000000000031c       0x18 ./CMSIS/EFM32PG12B/system_efm32pg12b.o
                0x000000000000031c                SystemLFXOClockGet
 .text.assertEFM
                0x0000000000000334        0xc ./emlib/em_assert.o
                0x0000000000000334                assertEFM
 .text.BUS_RegBitWrite
                0x0000000000000340       0x2e ./emlib/em_cmu.o
 .text.BUS_RegBitRead
                0x000000000000036e       0x2a ./emlib/em_cmu.o
 .text.CMU_Log2ToDiv
                0x0000000000000398       0x2c ./emlib/em_cmu.o
 .text.EMU_VScaleWait
                0x00000000000003c4       0x1c ./emlib/em_cmu.o
 .text.EMU_VScaleGet
                0x00000000000003e0       0x1c ./emlib/em_cmu.o
 .text.setHfLeConfig
                0x00000000000003fc       0x64 ./emlib/em_cmu.o
 .text.auxClkGet
                0x0000000000000460       0x20 ./emlib/em_cmu.o
 .text.hfSrcClkGet
                0x0000000000000480       0x2c ./emlib/em_cmu.o
 .text.dbgClkGet
                0x00000000000004ac       0x4c ./emlib/em_cmu.o
 .text.adcAsyncClkGet
                0x00000000000004f8       0x98 ./emlib/em_cmu.o
 .text.flashWaitStateControl
                0x0000000000000590       0x98 ./emlib/em_cmu.o
 .text.flashWaitStateMax
                0x0000000000000628       0x44 ./emlib/em_cmu.o
 .text.CMU_UpdateWaitStates
                0x000000000000066c       0x40 ./emlib/em_cmu.o
                0x000000000000066c                CMU_UpdateWaitStates
 .text.getRegIshUpperVal
                0x00000000000006ac       0x36 ./emlib/em_cmu.o
 *fill*         0x00000000000006e2        0x2 
 .text.getHfxoTuningMode
                0x00000000000006e4       0x1c ./emlib/em_cmu.o
 .text.setHfxoTuningMode
                0x0000000000000700       0x2c ./emlib/em_cmu.o
 .text.lfClkGet
                0x000000000000072c      0x114 ./emlib/em_cmu.o
 .text.syncReg  0x0000000000000840       0x38 ./emlib/em_cmu.o
 .text.hfperClkSafePrescaler
                0x0000000000000878        0xe ./emlib/em_cmu.o
 .text.hfperClkOptimizedPrescaler
                0x0000000000000886        0xe ./emlib/em_cmu.o
 .text.CMU_ClockEnable
                0x0000000000000894       0xd8 ./emlib/em_cmu.o
                0x0000000000000894                CMU_ClockEnable
 .text.CMU_ClockFreqGet
                0x000000000000096c      0x218 ./emlib/em_cmu.o
                0x000000000000096c                CMU_ClockFreqGet
 .text.CMU_ClockSelectGet
                0x0000000000000b84      0x1c8 ./emlib/em_cmu.o
                0x0000000000000b84                CMU_ClockSelectGet
 .text.CMU_ClockSelectSet
                0x0000000000000d4c      0x350 ./emlib/em_cmu.o
                0x0000000000000d4c                CMU_ClockSelectSet
 .text.CMU_HFRCODevinfoGet
                0x000000000000109c       0xdc ./emlib/em_cmu.o
 .text.CMU_HFRCOBandGet
                0x0000000000001178       0x18 ./emlib/em_cmu.o
                0x0000000000001178                CMU_HFRCOBandGet
 .text.CMU_HFRCOBandSet
                0x0000000000001190      0x180 ./emlib/em_cmu.o
                0x0000000000001190                CMU_HFRCOBandSet
 .text.CMU_HFXOInit
                0x0000000000001310      0x104 ./emlib/em_cmu.o
                0x0000000000001310                CMU_HFXOInit
 .text.CMU_OscillatorEnable
                0x0000000000001414      0x1bc ./emlib/em_cmu.o
                0x0000000000001414                CMU_OscillatorEnable
 .text.CMU_OscillatorTuningGet
                0x00000000000015d0       0x7c ./emlib/em_cmu.o
                0x00000000000015d0                CMU_OscillatorTuningGet
 .text.CMU_OscillatorTuningSet
                0x000000000000164c      0x154 ./emlib/em_cmu.o
                0x000000000000164c                CMU_OscillatorTuningSet
 .text.CMU_OscillatorTuningWait
                0x00000000000017a0       0xb4 ./emlib/em_cmu.o
                0x00000000000017a0                CMU_OscillatorTuningWait
 .text.CMU_OscillatorTuningOptimize
                0x0000000000001854       0x64 ./emlib/em_cmu.o
                0x0000000000001854                CMU_OscillatorTuningOptimize
 .text.SystemCoreClockUpdate
                0x00000000000018b8        0xc ./emlib/em_emu.o
 .text.BUS_RegBitWrite
                0x00000000000018c4       0x2e ./emlib/em_emu.o
 .text.BUS_RegBitRead
                0x00000000000018f2       0x2a ./emlib/em_emu.o
 .text.EMU_VScaleWait
                0x000000000000191c       0x1c ./emlib/em_emu.o
 .text.EMU_VScaleGet
                0x0000000000001938       0x1c ./emlib/em_emu.o
 .text.EMU_IntClear
                0x0000000000001954       0x20 ./emlib/em_emu.o
 .text.EMU_IntGet
                0x0000000000001974       0x18 ./emlib/em_emu.o
 .text.CMU_Lock
                0x000000000000198c       0x1c ./emlib/em_emu.o
 .text.CMU_Unlock
                0x00000000000019a8       0x1c ./emlib/em_emu.o
 .text.vScaleEM01Cmd
                0x00000000000019c4       0x22 ./emlib/em_emu.o
 *fill*         0x00000000000019e6        0x2 
 .text.emState  0x00000000000019e8      0x150 ./emlib/em_emu.o
 .text.vScaleDownEM23Setup
                0x0000000000001b38       0x50 ./emlib/em_emu.o
 .text.vScaleAfterWakeup
                0x0000000000001b88       0x48 ./emlib/em_emu.o
 .text.EMU_EnterEM2
                0x0000000000001bd0       0x4c ./emlib/em_emu.o
                0x0000000000001bd0                EMU_EnterEM2
 .text.EMU_EnterEM3
                0x0000000000001c1c       0x68 ./emlib/em_emu.o
                0x0000000000001c1c                EMU_EnterEM3
 .text.EMU_VScaleEM01ByClock
                0x0000000000001c84       0x70 ./emlib/em_emu.o
                0x0000000000001c84                EMU_VScaleEM01ByClock
 .text.EMU_VScaleEM01
                0x0000000000001cf4       0xa0 ./emlib/em_emu.o
                0x0000000000001cf4                EMU_VScaleEM01
 .text.EMU_EM23Init
                0x0000000000001d94       0x50 ./emlib/em_emu.o
                0x0000000000001d94                EMU_EM23Init
 .text.dcdcConstCalibrationLoad
                0x0000000000001de4       0x10 ./emlib/em_emu.o
 .text.dcdcValidatedConfigSet
                0x0000000000001df4       0x40 ./emlib/em_emu.o
 .text.currentLimitersUpdate
                0x0000000000001e34      0x124 ./emlib/em_emu.o
 .text.userCurrentLimitsSet
                0x0000000000001f58       0x30 ./emlib/em_emu.o
 .text.compCtrlSet
                0x0000000000001f88       0x4c ./emlib/em_emu.o
 .text.lpCmpHystCalibrationLoad
                0x0000000000001fd4       0xec ./emlib/em_emu.o
 .text.lpGetDevinfoVrefLowHigh
                0x00000000000020c0      0x164 ./emlib/em_emu.o
 .text.EMU_DCDCModeSet
                0x0000000000002224       0xf0 ./emlib/em_emu.o
                0x0000000000002224                EMU_DCDCModeSet
 .text.EMU_DCDCInit
                0x0000000000002314      0x1c8 ./emlib/em_emu.o
                0x0000000000002314                EMU_DCDCInit
 .text.EMU_DCDCOutputVoltageSet
                0x00000000000024dc      0x2d8 ./emlib/em_emu.o
                0x00000000000024dc                EMU_DCDCOutputVoltageSet
 .text.EMU_DCDCOptimizeSlice
                0x00000000000027b4       0xe8 ./emlib/em_emu.o
                0x00000000000027b4                EMU_DCDCOptimizeSlice
 .text.EMU_DCDCLnRcoBandSet
                0x000000000000289c       0x64 ./emlib/em_emu.o
                0x000000000000289c                EMU_DCDCLnRcoBandSet
 .text.BUS_RegMaskedSet
                0x0000000000002900       0x24 ./emlib/em_gpio.o
 .text.BUS_RegMaskedClear
                0x0000000000002924       0x24 ./emlib/em_gpio.o
 .text.BUS_RegMaskedWrite
                0x0000000000002948       0x24 ./emlib/em_gpio.o
 .text.GPIO_PinOutClear
                0x000000000000296c       0xd0 ./emlib/em_gpio.o
 .text.GPIO_PinOutSet
                0x0000000000002a3c       0xd0 ./emlib/em_gpio.o
 .text.GPIO_DriveStrengthSet
                0x0000000000002b0c       0x8c ./emlib/em_gpio.o
                0x0000000000002b0c                GPIO_DriveStrengthSet
 .text.GPIO_PinModeSet
                0x0000000000002b98      0x18c ./emlib/em_gpio.o
                0x0000000000002b98                GPIO_PinModeSet
 .text.LETIMER_Enable
                0x0000000000002d24       0x40 ./emlib/em_letimer.o
                0x0000000000002d24                LETIMER_Enable
 .text.LETIMER_Init
                0x0000000000002d64       0xf8 ./emlib/em_letimer.o
                0x0000000000002d64                LETIMER_Init
 .text.app_peripheral_setup
                0x0000000000002e5c       0x28 ./src/Source_files/app.o
                0x0000000000002e5c                app_peripheral_setup
 .text.app_letimer_pwm_open
                0x0000000000002e84       0x60 ./src/Source_files/app.o
                0x0000000000002e84                app_letimer_pwm_open
 .text.scheduled_letimer0_uf_evt
                0x0000000000002ee4       0x54 ./src/Source_files/app.o
                0x0000000000002ee4                scheduled_letimer0_uf_evt
 .text.scheduled_letimer0_comp0_evt
                0x0000000000002f38       0x1c ./src/Source_files/app.o
                0x0000000000002f38                scheduled_letimer0_comp0_evt
 .text.scheduled_letimer0_comp1_evt
                0x0000000000002f54       0x1c ./src/Source_files/app.o
                0x0000000000002f54                scheduled_letimer0_comp1_evt
 .text.cmu_open
                0x0000000000002f70       0x40 ./src/Source_files/cmu.o
                0x0000000000002f70                cmu_open
 .text.gpio_open
                0x0000000000002fb0       0x3c ./src/Source_files/gpio.o
                0x0000000000002fb0                gpio_open
 .text.__NVIC_EnableIRQ
                0x0000000000002fec       0x3c ./src/Source_files/letimer.o
 .text.letimer_pwm_open
                0x0000000000003028      0x174 ./src/Source_files/letimer.o
                0x0000000000003028                letimer_pwm_open
 .text.LETIMER0_IRQHandler
                0x000000000000319c       0xac ./src/Source_files/letimer.o
                0x000000000000319c                LETIMER0_IRQHandler
 .text.letimer_start
                0x0000000000003248       0x64 ./src/Source_files/letimer.o
                0x0000000000003248                letimer_start
 .text.scheduler_open
                0x00000000000032ac       0x18 ./src/Source_files/scheduler.o
                0x00000000000032ac                scheduler_open
 .text.add_scheduled_event
                0x00000000000032c4       0x28 ./src/Source_files/scheduler.o
                0x00000000000032c4                add_scheduled_event
 .text.remove_scheduled_event
                0x00000000000032ec       0x2c ./src/Source_files/scheduler.o
                0x00000000000032ec                remove_scheduled_event
 .text.get_scheduled_event
                0x0000000000003318       0x18 ./src/Source_files/scheduler.o
                0x0000000000003318                get_scheduled_event
 .text.EMU_EnterEM1
                0x0000000000003330       0x20 ./src/Source_files/sleep_routines.o
 .text.sleep_open
                0x0000000000003350       0x34 ./src/Source_files/sleep_routines.o
                0x0000000000003350                sleep_open
 .text.sleep_block_mode
                0x0000000000003384       0x38 ./src/Source_files/sleep_routines.o
                0x0000000000003384                sleep_block_mode
 .text.sleep_unblock_mode
                0x00000000000033bc       0x38 ./src/Source_files/sleep_routines.o
                0x00000000000033bc                sleep_unblock_mode
 .text.enter_sleep
                0x00000000000033f4       0x48 ./src/Source_files/sleep_routines.o
                0x00000000000033f4                enter_sleep
 .text.current_block_energy_mode
                0x000000000000343c       0x3c ./src/Source_files/sleep_routines.o
                0x000000000000343c                current_block_energy_mode
 .text.SYSTEM_GetProdRev
                0x0000000000003478       0x1c ./src/main.o
 .text.CHIP_Init
                0x0000000000003494       0x74 ./src/main.o
 .text.main     0x0000000000003508       0xd0 ./src/main.o
                0x0000000000003508                main
 .text.exit     0x00000000000035d8       0x28 /Applications/Simplicity Studio.app/Contents/Eclipse/developer/toolchains/gnu_arm/7.2_2017q4/bin/../lib/gcc/arm-none-eabi/7.2.1/../../../../arm-none-eabi/lib/thumb/v7e-m/fpv4-sp/softfp/libc_nano.a(lib_a-exit.o)
                0x00000000000035d8                exit
 .text.__libc_init_array
                0x0000000000003600       0x48 /Applications/Simplicity Studio.app/Contents/Eclipse/developer/toolchains/gnu_arm/7.2_2017q4/bin/../lib/gcc/arm-none-eabi/7.2.1/../../../../arm-none-eabi/lib/thumb/v7e-m/fpv4-sp/softfp/libc_nano.a(lib_a-init.o)
                0x0000000000003600                __libc_init_array
 .text.memset   0x0000000000003648       0x10 /Applications/Simplicity Studio.app/Contents/Eclipse/developer/toolchains/gnu_arm/7.2_2017q4/bin/../lib/gcc/arm-none-eabi/7.2.1/../../../../arm-none-eabi/lib/thumb/v7e-m/fpv4-sp/softfp/libc_nano.a(lib_a-memset.o)
                0x0000000000003648                memset
 .text._exit    0x0000000000003658        0x4 /Applications/Simplicity Studio.app/Contents/Eclipse/developer/toolchains/gnu_arm/7.2_2017q4/bin/../lib/gcc/arm-none-eabi/7.2.1/../../../../arm-none-eabi/lib/thumb/v7e-m/fpv4-sp/softfp/libnosys.a(_exit.o)
                0x0000000000003658                _exit
 *(.init)
 .init          0x000000000000365c        0x4 /Applications/Simplicity Studio.app/Contents/Eclipse/developer/toolchains/gnu_arm/7.2_2017q4/bin/../lib/gcc/arm-none-eabi/7.2.1/thumb/v7e-m/fpv4-sp/softfp/crti.o
                0x000000000000365c                _init
 .init          0x0000000000003660        0x8 /Applications/Simplicity Studio.app/Contents/Eclipse/developer/toolchains/gnu_arm/7.2_2017q4/bin/../lib/gcc/arm-none-eabi/7.2.1/thumb/v7e-m/fpv4-sp/softfp/crtn.o
 *(.fini)
 .fini          0x0000000000003668        0x4 /Applications/Simplicity Studio.app/Contents/Eclipse/developer/toolchains/gnu_arm/7.2_2017q4/bin/../lib/gcc/arm-none-eabi/7.2.1/thumb/v7e-m/fpv4-sp/softfp/crti.o
                0x0000000000003668                _fini
 .fini          0x000000000000366c        0x8 /Applications/Simplicity Studio.app/Contents/Eclipse/developer/toolchains/gnu_arm/7.2_2017q4/bin/../lib/gcc/arm-none-eabi/7.2.1/thumb/v7e-m/fpv4-sp/softfp/crtn.o
 *crtbegin.o(.ctors)
 *crtbegin?.o(.ctors)
 *(EXCLUDE_FILE(*crtend.o *crtend?.o) .ctors)
 *(SORT_BY_NAME(.ctors.*))
 *(.ctors)
 *crtbegin.o(.dtors)
 *crtbegin?.o(.dtors)
 *(EXCLUDE_FILE(*crtend.o *crtend?.o) .dtors)
 *(SORT_BY_NAME(.dtors.*))
 *(.dtors)
 *(.rodata*)
 .rodata        0x0000000000003674       0x8a ./emlib/em_cmu.o
 *fill*         0x00000000000036fe        0x2 
 .rodata.flashWsTable
                0x0000000000003700       0x28 ./emlib/em_cmu.o
 .rodata        0x0000000000003728       0x12 ./emlib/em_emu.o
 *fill*         0x000000000000373a        0x2 
 .rodata        0x000000000000373c       0x8b ./emlib/em_gpio.o
 *fill*         0x00000000000037c7        0x1 
 .rodata        0x00000000000037c8       0x16 ./emlib/em_letimer.o
 *fill*         0x00000000000037de        0x2 
 .rodata        0x00000000000037e0       0x1a ./src/Source_files/app.o
 *fill*         0x00000000000037fa        0x2 
 .rodata        0x00000000000037fc       0x1e ./src/Source_files/letimer.o
 *fill*         0x000000000000381a        0x2 
 .rodata        0x000000000000381c       0x25 ./src/Source_files/sleep_routines.o
 *fill*         0x0000000000003841        0x3 
 .rodata        0x0000000000003844       0x22 ./src/main.o
 *fill*         0x0000000000003866        0x2 
 .rodata._global_impure_ptr
                0x0000000000003868        0x4 /Applications/Simplicity Studio.app/Contents/Eclipse/developer/toolchains/gnu_arm/7.2_2017q4/bin/../lib/gcc/arm-none-eabi/7.2.1/../../../../arm-none-eabi/lib/thumb/v7e-m/fpv4-sp/softfp/libc_nano.a(lib_a-impure.o)
                0x0000000000003868                _global_impure_ptr
 *(.eh_frame*)
 .eh_frame      0x000000000000386c        0x0 /Applications/Simplicity Studio.app/Contents/Eclipse/developer/toolchains/gnu_arm/7.2_2017q4/bin/../lib/gcc/arm-none-eabi/7.2.1/thumb/v7e-m/fpv4-sp/softfp/crtbegin.o
 .eh_frame      0x000000000000386c        0x4 /Applications/Simplicity Studio.app/Contents/Eclipse/developer/toolchains/gnu_arm/7.2_2017q4/bin/../lib/gcc/arm-none-eabi/7.2.1/thumb/v7e-m/fpv4-sp/softfp/crtend.o

.glue_7         0x0000000000003870        0x0
 .glue_7        0x0000000000003870        0x0 linker stubs

.glue_7t        0x0000000000003870        0x0
 .glue_7t       0x0000000000003870        0x0 linker stubs

.vfp11_veneer   0x0000000000003870        0x0
 .vfp11_veneer  0x0000000000003870        0x0 linker stubs

.v4_bx          0x0000000000003870        0x0
 .v4_bx         0x0000000000003870        0x0 linker stubs

.iplt           0x0000000000003870        0x0
 .iplt          0x0000000000003870        0x0 /Applications/Simplicity Studio.app/Contents/Eclipse/developer/toolchains/gnu_arm/7.2_2017q4/bin/../lib/gcc/arm-none-eabi/7.2.1/thumb/v7e-m/fpv4-sp/softfp/crtbegin.o

.ARM.extab
 *(.ARM.extab* .gnu.linkonce.armextab.*)
                0x0000000000003870                __exidx_start = .

.ARM.exidx      0x0000000000003870        0x8
 *(.ARM.exidx* .gnu.linkonce.armexidx.*)
 .ARM.exidx     0x0000000000003870        0x8 /Applications/Simplicity Studio.app/Contents/Eclipse/developer/toolchains/gnu_arm/7.2_2017q4/bin/../lib/gcc/arm-none-eabi/7.2.1/../../../../arm-none-eabi/lib/thumb/v7e-m/fpv4-sp/softfp/crt0.o
                0x0000000000003878                __exidx_end = .
                0x0000000000003878                __etext = .

.rel.dyn        0x0000000000003878        0x0
 .rel.iplt      0x0000000000003878        0x0 /Applications/Simplicity Studio.app/Contents/Eclipse/developer/toolchains/gnu_arm/7.2_2017q4/bin/../lib/gcc/arm-none-eabi/7.2.1/thumb/v7e-m/fpv4-sp/softfp/crtbegin.o

.data           0x0000000020000000       0x7c load address 0x0000000000003878
                0x0000000020000000                __data_start__ = .
 *(vtable)
 *(.data*)
 .data.SystemHFXOClock
                0x0000000020000000        0x4 ./CMSIS/EFM32PG12B/system_efm32pg12b.o
 .data.SystemLFXOClock
                0x0000000020000004        0x4 ./CMSIS/EFM32PG12B/system_efm32pg12b.o
 .data.SystemCoreClock
                0x0000000020000008        0x4 ./CMSIS/EFM32PG12B/system_efm32pg12b.o
                0x0000000020000008                SystemCoreClock
 .data.SystemHfrcoFreq
                0x000000002000000c        0x4 ./CMSIS/EFM32PG12B/system_efm32pg12b.o
                0x000000002000000c                SystemHfrcoFreq
 .data.auxHfrcoFreq
                0x0000000020000010        0x4 ./emlib/em_cmu.o
 .data.impure_data
                0x0000000020000014       0x60 /Applications/Simplicity Studio.app/Contents/Eclipse/developer/toolchains/gnu_arm/7.2_2017q4/bin/../lib/gcc/arm-none-eabi/7.2.1/../../../../arm-none-eabi/lib/thumb/v7e-m/fpv4-sp/softfp/libc_nano.a(lib_a-impure.o)
                0x0000000020000074                . = ALIGN (0x4)
 *(.ram)
                0x0000000020000074                . = ALIGN (0x4)
                0x0000000020000074                PROVIDE (__preinit_array_start, .)
 *(.preinit_array)
                0x0000000020000074                PROVIDE (__preinit_array_end, .)
                0x0000000020000074                . = ALIGN (0x4)
                0x0000000020000074                PROVIDE (__init_array_start, .)
 *(SORT_BY_NAME(.init_array.*))
 *(.init_array)
 .init_array    0x0000000020000074        0x4 /Applications/Simplicity Studio.app/Contents/Eclipse/developer/toolchains/gnu_arm/7.2_2017q4/bin/../lib/gcc/arm-none-eabi/7.2.1/thumb/v7e-m/fpv4-sp/softfp/crtbegin.o
                0x0000000020000078                PROVIDE (__init_array_end, .)
                0x0000000020000078                . = ALIGN (0x4)
                [!provide]                        PROVIDE (__fini_array_start, .)
 *(SORT_BY_NAME(.fini_array.*))
 *(.fini_array)
 .fini_array    0x0000000020000078        0x4 /Applications/Simplicity Studio.app/Contents/Eclipse/developer/toolchains/gnu_arm/7.2_2017q4/bin/../lib/gcc/arm-none-eabi/7.2.1/thumb/v7e-m/fpv4-sp/softfp/crtbegin.o
                [!provide]                        PROVIDE (__fini_array_end, .)
 *(.jcr*)
                0x000000002000007c                . = ALIGN (0x4)
                0x000000002000007c                __data_end__ = .

.igot.plt       0x000000002000007c        0x0 load address 0x00000000000038f4
 .igot.plt      0x000000002000007c        0x0 /Applications/Simplicity Studio.app/Contents/Eclipse/developer/toolchains/gnu_arm/7.2_2017q4/bin/../lib/gcc/arm-none-eabi/7.2.1/thumb/v7e-m/fpv4-sp/softfp/crtbegin.o

.bss            0x000000002000007c       0x58 load address 0x00000000000038f4
                0x000000002000007c                . = ALIGN (0x4)
                0x000000002000007c                __bss_start__ = .
 *(.bss*)
 .bss           0x000000002000007c       0x1c /Applications/Simplicity Studio.app/Contents/Eclipse/developer/toolchains/gnu_arm/7.2_2017q4/bin/../lib/gcc/arm-none-eabi/7.2.1/thumb/v7e-m/fpv4-sp/softfp/crtbegin.o
 .bss.dcdcMaxCurrent_mA
                0x0000000020000098        0x2 ./emlib/em_emu.o
 .bss.dcdcEm01LoadCurrent_mA
                0x000000002000009a        0x2 ./emlib/em_emu.o
 .bss.dcdcReverseCurrentControl
                0x000000002000009c        0x2 ./emlib/em_emu.o
 *fill*         0x000000002000009e        0x2 
 .bss.vScaleEM01Config
                0x00000000200000a0        0x1 ./emlib/em_emu.o
 *fill*         0x00000000200000a1        0x3 
 .bss.cmuStatus.8075
                0x00000000200000a4        0x4 ./emlib/em_emu.o
 .bss.hfClock.8076
                0x00000000200000a8        0x1 ./emlib/em_emu.o
 .bss.vScaleStatus.8077
                0x00000000200000a9        0x1 ./emlib/em_emu.o
 *fill*         0x00000000200000aa        0x2 
 .bss.hfrcoCtrl.8078
                0x00000000200000ac        0x4 ./emlib/em_emu.o
 .bss.scheduled_comp0_evt
                0x00000000200000b0        0x4 ./src/Source_files/letimer.o
 .bss.scheduled_comp1_evt
                0x00000000200000b4        0x4 ./src/Source_files/letimer.o
 .bss.scheduled_uf_evt
                0x00000000200000b8        0x4 ./src/Source_files/letimer.o
 .bss.event_scheduled
                0x00000000200000bc        0x4 ./src/Source_files/scheduler.o
 .bss.lowest_energy_mode
                0x00000000200000c0       0x14 ./src/Source_files/sleep_routines.o
 *(COMMON)
                0x00000000200000d4                . = ALIGN (0x4)
                0x00000000200000d4                __bss_end__ = .

.heap           0x00000000200000d8      0xc00
                0x00000000200000d8                __HeapBase = .
                0x00000000200000d8                __end__ = .
                0x00000000200000d8                end = __end__
                0x00000000200000d8                _end = __end__
 *(.heap*)
 .heap          0x00000000200000d8      0xc00 ./CMSIS/EFM32PG12B/startup_gcc_efm32pg12b.o
                0x0000000020000cd8                __HeapLimit = .

.stack_dummy    0x00000000200000d8      0x400
 *(.stack*)
 .stack         0x00000000200000d8      0x400 ./CMSIS/EFM32PG12B/startup_gcc_efm32pg12b.o
                0x0000000020040000                __StackTop = (ORIGIN (RAM) + LENGTH (RAM))
                0x000000002003fc00                __StackLimit = (__StackTop - SIZEOF (.stack_dummy))
                0x0000000020040000                PROVIDE (__stack, __StackTop)
                0x0000000000000001                ASSERT ((__StackLimit >= __HeapLimit), region RAM overflowed with stack)
                0x0000000000000001                ASSERT ((LENGTH (FLASH) >= (__etext + SIZEOF (.data))), FLASH memory overflowed !)
OUTPUT(DW_Energy_Mode_Lab.axf elf32-littlearm)

.ARM.attributes
                0x0000000000000000       0x2e
 .ARM.attributes
                0x0000000000000000       0x22 /Applications/Simplicity Studio.app/Contents/Eclipse/developer/toolchains/gnu_arm/7.2_2017q4/bin/../lib/gcc/arm-none-eabi/7.2.1/thumb/v7e-m/fpv4-sp/softfp/crti.o
 .ARM.attributes
                0x0000000000000022       0x32 /Applications/Simplicity Studio.app/Contents/Eclipse/developer/toolchains/gnu_arm/7.2_2017q4/bin/../lib/gcc/arm-none-eabi/7.2.1/thumb/v7e-m/fpv4-sp/softfp/crtbegin.o
 .ARM.attributes
                0x0000000000000054       0x20 /Applications/Simplicity Studio.app/Contents/Eclipse/developer/toolchains/gnu_arm/7.2_2017q4/bin/../lib/gcc/arm-none-eabi/7.2.1/../../../../arm-none-eabi/lib/thumb/v7e-m/fpv4-sp/softfp/crt0.o
 .ARM.attributes
                0x0000000000000074       0x1f ./CMSIS/EFM32PG12B/startup_gcc_efm32pg12b.o
 .ARM.attributes
                0x0000000000000093       0x37 ./CMSIS/EFM32PG12B/system_efm32pg12b.o
 .ARM.attributes
                0x00000000000000ca       0x37 ./emlib/em_assert.o
 .ARM.attributes
                0x0000000000000101       0x37 ./emlib/em_cmu.o
 .ARM.attributes
                0x0000000000000138       0x37 ./emlib/em_emu.o
 .ARM.attributes
                0x000000000000016f       0x37 ./emlib/em_gpio.o
 .ARM.attributes
                0x00000000000001a6       0x37 ./emlib/em_letimer.o
 .ARM.attributes
                0x00000000000001dd       0x37 ./src/Source_files/app.o
 .ARM.attributes
                0x0000000000000214       0x37 ./src/Source_files/cmu.o
 .ARM.attributes
                0x000000000000024b       0x37 ./src/Source_files/gpio.o
 .ARM.attributes
                0x0000000000000282       0x37 ./src/Source_files/letimer.o
 .ARM.attributes
                0x00000000000002b9       0x37 ./src/Source_files/scheduler.o
 .ARM.attributes
                0x00000000000002f0       0x37 ./src/Source_files/sleep_routines.o
 .ARM.attributes
                0x0000000000000327       0x37 ./src/main.o
 .ARM.attributes
                0x000000000000035e       0x32 /Applications/Simplicity Studio.app/Contents/Eclipse/developer/toolchains/gnu_arm/7.2_2017q4/bin/../lib/gcc/arm-none-eabi/7.2.1/../../../../arm-none-eabi/lib/thumb/v7e-m/fpv4-sp/softfp/libc_nano.a(lib_a-exit.o)
 .ARM.attributes
                0x0000000000000390       0x32 /Applications/Simplicity Studio.app/Contents/Eclipse/developer/toolchains/gnu_arm/7.2_2017q4/bin/../lib/gcc/arm-none-eabi/7.2.1/../../../../arm-none-eabi/lib/thumb/v7e-m/fpv4-sp/softfp/libc_nano.a(lib_a-impure.o)
 .ARM.attributes
                0x00000000000003c2       0x32 /Applications/Simplicity Studio.app/Contents/Eclipse/developer/toolchains/gnu_arm/7.2_2017q4/bin/../lib/gcc/arm-none-eabi/7.2.1/../../../../arm-none-eabi/lib/thumb/v7e-m/fpv4-sp/softfp/libc_nano.a(lib_a-init.o)
 .ARM.attributes
                0x00000000000003f4       0x32 /Applications/Simplicity Studio.app/Contents/Eclipse/developer/toolchains/gnu_arm/7.2_2017q4/bin/../lib/gcc/arm-none-eabi/7.2.1/../../../../arm-none-eabi/lib/thumb/v7e-m/fpv4-sp/softfp/libc_nano.a(lib_a-memset.o)
 .ARM.attributes
                0x0000000000000426       0x32 /Applications/Simplicity Studio.app/Contents/Eclipse/developer/toolchains/gnu_arm/7.2_2017q4/bin/../lib/gcc/arm-none-eabi/7.2.1/../../../../arm-none-eabi/lib/thumb/v7e-m/fpv4-sp/softfp/libnosys.a(_exit.o)
 .ARM.attributes
                0x0000000000000458       0x32 /Applications/Simplicity Studio.app/Contents/Eclipse/developer/toolchains/gnu_arm/7.2_2017q4/bin/../lib/gcc/arm-none-eabi/7.2.1/thumb/v7e-m/fpv4-sp/softfp/crtend.o
 .ARM.attributes
                0x000000000000048a       0x22 /Applications/Simplicity Studio.app/Contents/Eclipse/developer/toolchains/gnu_arm/7.2_2017q4/bin/../lib/gcc/arm-none-eabi/7.2.1/thumb/v7e-m/fpv4-sp/softfp/crtn.o

.comment        0x0000000000000000       0x7e
 .comment       0x0000000000000000       0x7e ./CMSIS/EFM32PG12B/system_efm32pg12b.o
                                         0x7f (size before relaxing)
 .comment       0x000000000000007e       0x7f ./emlib/em_assert.o
 .comment       0x000000000000007e       0x7f ./emlib/em_cmu.o
 .comment       0x000000000000007e       0x7f ./emlib/em_emu.o
 .comment       0x000000000000007e       0x7f ./emlib/em_gpio.o
 .comment       0x000000000000007e       0x7f ./emlib/em_letimer.o
 .comment       0x000000000000007e       0x7f ./src/Source_files/app.o
 .comment       0x000000000000007e       0x7f ./src/Source_files/cmu.o
 .comment       0x000000000000007e       0x7f ./src/Source_files/gpio.o
 .comment       0x000000000000007e       0x7f ./src/Source_files/letimer.o
 .comment       0x000000000000007e       0x7f ./src/Source_files/scheduler.o
 .comment       0x000000000000007e       0x7f ./src/Source_files/sleep_routines.o
 .comment       0x000000000000007e       0x7f ./src/main.o

.debug_line     0x0000000000000000     0x9287
 .debug_line    0x0000000000000000       0x78 ./CMSIS/EFM32PG12B/startup_gcc_efm32pg12b.o
 .debug_line    0x0000000000000078      0x90f ./CMSIS/EFM32PG12B/system_efm32pg12b.o
 .debug_line    0x0000000000000987      0x154 ./emlib/em_assert.o
 .debug_line    0x0000000000000adb     0x14a8 ./emlib/em_cmu.o
 .debug_line    0x0000000000001f83     0x13ff ./emlib/em_emu.o
 .debug_line    0x0000000000003382      0xcfb ./emlib/em_gpio.o
 .debug_line    0x000000000000407d      0xa75 ./emlib/em_letimer.o
 .debug_line    0x0000000000004af2      0xa5d ./src/Source_files/app.o
 .debug_line    0x000000000000554f      0x956 ./src/Source_files/cmu.o
 .debug_line    0x0000000000005ea5      0x958 ./src/Source_files/gpio.o
 .debug_line    0x00000000000067fd      0xa68 ./src/Source_files/letimer.o
 .debug_line    0x0000000000007265      0x9c8 ./src/Source_files/scheduler.o
 .debug_line    0x0000000000007c2d      0xa21 ./src/Source_files/sleep_routines.o
 .debug_line    0x000000000000864e      0xc39 ./src/main.o

.debug_info     0x0000000000000000     0x98af
 .debug_info    0x0000000000000000       0x26 ./CMSIS/EFM32PG12B/startup_gcc_efm32pg12b.o
 .debug_info    0x0000000000000026      0x8f6 ./CMSIS/EFM32PG12B/system_efm32pg12b.o
 .debug_info    0x000000000000091c       0x7e ./emlib/em_assert.o
 .debug_info    0x000000000000099a     0x2409 ./emlib/em_cmu.o
 .debug_info    0x0000000000002da3     0x2409 ./emlib/em_emu.o
 .debug_info    0x00000000000051ac      0xa7a ./emlib/em_gpio.o
 .debug_info    0x0000000000005c26      0x5cd ./emlib/em_letimer.o
 .debug_info    0x00000000000061f3      0x3e0 ./src/Source_files/app.o
 .debug_info    0x00000000000065d3      0x32a ./src/Source_files/cmu.o
 .debug_info    0x00000000000068fd      0x36f ./src/Source_files/gpio.o
 .debug_info    0x0000000000006c6c      0x95a ./src/Source_files/letimer.o
 .debug_info    0x00000000000075c6      0x1c2 ./src/Source_files/scheduler.o
 .debug_info    0x0000000000007788      0x3c4 ./src/Source_files/sleep_routines.o
 .debug_info    0x0000000000007b4c     0x1d63 ./src/main.o

.debug_abbrev   0x0000000000000000     0x14c5
 .debug_abbrev  0x0000000000000000       0x14 ./CMSIS/EFM32PG12B/startup_gcc_efm32pg12b.o
 .debug_abbrev  0x0000000000000014      0x1b7 ./CMSIS/EFM32PG12B/system_efm32pg12b.o
 .debug_abbrev  0x00000000000001cb       0x68 ./emlib/em_assert.o
 .debug_abbrev  0x0000000000000233      0x31e ./emlib/em_cmu.o
 .debug_abbrev  0x0000000000000551      0x312 ./emlib/em_emu.o
 .debug_abbrev  0x0000000000000863      0x206 ./emlib/em_gpio.o
 .debug_abbrev  0x0000000000000a69      0x1d1 ./emlib/em_letimer.o
 .debug_abbrev  0x0000000000000c3a      0x111 ./src/Source_files/app.o
 .debug_abbrev  0x0000000000000d4b       0xa0 ./src/Source_files/cmu.o
 .debug_abbrev  0x0000000000000deb       0xa0 ./src/Source_files/gpio.o
 .debug_abbrev  0x0000000000000e8b      0x1a0 ./src/Source_files/letimer.o
 .debug_abbrev  0x000000000000102b       0xed ./src/Source_files/scheduler.o
 .debug_abbrev  0x0000000000001118      0x16a ./src/Source_files/sleep_routines.o
 .debug_abbrev  0x0000000000001282      0x243 ./src/main.o

.debug_aranges  0x0000000000000000      0x660
 .debug_aranges
                0x0000000000000000       0x20 ./CMSIS/EFM32PG12B/startup_gcc_efm32pg12b.o
 .debug_aranges
                0x0000000000000020       0x68 ./CMSIS/EFM32PG12B/system_efm32pg12b.o
 .debug_aranges
                0x0000000000000088       0x20 ./emlib/em_assert.o
 .debug_aranges
                0x00000000000000a8      0x1b8 ./emlib/em_cmu.o
 .debug_aranges
                0x0000000000000260      0x1a8 ./emlib/em_emu.o
 .debug_aranges
                0x0000000000000408       0x88 ./emlib/em_gpio.o
 .debug_aranges
                0x0000000000000490       0x68 ./emlib/em_letimer.o
 .debug_aranges
                0x00000000000004f8       0x40 ./src/Source_files/app.o
 .debug_aranges
                0x0000000000000538       0x20 ./src/Source_files/cmu.o
 .debug_aranges
                0x0000000000000558       0x20 ./src/Source_files/gpio.o
 .debug_aranges
                0x0000000000000578       0x38 ./src/Source_files/letimer.o
 .debug_aranges
                0x00000000000005b0       0x38 ./src/Source_files/scheduler.o
 .debug_aranges
                0x00000000000005e8       0x48 ./src/Source_files/sleep_routines.o
 .debug_aranges
                0x0000000000000630       0x30 ./src/main.o

.debug_str      0x0000000000000000   0x1586d3
 .debug_str     0x0000000000000000       0x95 ./CMSIS/EFM32PG12B/startup_gcc_efm32pg12b.o
 .debug_str     0x0000000000000095   0x14e3ef ./CMSIS/EFM32PG12B/system_efm32pg12b.o
                                     0x14f31f (size before relaxing)
 .debug_str     0x000000000014e484       0xb8 ./emlib/em_assert.o
                                       0x2dc9 (size before relaxing)
 .debug_str     0x000000000014e53c     0x4dcc ./emlib/em_cmu.o
                                     0x154113 (size before relaxing)
 .debug_str     0x0000000000153308     0x114d ./emlib/em_emu.o
                                     0x15431b (size before relaxing)
 .debug_str     0x0000000000154455      0x4be ./emlib/em_gpio.o
                                     0x14fd80 (size before relaxing)
 .debug_str     0x0000000000154913      0x31c ./emlib/em_letimer.o
                                     0x1506f1 (size before relaxing)
 .debug_str     0x0000000000154c2f      0xaaf ./src/Source_files/app.o
                                     0x151819 (size before relaxing)
 .debug_str     0x00000000001556de       0x23 ./src/Source_files/cmu.o
                                     0x15077e (size before relaxing)
 .debug_str     0x0000000000155701       0x25 ./src/Source_files/gpio.o
                                     0x150907 (size before relaxing)
 .debug_str     0x0000000000155726      0x332 ./src/Source_files/letimer.o
                                     0x15199a (size before relaxing)
 .debug_str     0x0000000000155a58       0x85 ./src/Source_files/scheduler.o
                                     0x15042a (size before relaxing)
 .debug_str     0x0000000000155add       0x9a ./src/Source_files/sleep_routines.o
                                     0x14fc8b (size before relaxing)
 .debug_str     0x0000000000155b77     0x2b5c ./src/main.o
                                     0x1566d1 (size before relaxing)

.debug_loc      0x0000000000000000     0x3042
 .debug_loc     0x0000000000000000      0x2e4 ./CMSIS/EFM32PG12B/system_efm32pg12b.o
 .debug_loc     0x00000000000002e4       0x38 ./emlib/em_assert.o
 .debug_loc     0x000000000000031c     0x1010 ./emlib/em_cmu.o
 .debug_loc     0x000000000000132c      0xea6 ./emlib/em_emu.o
 .debug_loc     0x00000000000021d2      0x49c ./emlib/em_gpio.o
 .debug_loc     0x000000000000266e      0x338 ./emlib/em_letimer.o
 .debug_loc     0x00000000000029a6      0x124 ./src/Source_files/app.o
 .debug_loc     0x0000000000002aca       0x2c ./src/Source_files/cmu.o
 .debug_loc     0x0000000000002af6       0x2c ./src/Source_files/gpio.o
 .debug_loc     0x0000000000002b22      0x14c ./src/Source_files/letimer.o
 .debug_loc     0x0000000000002c6e      0x140 ./src/Source_files/scheduler.o
 .debug_loc     0x0000000000002dae      0x1c8 ./src/Source_files/sleep_routines.o
 .debug_loc     0x0000000000002f76       0xcc ./src/main.o

.debug_ranges   0x0000000000000000      0x570
 .debug_ranges  0x0000000000000000       0x58 ./CMSIS/EFM32PG12B/system_efm32pg12b.o
 .debug_ranges  0x0000000000000058       0x10 ./emlib/em_assert.o
 .debug_ranges  0x0000000000000068      0x1a8 ./emlib/em_cmu.o
 .debug_ranges  0x0000000000000210      0x198 ./emlib/em_emu.o
 .debug_ranges  0x00000000000003a8       0x78 ./emlib/em_gpio.o
 .debug_ranges  0x0000000000000420       0x58 ./emlib/em_letimer.o
 .debug_ranges  0x0000000000000478       0x30 ./src/Source_files/app.o
 .debug_ranges  0x00000000000004a8       0x10 ./src/Source_files/cmu.o
 .debug_ranges  0x00000000000004b8       0x10 ./src/Source_files/gpio.o
 .debug_ranges  0x00000000000004c8       0x28 ./src/Source_files/letimer.o
 .debug_ranges  0x00000000000004f0       0x28 ./src/Source_files/scheduler.o
 .debug_ranges  0x0000000000000518       0x38 ./src/Source_files/sleep_routines.o
 .debug_ranges  0x0000000000000550       0x20 ./src/main.o

.debug_macro    0x0000000000000000    0x33186
 .debug_macro   0x0000000000000000      0x282 ./CMSIS/EFM32PG12B/system_efm32pg12b.o
 .debug_macro   0x0000000000000282      0xa54 ./CMSIS/EFM32PG12B/system_efm32pg12b.o
 .debug_macro   0x0000000000000cd6       0x22 ./CMSIS/EFM32PG12B/system_efm32pg12b.o
 .debug_macro   0x0000000000000cf8       0x4f ./CMSIS/EFM32PG12B/system_efm32pg12b.o
 .debug_macro   0x0000000000000d47       0x51 ./CMSIS/EFM32PG12B/system_efm32pg12b.o
 .debug_macro   0x0000000000000d98       0xef ./CMSIS/EFM32PG12B/system_efm32pg12b.o
 .debug_macro   0x0000000000000e87       0x6a ./CMSIS/EFM32PG12B/system_efm32pg12b.o
 .debug_macro   0x0000000000000ef1      0x1df ./CMSIS/EFM32PG12B/system_efm32pg12b.o
 .debug_macro   0x00000000000010d0      0x4b1 ./CMSIS/EFM32PG12B/system_efm32pg12b.o
 .debug_macro   0x0000000000001581       0x1c ./CMSIS/EFM32PG12B/system_efm32pg12b.o
 .debug_macro   0x000000000000159d       0x22 ./CMSIS/EFM32PG12B/system_efm32pg12b.o
 .debug_macro   0x00000000000015bf       0xdf ./CMSIS/EFM32PG12B/system_efm32pg12b.o
 .debug_macro   0x000000000000169e      0xff5 ./CMSIS/EFM32PG12B/system_efm32pg12b.o
 .debug_macro   0x0000000000002693       0xe2 ./CMSIS/EFM32PG12B/system_efm32pg12b.o
 .debug_macro   0x0000000000002775      0xe1d ./CMSIS/EFM32PG12B/system_efm32pg12b.o
 .debug_macro   0x0000000000003592     0x2276 ./CMSIS/EFM32PG12B/system_efm32pg12b.o
 .debug_macro   0x0000000000005808      0x32a ./CMSIS/EFM32PG12B/system_efm32pg12b.o
 .debug_macro   0x0000000000005b32     0x3119 ./CMSIS/EFM32PG12B/system_efm32pg12b.o
 .debug_macro   0x0000000000008c4b     0x1bbb ./CMSIS/EFM32PG12B/system_efm32pg12b.o
 .debug_macro   0x000000000000a806     0x2675 ./CMSIS/EFM32PG12B/system_efm32pg12b.o
 .debug_macro   0x000000000000ce7b     0x1b1a ./CMSIS/EFM32PG12B/system_efm32pg12b.o
 .debug_macro   0x000000000000e995      0xe2c ./CMSIS/EFM32PG12B/system_efm32pg12b.o
 .debug_macro   0x000000000000f7c1      0x345 ./CMSIS/EFM32PG12B/system_efm32pg12b.o
 .debug_macro   0x000000000000fb06      0x29e ./CMSIS/EFM32PG12B/system_efm32pg12b.o
 .debug_macro   0x000000000000fda4     0x2764 ./CMSIS/EFM32PG12B/system_efm32pg12b.o
 .debug_macro   0x0000000000012508     0x31cd ./CMSIS/EFM32PG12B/system_efm32pg12b.o
 .debug_macro   0x00000000000156d5     0x136c ./CMSIS/EFM32PG12B/system_efm32pg12b.o
 .debug_macro   0x0000000000016a41      0xde3 ./CMSIS/EFM32PG12B/system_efm32pg12b.o
 .debug_macro   0x0000000000017824      0x249 ./CMSIS/EFM32PG12B/system_efm32pg12b.o
 .debug_macro   0x0000000000017a6d     0x1043 ./CMSIS/EFM32PG12B/system_efm32pg12b.o
 .debug_macro   0x0000000000018ab0     0x1606 ./CMSIS/EFM32PG12B/system_efm32pg12b.o
 .debug_macro   0x000000000001a0b6     0x3cb8 ./CMSIS/EFM32PG12B/system_efm32pg12b.o
 .debug_macro   0x000000000001dd6e     0x23fd ./CMSIS/EFM32PG12B/system_efm32pg12b.o
 .debug_macro   0x000000000002016b      0x70d ./CMSIS/EFM32PG12B/system_efm32pg12b.o
 .debug_macro   0x0000000000020878     0x26f0 ./CMSIS/EFM32PG12B/system_efm32pg12b.o
 .debug_macro   0x0000000000022f68     0x1701 ./CMSIS/EFM32PG12B/system_efm32pg12b.o
 .debug_macro   0x0000000000024669     0x2efc ./CMSIS/EFM32PG12B/system_efm32pg12b.o
 .debug_macro   0x0000000000027565      0xfb0 ./CMSIS/EFM32PG12B/system_efm32pg12b.o
 .debug_macro   0x0000000000028515      0x6c4 ./CMSIS/EFM32PG12B/system_efm32pg12b.o
 .debug_macro   0x0000000000028bd9     0x1022 ./CMSIS/EFM32PG12B/system_efm32pg12b.o
 .debug_macro   0x0000000000029bfb      0x889 ./CMSIS/EFM32PG12B/system_efm32pg12b.o
 .debug_macro   0x000000000002a484      0x500 ./CMSIS/EFM32PG12B/system_efm32pg12b.o
 .debug_macro   0x000000000002a984     0x1bc5 ./CMSIS/EFM32PG12B/system_efm32pg12b.o
 .debug_macro   0x000000000002c549       0x40 ./CMSIS/EFM32PG12B/system_efm32pg12b.o
 .debug_macro   0x000000000002c589      0x2ce ./CMSIS/EFM32PG12B/system_efm32pg12b.o
 .debug_macro   0x000000000002c857      0x382 ./CMSIS/EFM32PG12B/system_efm32pg12b.o
 .debug_macro   0x000000000002cbd9      0x190 ./CMSIS/EFM32PG12B/system_efm32pg12b.o
 .debug_macro   0x000000000002cd69     0x27bf ./CMSIS/EFM32PG12B/system_efm32pg12b.o
 .debug_macro   0x000000000002f528      0x304 ./CMSIS/EFM32PG12B/system_efm32pg12b.o
 .debug_macro   0x000000000002f82c      0x304 ./CMSIS/EFM32PG12B/system_efm32pg12b.o
 .debug_macro   0x000000000002fb30       0x23 ./emlib/em_assert.o
 .debug_macro   0x000000000002fb53      0x3a5 ./emlib/em_cmu.o
 .debug_macro   0x000000000002fef8       0x58 ./emlib/em_cmu.o
 .debug_macro   0x000000000002ff50      0x34d ./emlib/em_cmu.o
 .debug_macro   0x000000000003029d       0x25 ./emlib/em_cmu.o
 .debug_macro   0x00000000000302c2       0xee ./emlib/em_cmu.o
 .debug_macro   0x00000000000303b0       0x80 ./emlib/em_cmu.o
 .debug_macro   0x0000000000030430      0x391 ./emlib/em_emu.o
 .debug_macro   0x00000000000307c1       0x52 ./emlib/em_emu.o
 .debug_macro   0x0000000000030813       0x55 ./emlib/em_emu.o
 .debug_macro   0x0000000000030868      0x353 ./emlib/em_emu.o
 .debug_macro   0x0000000000030bbb       0xd9 ./emlib/em_emu.o
 .debug_macro   0x0000000000030c94       0x7a ./emlib/em_emu.o
 .debug_macro   0x0000000000030d0e      0x295 ./emlib/em_gpio.o
 .debug_macro   0x0000000000030fa3      0x2b8 ./emlib/em_letimer.o
 .debug_macro   0x000000000003125b      0x31e ./src/Source_files/app.o
 .debug_macro   0x0000000000031579       0x28 ./src/Source_files/app.o
 .debug_macro   0x00000000000315a1       0x3a ./src/Source_files/app.o
 .debug_macro   0x00000000000315db       0x10 ./src/Source_files/app.o
 .debug_macro   0x00000000000315eb       0x34 ./src/Source_files/app.o
 .debug_macro   0x000000000003161f       0x10 ./src/Source_files/app.o
 .debug_macro   0x000000000003162f      0x296 ./src/Source_files/cmu.o
 .debug_macro   0x00000000000318c5      0x2a5 ./src/Source_files/gpio.o
 .debug_macro   0x0000000000031b6a      0x2ec ./src/Source_files/letimer.o
 .debug_macro   0x0000000000031e56      0x2aa ./src/Source_files/scheduler.o
 .debug_macro   0x0000000000032100      0x2ba ./src/Source_files/sleep_routines.o
 .debug_macro   0x00000000000323ba      0x459 ./src/main.o
 .debug_macro   0x0000000000032813       0x16 ./src/main.o
 .debug_macro   0x0000000000032829       0x97 ./src/main.o
 .debug_macro   0x00000000000328c0       0xf6 ./src/main.o
 .debug_macro   0x00000000000329b6       0x10 ./src/main.o
 .debug_macro   0x00000000000329c6       0x10 ./src/main.o
 .debug_macro   0x00000000000329d6       0xb6 ./src/main.o
 .debug_macro   0x0000000000032a8c       0x16 ./src/main.o
 .debug_macro   0x0000000000032aa2      0x129 ./src/main.o
 .debug_macro   0x0000000000032bcb       0xd6 ./src/main.o
 .debug_macro   0x0000000000032ca1       0x76 ./src/main.o
 .debug_macro   0x0000000000032d17       0xf1 ./src/main.o
 .debug_macro   0x0000000000032e08       0x3a ./src/main.o
 .debug_macro   0x0000000000032e42      0x344 ./src/main.o

.debug_frame    0x0000000000000000     0x17c4
 .debug_frame   0x0000000000000000      0x164 ./CMSIS/EFM32PG12B/system_efm32pg12b.o
 .debug_frame   0x0000000000000164       0x2c ./emlib/em_assert.o
 .debug_frame   0x0000000000000190      0x770 ./emlib/em_cmu.o
 .debug_frame   0x0000000000000900      0x6f0 ./emlib/em_emu.o
 .debug_frame   0x0000000000000ff0      0x21c ./emlib/em_gpio.o
 .debug_frame   0x000000000000120c      0x180 ./emlib/em_letimer.o
 .debug_frame   0x000000000000138c       0xac ./src/Source_files/app.o
 .debug_frame   0x0000000000001438       0x2c ./src/Source_files/cmu.o
 .debug_frame   0x0000000000001464       0x2c ./src/Source_files/gpio.o
 .debug_frame   0x0000000000001490       0xa4 ./src/Source_files/letimer.o
 .debug_frame   0x0000000000001534       0xa0 ./src/Source_files/scheduler.o
 .debug_frame   0x00000000000015d4       0xe4 ./src/Source_files/sleep_routines.o
 .debug_frame   0x00000000000016b8       0x78 ./src/main.o
 .debug_frame   0x0000000000001730       0x28 /Applications/Simplicity Studio.app/Contents/Eclipse/developer/toolchains/gnu_arm/7.2_2017q4/bin/../lib/gcc/arm-none-eabi/7.2.1/../../../../arm-none-eabi/lib/thumb/v7e-m/fpv4-sp/softfp/libc_nano.a(lib_a-exit.o)
 .debug_frame   0x0000000000001758       0x2c /Applications/Simplicity Studio.app/Contents/Eclipse/developer/toolchains/gnu_arm/7.2_2017q4/bin/../lib/gcc/arm-none-eabi/7.2.1/../../../../arm-none-eabi/lib/thumb/v7e-m/fpv4-sp/softfp/libc_nano.a(lib_a-init.o)
 .debug_frame   0x0000000000001784       0x20 /Applications/Simplicity Studio.app/Contents/Eclipse/developer/toolchains/gnu_arm/7.2_2017q4/bin/../lib/gcc/arm-none-eabi/7.2.1/../../../../arm-none-eabi/lib/thumb/v7e-m/fpv4-sp/softfp/libc_nano.a(lib_a-memset.o)
 .debug_frame   0x00000000000017a4       0x20 /Applications/Simplicity Studio.app/Contents/Eclipse/developer/toolchains/gnu_arm/7.2_2017q4/bin/../lib/gcc/arm-none-eabi/7.2.1/../../../../arm-none-eabi/lib/thumb/v7e-m/fpv4-sp/softfp/libnosys.a(_exit.o)
