Archive member included to satisfy reference by file (symbol)

/Applications/Simplicity Studio.app/Contents/Eclipse/developer/toolchains/gnu_arm/7.2_2017q4/bin/../lib/gcc/arm-none-eabi/7.2.1/thumb/v7e-m/fpv4-sp/softfp/libgcc.a(_arm_addsubdf3.o)
                              ./src/Source_files/SI7021.o (__aeabi_dsub)
/Applications/Simplicity Studio.app/Contents/Eclipse/developer/toolchains/gnu_arm/7.2_2017q4/bin/../lib/gcc/arm-none-eabi/7.2.1/thumb/v7e-m/fpv4-sp/softfp/libgcc.a(_arm_muldivdf3.o)
                              ./src/Source_files/SI7021.o (__aeabi_dmul)
/Applications/Simplicity Studio.app/Contents/Eclipse/developer/toolchains/gnu_arm/7.2_2017q4/bin/../lib/gcc/arm-none-eabi/7.2.1/thumb/v7e-m/fpv4-sp/softfp/libgcc.a(_arm_truncdfsf2.o)
                              ./src/Source_files/SI7021.o (__aeabi_d2f)
/Applications/Simplicity Studio.app/Contents/Eclipse/developer/toolchains/gnu_arm/7.2_2017q4/bin/../lib/gcc/arm-none-eabi/7.2.1/thumb/v7e-m/fpv4-sp/softfp/libgcc.a(_aeabi_uldivmod.o)
                              ./emlib/em_usart.o (__aeabi_uldivmod)
/Applications/Simplicity Studio.app/Contents/Eclipse/developer/toolchains/gnu_arm/7.2_2017q4/bin/../lib/gcc/arm-none-eabi/7.2.1/thumb/v7e-m/fpv4-sp/softfp/libgcc.a(_udivmoddi4.o)
                              /Applications/Simplicity Studio.app/Contents/Eclipse/developer/toolchains/gnu_arm/7.2_2017q4/bin/../lib/gcc/arm-none-eabi/7.2.1/thumb/v7e-m/fpv4-sp/softfp/libgcc.a(_aeabi_uldivmod.o) (__udivmoddi4)
/Applications/Simplicity Studio.app/Contents/Eclipse/developer/toolchains/gnu_arm/7.2_2017q4/bin/../lib/gcc/arm-none-eabi/7.2.1/thumb/v7e-m/fpv4-sp/softfp/libgcc.a(_dvmd_tls.o)
                              /Applications/Simplicity Studio.app/Contents/Eclipse/developer/toolchains/gnu_arm/7.2_2017q4/bin/../lib/gcc/arm-none-eabi/7.2.1/thumb/v7e-m/fpv4-sp/softfp/libgcc.a(_aeabi_uldivmod.o) (__aeabi_ldiv0)
/Applications/Simplicity Studio.app/Contents/Eclipse/developer/toolchains/gnu_arm/7.2_2017q4/bin/../lib/gcc/arm-none-eabi/7.2.1/../../../../arm-none-eabi/lib/thumb/v7e-m/fpv4-sp/softfp/libc_nano.a(lib_a-exit.o)
                              /Applications/Simplicity Studio.app/Contents/Eclipse/developer/toolchains/gnu_arm/7.2_2017q4/bin/../lib/gcc/arm-none-eabi/7.2.1/../../../../arm-none-eabi/lib/thumb/v7e-m/fpv4-sp/softfp/crt0.o (exit)
/Applications/Simplicity Studio.app/Contents/Eclipse/developer/toolchains/gnu_arm/7.2_2017q4/bin/../lib/gcc/arm-none-eabi/7.2.1/../../../../arm-none-eabi/lib/thumb/v7e-m/fpv4-sp/softfp/libc_nano.a(lib_a-impure.o)
                              /Applications/Simplicity Studio.app/Contents/Eclipse/developer/toolchains/gnu_arm/7.2_2017q4/bin/../lib/gcc/arm-none-eabi/7.2.1/../../../../arm-none-eabi/lib/thumb/v7e-m/fpv4-sp/softfp/libc_nano.a(lib_a-exit.o) (_global_impure_ptr)
/Applications/Simplicity Studio.app/Contents/Eclipse/developer/toolchains/gnu_arm/7.2_2017q4/bin/../lib/gcc/arm-none-eabi/7.2.1/../../../../arm-none-eabi/lib/thumb/v7e-m/fpv4-sp/softfp/libc_nano.a(lib_a-init.o)
                              /Applications/Simplicity Studio.app/Contents/Eclipse/developer/toolchains/gnu_arm/7.2_2017q4/bin/../lib/gcc/arm-none-eabi/7.2.1/../../../../arm-none-eabi/lib/thumb/v7e-m/fpv4-sp/softfp/crt0.o (__libc_init_array)
/Applications/Simplicity Studio.app/Contents/Eclipse/developer/toolchains/gnu_arm/7.2_2017q4/bin/../lib/gcc/arm-none-eabi/7.2.1/../../../../arm-none-eabi/lib/thumb/v7e-m/fpv4-sp/softfp/libc_nano.a(lib_a-memcpy-stub.o)
                              ./emlib/em_crypto.o (memcpy)
/Applications/Simplicity Studio.app/Contents/Eclipse/developer/toolchains/gnu_arm/7.2_2017q4/bin/../lib/gcc/arm-none-eabi/7.2.1/../../../../arm-none-eabi/lib/thumb/v7e-m/fpv4-sp/softfp/libc_nano.a(lib_a-memset.o)
                              /Applications/Simplicity Studio.app/Contents/Eclipse/developer/toolchains/gnu_arm/7.2_2017q4/bin/../lib/gcc/arm-none-eabi/7.2.1/../../../../arm-none-eabi/lib/thumb/v7e-m/fpv4-sp/softfp/crt0.o (memset)
/Applications/Simplicity Studio.app/Contents/Eclipse/developer/toolchains/gnu_arm/7.2_2017q4/bin/../lib/gcc/arm-none-eabi/7.2.1/../../../../arm-none-eabi/lib/thumb/v7e-m/fpv4-sp/softfp/libnosys.a(_exit.o)
                              /Applications/Simplicity Studio.app/Contents/Eclipse/developer/toolchains/gnu_arm/7.2_2017q4/bin/../lib/gcc/arm-none-eabi/7.2.1/../../../../arm-none-eabi/lib/thumb/v7e-m/fpv4-sp/softfp/libc_nano.a(lib_a-exit.o) (_exit)

Discarded input sections

 .text          0x0000000000000000        0x0 /Applications/Simplicity Studio.app/Contents/Eclipse/developer/toolchains/gnu_arm/7.2_2017q4/bin/../lib/gcc/arm-none-eabi/7.2.1/thumb/v7e-m/fpv4-sp/softfp/crti.o
 .data          0x0000000000000000        0x0 /Applications/Simplicity Studio.app/Contents/Eclipse/developer/toolchains/gnu_arm/7.2_2017q4/bin/../lib/gcc/arm-none-eabi/7.2.1/thumb/v7e-m/fpv4-sp/softfp/crti.o
[...]
Memory Configuration

Name             Origin             Length             Attributes
FLASH            0x0000000000000000 0x0000000000100000 xr
RAM              0x0000000020000000 0x0000000000040000 xrw
*default*        0x0000000000000000 0xffffffffffffffff

Linker script and memory map

LOAD /Applications/Simplicity Studio.app/Contents/Eclipse/developer/toolchains/gnu_arm/7.2_2017q4/bin/../lib/gcc/arm-none-eabi/7.2.1/thumb/v7e-m/fpv4-sp/softfp/crti.o
LOAD /Applications/Simplicity Studio.app/Contents/Eclipse/developer/toolchains/gnu_arm/7.2_2017q4/bin/../lib/gcc/arm-none-eabi/7.2.1/thumb/v7e-m/fpv4-sp/softfp/crtbegin.o
LOAD /Applications/Simplicity Studio.app/Contents/Eclipse/developer/toolchains/gnu_arm/7.2_2017q4/bin/../lib/gcc/arm-none-eabi/7.2.1/../../../../arm-none-eabi/lib/thumb/v7e-m/fpv4-sp/softfp/crt0.o
LOAD ./CMSIS/EFM32PG12B/startup_gcc_efm32pg12b.o
LOAD ./CMSIS/EFM32PG12B/system_efm32pg12b.o
LOAD ./emlib/em_acmp.o
LOAD ./emlib/em_adc.o
LOAD ./emlib/em_aes.o
LOAD ./emlib/em_assert.o
LOAD ./emlib/em_burtc.o
LOAD ./emlib/em_can.o
LOAD ./emlib/em_cmu.o
LOAD ./emlib/em_core.o
LOAD ./emlib/em_cryotimer.o
LOAD ./emlib/em_crypto.o
LOAD ./emlib/em_csen.o
LOAD ./emlib/em_dac.o
LOAD ./emlib/em_dbg.o
LOAD ./emlib/em_dma.o
LOAD ./emlib/em_ebi.o
LOAD ./emlib/em_emu.o
LOAD ./emlib/em_gpcrc.o
LOAD ./emlib/em_gpio.o
LOAD ./emlib/em_i2c.o
LOAD ./emlib/em_iadc.o
LOAD ./emlib/em_idac.o
LOAD ./emlib/em_int.o
LOAD ./emlib/em_lcd.o
LOAD ./emlib/em_ldma.o
LOAD ./emlib/em_lesense.o
LOAD ./emlib/em_letimer.o
LOAD ./emlib/em_leuart.o
LOAD ./emlib/em_mpu.o
LOAD ./emlib/em_msc.o
LOAD ./emlib/em_opamp.o
LOAD ./emlib/em_pcnt.o
LOAD ./emlib/em_pdm.o
LOAD ./emlib/em_prs.o
LOAD ./emlib/em_qspi.o
LOAD ./emlib/em_rmu.o
LOAD ./emlib/em_rtc.o
LOAD ./emlib/em_rtcc.o
LOAD ./emlib/em_se.o
LOAD ./emlib/em_system.o
LOAD ./emlib/em_timer.o
LOAD ./emlib/em_usart.o
LOAD ./emlib/em_vcmp.o
LOAD ./emlib/em_vdac.o
LOAD ./emlib/em_wdog.o
LOAD ./src/Source_files/SI7021.o
LOAD ./src/Source_files/app.o
LOAD ./src/Source_files/cmu.o
LOAD ./src/Source_files/gpio.o
LOAD ./src/Source_files/i2c.o
LOAD ./src/Source_files/letimer.o
LOAD ./src/Source_files/scheduler.o
LOAD ./src/Source_files/sleep_routines.o
LOAD ./src/main.o
START GROUP
LOAD /Applications/Simplicity Studio.app/Contents/Eclipse/developer/toolchains/gnu_arm/7.2_2017q4/bin/../lib/gcc/arm-none-eabi/7.2.1/thumb/v7e-m/fpv4-sp/softfp/libgcc.a
LOAD /Applications/Simplicity Studio.app/Contents/Eclipse/developer/toolchains/gnu_arm/7.2_2017q4/bin/../lib/gcc/arm-none-eabi/7.2.1/../../../../arm-none-eabi/lib/thumb/v7e-m/fpv4-sp/softfp/libc_nano.a
LOAD /Applications/Simplicity Studio.app/Contents/Eclipse/developer/toolchains/gnu_arm/7.2_2017q4/bin/../lib/gcc/arm-none-eabi/7.2.1/../../../../arm-none-eabi/lib/thumb/v7e-m/fpv4-sp/softfp/libnosys.a
END GROUP
START GROUP
LOAD /Applications/Simplicity Studio.app/Contents/Eclipse/developer/toolchains/gnu_arm/7.2_2017q4/bin/../lib/gcc/arm-none-eabi/7.2.1/thumb/v7e-m/fpv4-sp/softfp/libgcc.a
LOAD /Applications/Simplicity Studio.app/Contents/Eclipse/developer/toolchains/gnu_arm/7.2_2017q4/bin/../lib/gcc/arm-none-eabi/7.2.1/../../../../arm-none-eabi/lib/thumb/v7e-m/fpv4-sp/softfp/libg_nano.a
LOAD /Applications/Simplicity Studio.app/Contents/Eclipse/developer/toolchains/gnu_arm/7.2_2017q4/bin/../lib/gcc/arm-none-eabi/7.2.1/../../../../arm-none-eabi/lib/thumb/v7e-m/fpv4-sp/softfp/libc_nano.a
END GROUP
START GROUP
LOAD /Applications/Simplicity Studio.app/Contents/Eclipse/developer/toolchains/gnu_arm/7.2_2017q4/bin/../lib/gcc/arm-none-eabi/7.2.1/thumb/v7e-m/fpv4-sp/softfp/libgcc.a
LOAD /Applications/Simplicity Studio.app/Contents/Eclipse/developer/toolchains/gnu_arm/7.2_2017q4/bin/../lib/gcc/arm-none-eabi/7.2.1/../../../../arm-none-eabi/lib/thumb/v7e-m/fpv4-sp/softfp/libc_nano.a
END GROUP
LOAD /Applications/Simplicity Studio.app/Contents/Eclipse/developer/toolchains/gnu_arm/7.2_2017q4/bin/../lib/gcc/arm-none-eabi/7.2.1/thumb/v7e-m/fpv4-sp/softfp/crtend.o
LOAD /Applications/Simplicity Studio.app/Contents/Eclipse/developer/toolchains/gnu_arm/7.2_2017q4/bin/../lib/gcc/arm-none-eabi/7.2.1/thumb/v7e-m/fpv4-sp/softfp/crtn.o

.text           0x0000000000000000     0x5140
 *(.vectors)
 .vectors       0x0000000000000000      0x10c ./CMSIS/EFM32PG12B/startup_gcc_efm32pg12b.o
                0x0000000000000000                __Vectors
                0x000000000000010c                __Vectors_End = .
                0x000000000000010c                __Vectors_Size = (__Vectors_End - __Vectors)
                0x000000000000010c                __end__ = .
 *(.text*)
 .text          0x000000000000010c       0x40 /Applications/Simplicity Studio.app/Contents/Eclipse/developer/toolchains/gnu_arm/7.2_2017q4/bin/../lib/gcc/arm-none-eabi/7.2.1/thumb/v7e-m/fpv4-sp/softfp/crtbegin.o
 .text          0x000000000000014c       0x74 /Applications/Simplicity Studio.app/Contents/Eclipse/developer/toolchains/gnu_arm/7.2_2017q4/bin/../lib/gcc/arm-none-eabi/7.2.1/../../../../arm-none-eabi/lib/thumb/v7e-m/fpv4-sp/softfp/crt0.o
                0x000000000000014c                _mainCRTStartup
                0x000000000000014c                _start
 .text          0x00000000000001c0       0x30 ./CMSIS/EFM32PG12B/startup_gcc_efm32pg12b.o
                0x00000000000001c0                Reset_Handler
                0x00000000000001ec                USART0_TX_IRQHandler
                0x00000000000001ec                HardFault_Handler
                0x00000000000001ec                SysTick_Handler
                0x00000000000001ec                USART1_RX_IRQHandler
                0x00000000000001ec                PendSV_Handler
                0x00000000000001ec                NMI_Handler
                0x00000000000001ec                WTIMER0_IRQHandler
                0x00000000000001ec                CRYPTO0_IRQHandler
                0x00000000000001ec                WDOG0_IRQHandler
                0x00000000000001ec                USART1_TX_IRQHandler
                0x00000000000001ec                SMU_IRQHandler
                0x00000000000001ec                MSC_IRQHandler
                0x00000000000001ec                ADC0_IRQHandler
                0x00000000000001ec                UsageFault_Handler
                0x00000000000001ec                WDOG1_IRQHandler
                0x00000000000001ec                LEUART0_IRQHandler
                0x00000000000001ec                FPUEH_IRQHandler
                0x00000000000001ec                WTIMER1_IRQHandler
                0x00000000000001ec                GPIO_EVEN_IRQHandler
                0x00000000000001ec                VDAC0_IRQHandler
                0x00000000000001ec                LDMA_IRQHandler
                0x00000000000001ec                CSEN_IRQHandler
                0x00000000000001ec                CRYPTO1_IRQHandler
                0x00000000000001ec                TIMER0_IRQHandler
                0x00000000000001ec                PCNT2_IRQHandler
                0x00000000000001ec                TIMER1_IRQHandler
                0x00000000000001ec                TRNG0_IRQHandler
                0x00000000000001ec                USART2_RX_IRQHandler
                0x00000000000001ec                Default_Handler
                0x00000000000001ec                EMU_IRQHandler
                0x00000000000001ec                CRYOTIMER_IRQHandler
                0x00000000000001ec                PCNT0_IRQHandler
                0x00000000000001ec                PCNT1_IRQHandler
                0x00000000000001ec                ACMP0_IRQHandler
                0x00000000000001ec                USART0_RX_IRQHandler
                0x00000000000001ec                MemManage_Handler
                0x00000000000001ec                SVC_Handler
                0x00000000000001ec                USART3_RX_IRQHandler
                0x00000000000001ec                RTCC_IRQHandler
                0x00000000000001ec                CMU_IRQHandler
                0x00000000000001ec                LESENSE_IRQHandler
                0x00000000000001ec                GPIO_ODD_IRQHandler
                0x00000000000001ec                USART3_TX_IRQHandler
                0x00000000000001ec                BusFault_Handler
                0x00000000000001ec                USART2_TX_IRQHandler
                0x00000000000001ec                DebugMon_Handler
                0x00000000000001ec                IDAC0_IRQHandler
 .text.SystemCoreClockGet
                0x00000000000001f0       0x40 ./CMSIS/EFM32PG12B/system_efm32pg12b.o
                0x00000000000001f0                SystemCoreClockGet
 .text.SystemMaxCoreClockGet
                0x0000000000000230       0x14 ./CMSIS/EFM32PG12B/system_efm32pg12b.o
                0x0000000000000230                SystemMaxCoreClockGet
 .text.SystemHFClockGet
                0x0000000000000244       0x70 ./CMSIS/EFM32PG12B/system_efm32pg12b.o
                0x0000000000000244                SystemHFClockGet
 .text.SystemHFXOClockGet
                0x00000000000002b4       0x18 ./CMSIS/EFM32PG12B/system_efm32pg12b.o
                0x00000000000002b4                SystemHFXOClockGet
 .text.SystemInit
                0x00000000000002cc       0x2c ./CMSIS/EFM32PG12B/system_efm32pg12b.o
                0x00000000000002cc                SystemInit
 .text.SystemLFRCOClockGet
                0x00000000000002f8       0x12 ./CMSIS/EFM32PG12B/system_efm32pg12b.o
                0x00000000000002f8                SystemLFRCOClockGet
 .text.SystemULFRCOClockGet
                0x000000000000030a       0x12 ./CMSIS/EFM32PG12B/system_efm32pg12b.o
                0x000000000000030a                SystemULFRCOClockGet
 .text.SystemLFXOClockGet
                0x000000000000031c       0x18 ./CMSIS/EFM32PG12B/system_efm32pg12b.o
                0x000000000000031c                SystemLFXOClockGet
 .text.assertEFM
                0x0000000000000334        0xc ./emlib/em_assert.o
                0x0000000000000334                assertEFM
 .text.BUS_RegBitWrite
                0x0000000000000340       0x2e ./emlib/em_cmu.o
 .text.BUS_RegBitRead
                0x000000000000036e       0x2a ./emlib/em_cmu.o
 .text.CMU_Log2ToDiv
                0x0000000000000398       0x2c ./emlib/em_cmu.o
 .text.EMU_VScaleWait
                0x00000000000003c4       0x1c ./emlib/em_cmu.o
 .text.EMU_VScaleGet
                0x00000000000003e0       0x1c ./emlib/em_cmu.o
 .text.setHfLeConfig
                0x00000000000003fc       0x64 ./emlib/em_cmu.o
 .text.auxClkGet
                0x0000000000000460       0x20 ./emlib/em_cmu.o
 .text.hfSrcClkGet
                0x0000000000000480       0x2c ./emlib/em_cmu.o
 .text.dbgClkGet
                0x00000000000004ac       0x4c ./emlib/em_cmu.o
 .text.adcAsyncClkGet
                0x00000000000004f8       0x98 ./emlib/em_cmu.o
 .text.flashWaitStateControl
                0x0000000000000590       0x98 ./emlib/em_cmu.o
 .text.flashWaitStateMax
                0x0000000000000628       0x44 ./emlib/em_cmu.o
 .text.CMU_UpdateWaitStates
                0x000000000000066c       0x40 ./emlib/em_cmu.o
                0x000000000000066c                CMU_UpdateWaitStates
 .text.getRegIshUpperVal
                0x00000000000006ac       0x36 ./emlib/em_cmu.o
 *fill*         0x00000000000006e2        0x2 
 .text.getHfxoTuningMode
                0x00000000000006e4       0x1c ./emlib/em_cmu.o
 .text.setHfxoTuningMode
                0x0000000000000700       0x2c ./emlib/em_cmu.o
 .text.lfClkGet
                0x000000000000072c      0x114 ./emlib/em_cmu.o
 .text.syncReg  0x0000000000000840       0x38 ./emlib/em_cmu.o
 .text.hfperClkSafePrescaler
                0x0000000000000878        0xe ./emlib/em_cmu.o
 .text.hfperClkOptimizedPrescaler
                0x0000000000000886        0xe ./emlib/em_cmu.o
 .text.CMU_ClockEnable
                0x0000000000000894       0xd8 ./emlib/em_cmu.o
                0x0000000000000894                CMU_ClockEnable
 .text.CMU_ClockFreqGet
                0x000000000000096c      0x218 ./emlib/em_cmu.o
                0x000000000000096c                CMU_ClockFreqGet
 .text.CMU_ClockSelectGet
                0x0000000000000b84      0x1c8 ./emlib/em_cmu.o
                0x0000000000000b84                CMU_ClockSelectGet
 .text.CMU_ClockSelectSet
                0x0000000000000d4c      0x350 ./emlib/em_cmu.o
                0x0000000000000d4c                CMU_ClockSelectSet
 .text.CMU_HFRCODevinfoGet
                0x000000000000109c       0xdc ./emlib/em_cmu.o
 .text.CMU_HFRCOBandGet
                0x0000000000001178       0x18 ./emlib/em_cmu.o
                0x0000000000001178                CMU_HFRCOBandGet
 .text.CMU_HFRCOBandSet
                0x0000000000001190      0x180 ./emlib/em_cmu.o
                0x0000000000001190                CMU_HFRCOBandSet
 .text.CMU_HFXOInit
                0x0000000000001310      0x104 ./emlib/em_cmu.o
                0x0000000000001310                CMU_HFXOInit
 .text.CMU_OscillatorEnable
                0x0000000000001414      0x1bc ./emlib/em_cmu.o
                0x0000000000001414                CMU_OscillatorEnable
 .text.CMU_OscillatorTuningGet
                0x00000000000015d0       0x7c ./emlib/em_cmu.o
                0x00000000000015d0                CMU_OscillatorTuningGet
 .text.CMU_OscillatorTuningSet
                0x000000000000164c      0x154 ./emlib/em_cmu.o
                0x000000000000164c                CMU_OscillatorTuningSet
 .text.CMU_OscillatorTuningWait
                0x00000000000017a0       0xb4 ./emlib/em_cmu.o
                0x00000000000017a0                CMU_OscillatorTuningWait
 .text.CMU_OscillatorTuningOptimize
                0x0000000000001854       0x64 ./emlib/em_cmu.o
                0x0000000000001854                CMU_OscillatorTuningOptimize
 .text.SystemCoreClockUpdate
                0x00000000000018b8        0xc ./emlib/em_emu.o
 .text.BUS_RegBitWrite
                0x00000000000018c4       0x2e ./emlib/em_emu.o
 .text.BUS_RegBitRead
                0x00000000000018f2       0x2a ./emlib/em_emu.o
 .text.EMU_VScaleWait
                0x000000000000191c       0x1c ./emlib/em_emu.o
 .text.EMU_VScaleGet
                0x0000000000001938       0x1c ./emlib/em_emu.o
 .text.EMU_IntClear
                0x0000000000001954       0x20 ./emlib/em_emu.o
 .text.EMU_IntGet
                0x0000000000001974       0x18 ./emlib/em_emu.o
 .text.CMU_Lock
                0x000000000000198c       0x1c ./emlib/em_emu.o
 .text.CMU_Unlock
                0x00000000000019a8       0x1c ./emlib/em_emu.o
 .text.vScaleEM01Cmd
                0x00000000000019c4       0x22 ./emlib/em_emu.o
 *fill*         0x00000000000019e6        0x2 
 .text.emState  0x00000000000019e8      0x150 ./emlib/em_emu.o
 .text.vScaleDownEM23Setup
                0x0000000000001b38       0x50 ./emlib/em_emu.o
 .text.vScaleAfterWakeup
                0x0000000000001b88       0x48 ./emlib/em_emu.o
 .text.EMU_EnterEM2
                0x0000000000001bd0       0x4c ./emlib/em_emu.o
                0x0000000000001bd0                EMU_EnterEM2
 .text.EMU_EnterEM3
                0x0000000000001c1c       0x68 ./emlib/em_emu.o
                0x0000000000001c1c                EMU_EnterEM3
 .text.EMU_VScaleEM01ByClock
                0x0000000000001c84       0x70 ./emlib/em_emu.o
                0x0000000000001c84                EMU_VScaleEM01ByClock
 .text.EMU_VScaleEM01
                0x0000000000001cf4       0xa0 ./emlib/em_emu.o
                0x0000000000001cf4                EMU_VScaleEM01
 .text.EMU_EM23Init
                0x0000000000001d94       0x50 ./emlib/em_emu.o
                0x0000000000001d94                EMU_EM23Init
 .text.dcdcConstCalibrationLoad
                0x0000000000001de4       0x10 ./emlib/em_emu.o
 .text.dcdcValidatedConfigSet
                0x0000000000001df4       0x40 ./emlib/em_emu.o
 .text.currentLimitersUpdate
                0x0000000000001e34      0x124 ./emlib/em_emu.o
 .text.userCurrentLimitsSet
                0x0000000000001f58       0x30 ./emlib/em_emu.o
 .text.compCtrlSet
                0x0000000000001f88       0x4c ./emlib/em_emu.o
 .text.lpCmpHystCalibrationLoad
                0x0000000000001fd4       0xec ./emlib/em_emu.o
 .text.lpGetDevinfoVrefLowHigh
                0x00000000000020c0      0x164 ./emlib/em_emu.o
 .text.EMU_DCDCModeSet
                0x0000000000002224       0xf0 ./emlib/em_emu.o
                0x0000000000002224                EMU_DCDCModeSet
 .text.EMU_DCDCInit
                0x0000000000002314      0x1c8 ./emlib/em_emu.o
                0x0000000000002314                EMU_DCDCInit
 .text.EMU_DCDCOutputVoltageSet
                0x00000000000024dc      0x2d8 ./emlib/em_emu.o
                0x00000000000024dc                EMU_DCDCOutputVoltageSet
 .text.EMU_DCDCOptimizeSlice
                0x00000000000027b4       0xe8 ./emlib/em_emu.o
                0x00000000000027b4                EMU_DCDCOptimizeSlice
 .text.EMU_DCDCLnRcoBandSet
                0x000000000000289c       0x64 ./emlib/em_emu.o
                0x000000000000289c                EMU_DCDCLnRcoBandSet
 .text.BUS_RegMaskedSet
                0x0000000000002900       0x24 ./emlib/em_gpio.o
 .text.BUS_RegMaskedClear
                0x0000000000002924       0x24 ./emlib/em_gpio.o
 .text.BUS_RegMaskedWrite
                0x0000000000002948       0x24 ./emlib/em_gpio.o
 .text.GPIO_PinOutClear
                0x000000000000296c       0xd0 ./emlib/em_gpio.o
 .text.GPIO_PinOutSet
                0x0000000000002a3c       0xd0 ./emlib/em_gpio.o
 .text.GPIO_DriveStrengthSet
                0x0000000000002b0c       0x8c ./emlib/em_gpio.o
                0x0000000000002b0c                GPIO_DriveStrengthSet
 .text.GPIO_PinModeSet
                0x0000000000002b98      0x18c ./emlib/em_gpio.o
                0x0000000000002b98                GPIO_PinModeSet
 .text.I2C_IntClear
                0x0000000000002d24       0x1c ./emlib/em_i2c.o
 .text.BUS_RegBitWrite
                0x0000000000002d40       0x2e ./emlib/em_i2c.o
 .text.BUS_RegMaskedSet
                0x0000000000002d6e       0x24 ./emlib/em_i2c.o
 .text.BUS_RegMaskedClear
                0x0000000000002d92       0x24 ./emlib/em_i2c.o
 .text.BUS_RegMaskedWrite
                0x0000000000002db6       0x24 ./emlib/em_i2c.o
 *fill*         0x0000000000002dda        0x2 
 .text.I2C_BusFreqSet
                0x0000000000002ddc      0x198 ./emlib/em_i2c.o
                0x0000000000002ddc                I2C_BusFreqSet
 .text.I2C_Enable
                0x0000000000002f74       0x48 ./emlib/em_i2c.o
                0x0000000000002f74                I2C_Enable
 .text.I2C_Init
                0x0000000000002fbc       0x7c ./emlib/em_i2c.o
                0x0000000000002fbc                I2C_Init
 .text.LETIMER_Enable
                0x0000000000003038       0x40 ./emlib/em_letimer.o
                0x0000000000003038                LETIMER_Enable
 .text.LETIMER_Init
                0x0000000000003078       0xf8 ./emlib/em_letimer.o
                0x0000000000003078                LETIMER_Init
 .text.si7021_i2c_open
                0x0000000000003170       0x64 ./src/Source_files/SI7021.o
                0x0000000000003170                si7021_i2c_open
 .text.si7021_i2c_read
                0x00000000000031d4       0x24 ./src/Source_files/SI7021.o
                0x00000000000031d4                si7021_i2c_read
 .text.si7021_i2c_temp_convert
                0x00000000000031f8       0x88 ./src/Source_files/SI7021.o
                0x00000000000031f8                si7021_i2c_temp_convert
 .text.BUS_RegMaskedSet
                0x0000000000003280       0x24 ./src/Source_files/app.o
 .text.BUS_RegMaskedClear
                0x00000000000032a4       0x24 ./src/Source_files/app.o
 .text.GPIO_PinOutClear
                0x00000000000032c8       0xd0 ./src/Source_files/app.o
 .text.GPIO_PinOutSet
                0x0000000000003398       0xd0 ./src/Source_files/app.o
 .text.app_peripheral_setup
                0x0000000000003468       0x2c ./src/Source_files/app.o
                0x0000000000003468                app_peripheral_setup
 .text.app_letimer_pwm_open
                0x0000000000003494       0x60 ./src/Source_files/app.o
                0x0000000000003494                app_letimer_pwm_open
 .text.scheduled_letimer0_uf_evt
                0x00000000000034f4       0x2c ./src/Source_files/app.o
                0x00000000000034f4                scheduled_letimer0_uf_evt
 .text.scheduled_letimer0_comp0_evt
                0x0000000000003520       0x1c ./src/Source_files/app.o
                0x0000000000003520                scheduled_letimer0_comp0_evt
 .text.scheduled_letimer0_comp1_evt
                0x000000000000353c       0x1c ./src/Source_files/app.o
                0x000000000000353c                scheduled_letimer0_comp1_evt
 .text.scheduled_si7021_temp_done_evt
                0x0000000000003558       0x44 ./src/Source_files/app.o
                0x0000000000003558                scheduled_si7021_temp_done_evt
 .text.cmu_open
                0x000000000000359c       0x40 ./src/Source_files/cmu.o
                0x000000000000359c                cmu_open
 .text.gpio_open
                0x00000000000035dc       0x6c ./src/Source_files/gpio.o
                0x00000000000035dc                gpio_open
 .text.__NVIC_EnableIRQ
                0x0000000000003648       0x3c ./src/Source_files/i2c.o
 .text.BUS_RegBitRead
                0x0000000000003684       0x2a ./src/Source_files/i2c.o
 .text.BUS_RegMaskedSet
                0x00000000000036ae       0x24 ./src/Source_files/i2c.o
 .text.BUS_RegMaskedClear
                0x00000000000036d2       0x24 ./src/Source_files/i2c.o
 *fill*         0x00000000000036f6        0x2 
 .text.GPIO_PinInGet
                0x00000000000036f8       0xc8 ./src/Source_files/i2c.o
 .text.GPIO_PinOutClear
                0x00000000000037c0       0xd0 ./src/Source_files/i2c.o
 .text.GPIO_PinOutSet
                0x0000000000003890       0xd0 ./src/Source_files/i2c.o
 .text.i2c_open
                0x0000000000003960      0x10c ./src/Source_files/i2c.o
                0x0000000000003960                i2c_open
 .text.i2c_bus_reset
                0x0000000000003a6c       0xac ./src/Source_files/i2c.o
                0x0000000000003a6c                i2c_bus_reset
 .text.i2c_start
                0x0000000000003b18       0x70 ./src/Source_files/i2c.o
                0x0000000000003b18                i2c_start
 .text.I2C0_IRQHandler
                0x0000000000003b88       0xb4 ./src/Source_files/i2c.o
                0x0000000000003b88                I2C0_IRQHandler
 .text.I2C1_IRQHandler
                0x0000000000003c3c       0xb4 ./src/Source_files/i2c.o
                0x0000000000003c3c                I2C1_IRQHandler
 .text.i2c_ack  0x0000000000003cf0       0xa4 ./src/Source_files/i2c.o
 .text.i2c_nack
                0x0000000000003d94       0xa0 ./src/Source_files/i2c.o
 .text.i2c_rxdatav
                0x0000000000003e34       0xc0 ./src/Source_files/i2c.o
 .text.i2c_mstop
                0x0000000000003ef4       0x94 ./src/Source_files/i2c.o
 .text.__NVIC_EnableIRQ
                0x0000000000003f88       0x3c ./src/Source_files/letimer.o
 .text.letimer_pwm_open
                0x0000000000003fc4      0x174 ./src/Source_files/letimer.o
                0x0000000000003fc4                letimer_pwm_open
 .text.LETIMER0_IRQHandler
                0x0000000000004138       0xac ./src/Source_files/letimer.o
                0x0000000000004138                LETIMER0_IRQHandler
 .text.letimer_start
                0x00000000000041e4       0x64 ./src/Source_files/letimer.o
                0x00000000000041e4                letimer_start
 .text.scheduler_open
                0x0000000000004248       0x18 ./src/Source_files/scheduler.o
                0x0000000000004248                scheduler_open
 .text.add_scheduled_event
                0x0000000000004260       0x28 ./src/Source_files/scheduler.o
                0x0000000000004260                add_scheduled_event
 .text.remove_scheduled_event
                0x0000000000004288       0x2c ./src/Source_files/scheduler.o
                0x0000000000004288                remove_scheduled_event
 .text.get_scheduled_event
                0x00000000000042b4       0x18 ./src/Source_files/scheduler.o
                0x00000000000042b4                get_scheduled_event
 .text.EMU_EnterEM1
                0x00000000000042cc       0x20 ./src/Source_files/sleep_routines.o
 .text.sleep_open
                0x00000000000042ec       0x34 ./src/Source_files/sleep_routines.o
                0x00000000000042ec                sleep_open
 .text.sleep_block_mode
                0x0000000000004320       0x38 ./src/Source_files/sleep_routines.o
                0x0000000000004320                sleep_block_mode
 .text.sleep_unblock_mode
                0x0000000000004358       0x38 ./src/Source_files/sleep_routines.o
                0x0000000000004358                sleep_unblock_mode
 .text.enter_sleep
                0x0000000000004390       0x48 ./src/Source_files/sleep_routines.o
                0x0000000000004390                enter_sleep
 .text.SYSTEM_GetProdRev
                0x00000000000043d8       0x1c ./src/main.o
 .text.CHIP_Init
                0x00000000000043f4       0x74 ./src/main.o
 .text.main     0x0000000000004468       0xe0 ./src/main.o
                0x0000000000004468                main
 .text          0x0000000000004548      0x378 /Applications/Simplicity Studio.app/Contents/Eclipse/developer/toolchains/gnu_arm/7.2_2017q4/bin/../lib/gcc/arm-none-eabi/7.2.1/thumb/v7e-m/fpv4-sp/softfp/libgcc.a(_arm_addsubdf3.o)
                0x0000000000004548                __aeabi_drsub
                0x0000000000004550                __subdf3
                0x0000000000004550                __aeabi_dsub
                0x0000000000004554                __aeabi_dadd
                0x0000000000004554                __adddf3
                0x00000000000047cc                __aeabi_ui2d
                0x00000000000047cc                __floatunsidf
                0x00000000000047ec                __floatsidf
                0x00000000000047ec                __aeabi_i2d
                0x0000000000004810                __extendsfdf2
                0x0000000000004810                __aeabi_f2d
                0x0000000000004854                __aeabi_ul2d
                0x0000000000004854                __floatundidf
                0x0000000000004864                __aeabi_l2d
                0x0000000000004864                __floatdidf
 .text          0x00000000000048c0      0x424 /Applications/Simplicity Studio.app/Contents/Eclipse/developer/toolchains/gnu_arm/7.2_2017q4/bin/../lib/gcc/arm-none-eabi/7.2.1/thumb/v7e-m/fpv4-sp/softfp/libgcc.a(_arm_muldivdf3.o)
                0x00000000000048c0                __aeabi_dmul
                0x00000000000048c0                __muldf3
                0x0000000000004b14                __aeabi_ddiv
                0x0000000000004b14                __divdf3
 .text          0x0000000000004ce4       0xa0 /Applications/Simplicity Studio.app/Contents/Eclipse/developer/toolchains/gnu_arm/7.2_2017q4/bin/../lib/gcc/arm-none-eabi/7.2.1/thumb/v7e-m/fpv4-sp/softfp/libgcc.a(_arm_truncdfsf2.o)
                0x0000000000004ce4                __aeabi_d2f
                0x0000000000004ce4                __truncdfsf2
 .text.exit     0x0000000000004d84       0x28 /Applications/Simplicity Studio.app/Contents/Eclipse/developer/toolchains/gnu_arm/7.2_2017q4/bin/../lib/gcc/arm-none-eabi/7.2.1/../../../../arm-none-eabi/lib/thumb/v7e-m/fpv4-sp/softfp/libc_nano.a(lib_a-exit.o)
                0x0000000000004d84                exit
 .text.__libc_init_array
                0x0000000000004dac       0x48 /Applications/Simplicity Studio.app/Contents/Eclipse/developer/toolchains/gnu_arm/7.2_2017q4/bin/../lib/gcc/arm-none-eabi/7.2.1/../../../../arm-none-eabi/lib/thumb/v7e-m/fpv4-sp/softfp/libc_nano.a(lib_a-init.o)
                0x0000000000004dac                __libc_init_array
 .text.memset   0x0000000000004df4       0x10 /Applications/Simplicity Studio.app/Contents/Eclipse/developer/toolchains/gnu_arm/7.2_2017q4/bin/../lib/gcc/arm-none-eabi/7.2.1/../../../../arm-none-eabi/lib/thumb/v7e-m/fpv4-sp/softfp/libc_nano.a(lib_a-memset.o)
                0x0000000000004df4                memset
 .text._exit    0x0000000000004e04        0x4 /Applications/Simplicity Studio.app/Contents/Eclipse/developer/toolchains/gnu_arm/7.2_2017q4/bin/../lib/gcc/arm-none-eabi/7.2.1/../../../../arm-none-eabi/lib/thumb/v7e-m/fpv4-sp/softfp/libnosys.a(_exit.o)
                0x0000000000004e04                _exit
 *(.init)
 .init          0x0000000000004e08        0x4 /Applications/Simplicity Studio.app/Contents/Eclipse/developer/toolchains/gnu_arm/7.2_2017q4/bin/../lib/gcc/arm-none-eabi/7.2.1/thumb/v7e-m/fpv4-sp/softfp/crti.o
                0x0000000000004e08                _init
 .init          0x0000000000004e0c        0x8 /Applications/Simplicity Studio.app/Contents/Eclipse/developer/toolchains/gnu_arm/7.2_2017q4/bin/../lib/gcc/arm-none-eabi/7.2.1/thumb/v7e-m/fpv4-sp/softfp/crtn.o
 *(.fini)
 .fini          0x0000000000004e14        0x4 /Applications/Simplicity Studio.app/Contents/Eclipse/developer/toolchains/gnu_arm/7.2_2017q4/bin/../lib/gcc/arm-none-eabi/7.2.1/thumb/v7e-m/fpv4-sp/softfp/crti.o
                0x0000000000004e14                _fini
 .fini          0x0000000000004e18        0x8 /Applications/Simplicity Studio.app/Contents/Eclipse/developer/toolchains/gnu_arm/7.2_2017q4/bin/../lib/gcc/arm-none-eabi/7.2.1/thumb/v7e-m/fpv4-sp/softfp/crtn.o
 *crtbegin.o(.ctors)
 *crtbegin?.o(.ctors)
 *(EXCLUDE_FILE(*crtend.o *crtend?.o) .ctors)
 *(SORT_BY_NAME(.ctors.*))
 *(.ctors)
 *crtbegin.o(.dtors)
 *crtbegin?.o(.dtors)
 *(EXCLUDE_FILE(*crtend.o *crtend?.o) .dtors)
 *(SORT_BY_NAME(.dtors.*))
 *(.dtors)
 *(.rodata*)
 .rodata        0x0000000000004e20       0x8a ./emlib/em_cmu.o
 *fill*         0x0000000000004eaa        0x2 
 .rodata.flashWsTable
                0x0000000000004eac       0x28 ./emlib/em_cmu.o
 .rodata        0x0000000000004ed4       0x12 ./emlib/em_emu.o
 *fill*         0x0000000000004ee6        0x2 
 .rodata        0x0000000000004ee8       0x8b ./emlib/em_gpio.o
 *fill*         0x0000000000004f73        0x1 
 .rodata.i2cNSum
                0x0000000000004f74        0x4 ./emlib/em_i2c.o
 .rodata        0x0000000000004f78       0x12 ./emlib/em_i2c.o
 *fill*         0x0000000000004f8a        0x2 
 .rodata        0x0000000000004f8c       0x16 ./emlib/em_letimer.o
 *fill*         0x0000000000004fa2        0x2 
 .rodata        0x0000000000004fa4       0x92 ./src/Source_files/app.o
 *fill*         0x0000000000005036        0x2 
 .rodata        0x0000000000005038       0x92 ./src/Source_files/i2c.o
 *fill*         0x00000000000050ca        0x2 
 .rodata        0x00000000000050cc       0x1e ./src/Source_files/letimer.o
 *fill*         0x00000000000050ea        0x2 
 .rodata        0x00000000000050ec       0x25 ./src/Source_files/sleep_routines.o
 *fill*         0x0000000000005111        0x3 
 .rodata        0x0000000000005114       0x22 ./src/main.o
 *fill*         0x0000000000005136        0x2 
 .rodata._global_impure_ptr
                0x0000000000005138        0x4 /Applications/Simplicity Studio.app/Contents/Eclipse/developer/toolchains/gnu_arm/7.2_2017q4/bin/../lib/gcc/arm-none-eabi/7.2.1/../../../../arm-none-eabi/lib/thumb/v7e-m/fpv4-sp/softfp/libc_nano.a(lib_a-impure.o)
                0x0000000000005138                _global_impure_ptr
 *(.eh_frame*)
 .eh_frame      0x000000000000513c        0x0 /Applications/Simplicity Studio.app/Contents/Eclipse/developer/toolchains/gnu_arm/7.2_2017q4/bin/../lib/gcc/arm-none-eabi/7.2.1/thumb/v7e-m/fpv4-sp/softfp/crtbegin.o
 .eh_frame      0x000000000000513c        0x4 /Applications/Simplicity Studio.app/Contents/Eclipse/developer/toolchains/gnu_arm/7.2_2017q4/bin/../lib/gcc/arm-none-eabi/7.2.1/thumb/v7e-m/fpv4-sp/softfp/crtend.o

.glue_7         0x0000000000005140        0x0
 .glue_7        0x0000000000005140        0x0 linker stubs

.glue_7t        0x0000000000005140        0x0
 .glue_7t       0x0000000000005140        0x0 linker stubs

.vfp11_veneer   0x0000000000005140        0x0
 .vfp11_veneer  0x0000000000005140        0x0 linker stubs

.v4_bx          0x0000000000005140        0x0
 .v4_bx         0x0000000000005140        0x0 linker stubs

.iplt           0x0000000000005140        0x0
 .iplt          0x0000000000005140        0x0 /Applications/Simplicity Studio.app/Contents/Eclipse/developer/toolchains/gnu_arm/7.2_2017q4/bin/../lib/gcc/arm-none-eabi/7.2.1/thumb/v7e-m/fpv4-sp/softfp/crtbegin.o

.ARM.extab
 *(.ARM.extab* .gnu.linkonce.armextab.*)
                0x0000000000005140                __exidx_start = .

.ARM.exidx      0x0000000000005140        0x8
 *(.ARM.exidx* .gnu.linkonce.armexidx.*)
 .ARM.exidx     0x0000000000005140        0x8 /Applications/Simplicity Studio.app/Contents/Eclipse/developer/toolchains/gnu_arm/7.2_2017q4/bin/../lib/gcc/arm-none-eabi/7.2.1/../../../../arm-none-eabi/lib/thumb/v7e-m/fpv4-sp/softfp/crt0.o
                0x0000000000005148                __exidx_end = .
                0x0000000000005148                __etext = .

.rel.dyn        0x0000000000005148        0x0
 .rel.iplt      0x0000000000005148        0x0 /Applications/Simplicity Studio.app/Contents/Eclipse/developer/toolchains/gnu_arm/7.2_2017q4/bin/../lib/gcc/arm-none-eabi/7.2.1/thumb/v7e-m/fpv4-sp/softfp/crtbegin.o

.data           0x0000000020000000       0x7c load address 0x0000000000005148
                0x0000000020000000                __data_start__ = .
 *(vtable)
 *(.data*)
 .data.SystemHFXOClock
                0x0000000020000000        0x4 ./CMSIS/EFM32PG12B/system_efm32pg12b.o
 .data.SystemLFXOClock
                0x0000000020000004        0x4 ./CMSIS/EFM32PG12B/system_efm32pg12b.o
 .data.SystemCoreClock
                0x0000000020000008        0x4 ./CMSIS/EFM32PG12B/system_efm32pg12b.o
                0x0000000020000008                SystemCoreClock
 .data.SystemHfrcoFreq
                0x000000002000000c        0x4 ./CMSIS/EFM32PG12B/system_efm32pg12b.o
                0x000000002000000c                SystemHfrcoFreq
 .data.auxHfrcoFreq
                0x0000000020000010        0x4 ./emlib/em_cmu.o
 .data.impure_data
                0x0000000020000014       0x60 /Applications/Simplicity Studio.app/Contents/Eclipse/developer/toolchains/gnu_arm/7.2_2017q4/bin/../lib/gcc/arm-none-eabi/7.2.1/../../../../arm-none-eabi/lib/thumb/v7e-m/fpv4-sp/softfp/libc_nano.a(lib_a-impure.o)
                0x0000000020000074                . = ALIGN (0x4)
 *(.ram)
                0x0000000020000074                . = ALIGN (0x4)
                0x0000000020000074                PROVIDE (__preinit_array_start, .)
 *(.preinit_array)
                0x0000000020000074                PROVIDE (__preinit_array_end, .)
                0x0000000020000074                . = ALIGN (0x4)
                0x0000000020000074                PROVIDE (__init_array_start, .)
 *(SORT_BY_NAME(.init_array.*))
 *(.init_array)
 .init_array    0x0000000020000074        0x4 /Applications/Simplicity Studio.app/Contents/Eclipse/developer/toolchains/gnu_arm/7.2_2017q4/bin/../lib/gcc/arm-none-eabi/7.2.1/thumb/v7e-m/fpv4-sp/softfp/crtbegin.o
                0x0000000020000078                PROVIDE (__init_array_end, .)
                0x0000000020000078                . = ALIGN (0x4)
                [!provide]                        PROVIDE (__fini_array_start, .)
 *(SORT_BY_NAME(.fini_array.*))
 *(.fini_array)
 .fini_array    0x0000000020000078        0x4 /Applications/Simplicity Studio.app/Contents/Eclipse/developer/toolchains/gnu_arm/7.2_2017q4/bin/../lib/gcc/arm-none-eabi/7.2.1/thumb/v7e-m/fpv4-sp/softfp/crtbegin.o
                [!provide]                        PROVIDE (__fini_array_end, .)
 *(.jcr*)
                0x000000002000007c                . = ALIGN (0x4)
                0x000000002000007c                __data_end__ = .

.igot.plt       0x000000002000007c        0x0 load address 0x00000000000051c4
 .igot.plt      0x000000002000007c        0x0 /Applications/Simplicity Studio.app/Contents/Eclipse/developer/toolchains/gnu_arm/7.2_2017q4/bin/../lib/gcc/arm-none-eabi/7.2.1/thumb/v7e-m/fpv4-sp/softfp/crtbegin.o

.bss            0x000000002000007c       0x74 load address 0x00000000000051c4
                0x000000002000007c                . = ALIGN (0x4)
                0x000000002000007c                __bss_start__ = .
 *(.bss*)
 .bss           0x000000002000007c       0x1c /Applications/Simplicity Studio.app/Contents/Eclipse/developer/toolchains/gnu_arm/7.2_2017q4/bin/../lib/gcc/arm-none-eabi/7.2.1/thumb/v7e-m/fpv4-sp/softfp/crtbegin.o
 .bss.dcdcMaxCurrent_mA
                0x0000000020000098        0x2 ./emlib/em_emu.o
 .bss.dcdcEm01LoadCurrent_mA
                0x000000002000009a        0x2 ./emlib/em_emu.o
 .bss.dcdcReverseCurrentControl
                0x000000002000009c        0x2 ./emlib/em_emu.o
 *fill*         0x000000002000009e        0x2 
 .bss.vScaleEM01Config
                0x00000000200000a0        0x1 ./emlib/em_emu.o
 *fill*         0x00000000200000a1        0x3 
 .bss.cmuStatus.8075
                0x00000000200000a4        0x4 ./emlib/em_emu.o
 .bss.hfClock.8076
                0x00000000200000a8        0x1 ./emlib/em_emu.o
 .bss.vScaleStatus.8077
                0x00000000200000a9        0x1 ./emlib/em_emu.o
 *fill*         0x00000000200000aa        0x2 
 .bss.hfrcoCtrl.8078
                0x00000000200000ac        0x4 ./emlib/em_emu.o
 .bss.data      0x00000000200000b0        0x4 ./src/Source_files/SI7021.o
 .bss.payload   0x00000000200000b4       0x18 ./src/Source_files/i2c.o
 .bss.scheduled_comp0_evt
                0x00000000200000cc        0x4 ./src/Source_files/letimer.o
 .bss.scheduled_comp1_evt
                0x00000000200000d0        0x4 ./src/Source_files/letimer.o
 .bss.scheduled_uf_evt
                0x00000000200000d4        0x4 ./src/Source_files/letimer.o
 .bss.event_scheduled
                0x00000000200000d8        0x4 ./src/Source_files/scheduler.o
 .bss.lowest_energy_mode
                0x00000000200000dc       0x14 ./src/Source_files/sleep_routines.o
 *(COMMON)
                0x00000000200000f0                . = ALIGN (0x4)
                0x00000000200000f0                __bss_end__ = .

.heap           0x00000000200000f0      0xc00
                0x00000000200000f0                __HeapBase = .
                0x00000000200000f0                __end__ = .
                0x00000000200000f0                end = __end__
                0x00000000200000f0                _end = __end__
 *(.heap*)
 .heap          0x00000000200000f0      0xc00 ./CMSIS/EFM32PG12B/startup_gcc_efm32pg12b.o
                0x0000000020000cf0                __HeapLimit = .

.stack_dummy    0x00000000200000f0      0x400
 *(.stack*)
 .stack         0x00000000200000f0      0x400 ./CMSIS/EFM32PG12B/startup_gcc_efm32pg12b.o
                0x0000000020040000                __StackTop = (ORIGIN (RAM) + LENGTH (RAM))
                0x000000002003fc00                __StackLimit = (__StackTop - SIZEOF (.stack_dummy))
                0x0000000020040000                PROVIDE (__stack, __StackTop)
                0x0000000000000001                ASSERT ((__StackLimit >= __HeapLimit), region RAM overflowed with stack)
                0x0000000000000001                ASSERT ((LENGTH (FLASH) >= (__etext + SIZEOF (.data))), FLASH memory overflowed !)
OUTPUT(DW_I2C_Lab.axf elf32-littlearm)

.ARM.attributes
                0x0000000000000000       0x2e
 .ARM.attributes
                0x0000000000000000       0x22 /Applications/Simplicity Studio.app/Contents/Eclipse/developer/toolchains/gnu_arm/7.2_2017q4/bin/../lib/gcc/arm-none-eabi/7.2.1/thumb/v7e-m/fpv4-sp/softfp/crti.o
 .ARM.attributes
                0x0000000000000022       0x32 /Applications/Simplicity Studio.app/Contents/Eclipse/developer/toolchains/gnu_arm/7.2_2017q4/bin/../lib/gcc/arm-none-eabi/7.2.1/thumb/v7e-m/fpv4-sp/softfp/crtbegin.o
 .ARM.attributes
                0x0000000000000054       0x20 /Applications/Simplicity Studio.app/Contents/Eclipse/developer/toolchains/gnu_arm/7.2_2017q4/bin/../lib/gcc/arm-none-eabi/7.2.1/../../../../arm-none-eabi/lib/thumb/v7e-m/fpv4-sp/softfp/crt0.o
 .ARM.attributes
                0x0000000000000074       0x1f ./CMSIS/EFM32PG12B/startup_gcc_efm32pg12b.o
 .ARM.attributes
                0x0000000000000093       0x37 ./CMSIS/EFM32PG12B/system_efm32pg12b.o
 .ARM.attributes
                0x00000000000000ca       0x37 ./emlib/em_assert.o
 .ARM.attributes
                0x0000000000000101       0x37 ./emlib/em_cmu.o
 .ARM.attributes
                0x0000000000000138       0x37 ./emlib/em_emu.o
 .ARM.attributes
                0x000000000000016f       0x37 ./emlib/em_gpio.o
 .ARM.attributes
                0x00000000000001a6       0x37 ./emlib/em_i2c.o
 .ARM.attributes
                0x00000000000001dd       0x37 ./emlib/em_letimer.o
 .ARM.attributes
                0x0000000000000214       0x37 ./src/Source_files/SI7021.o
 .ARM.attributes
                0x000000000000024b       0x37 ./src/Source_files/app.o
 .ARM.attributes
                0x0000000000000282       0x37 ./src/Source_files/cmu.o
 .ARM.attributes
                0x00000000000002b9       0x37 ./src/Source_files/gpio.o
 .ARM.attributes
                0x00000000000002f0       0x37 ./src/Source_files/i2c.o
 .ARM.attributes
                0x0000000000000327       0x37 ./src/Source_files/letimer.o
 .ARM.attributes
                0x000000000000035e       0x37 ./src/Source_files/scheduler.o
 .ARM.attributes
                0x0000000000000395       0x37 ./src/Source_files/sleep_routines.o
 .ARM.attributes
                0x00000000000003cc       0x37 ./src/main.o
 .ARM.attributes
                0x0000000000000403       0x22 /Applications/Simplicity Studio.app/Contents/Eclipse/developer/toolchains/gnu_arm/7.2_2017q4/bin/../lib/gcc/arm-none-eabi/7.2.1/thumb/v7e-m/fpv4-sp/softfp/libgcc.a(_arm_addsubdf3.o)
 .ARM.attributes
                0x0000000000000425       0x22 /Applications/Simplicity Studio.app/Contents/Eclipse/developer/toolchains/gnu_arm/7.2_2017q4/bin/../lib/gcc/arm-none-eabi/7.2.1/thumb/v7e-m/fpv4-sp/softfp/libgcc.a(_arm_muldivdf3.o)
 .ARM.attributes
                0x0000000000000447       0x22 /Applications/Simplicity Studio.app/Contents/Eclipse/developer/toolchains/gnu_arm/7.2_2017q4/bin/../lib/gcc/arm-none-eabi/7.2.1/thumb/v7e-m/fpv4-sp/softfp/libgcc.a(_arm_truncdfsf2.o)
 .ARM.attributes
                0x0000000000000469       0x32 /Applications/Simplicity Studio.app/Contents/Eclipse/developer/toolchains/gnu_arm/7.2_2017q4/bin/../lib/gcc/arm-none-eabi/7.2.1/../../../../arm-none-eabi/lib/thumb/v7e-m/fpv4-sp/softfp/libc_nano.a(lib_a-exit.o)
 .ARM.attributes
                0x000000000000049b       0x32 /Applications/Simplicity Studio.app/Contents/Eclipse/developer/toolchains/gnu_arm/7.2_2017q4/bin/../lib/gcc/arm-none-eabi/7.2.1/../../../../arm-none-eabi/lib/thumb/v7e-m/fpv4-sp/softfp/libc_nano.a(lib_a-impure.o)
 .ARM.attributes
                0x00000000000004cd       0x32 /Applications/Simplicity Studio.app/Contents/Eclipse/developer/toolchains/gnu_arm/7.2_2017q4/bin/../lib/gcc/arm-none-eabi/7.2.1/../../../../arm-none-eabi/lib/thumb/v7e-m/fpv4-sp/softfp/libc_nano.a(lib_a-init.o)
 .ARM.attributes
                0x00000000000004ff       0x32 /Applications/Simplicity Studio.app/Contents/Eclipse/developer/toolchains/gnu_arm/7.2_2017q4/bin/../lib/gcc/arm-none-eabi/7.2.1/../../../../arm-none-eabi/lib/thumb/v7e-m/fpv4-sp/softfp/libc_nano.a(lib_a-memset.o)
 .ARM.attributes
                0x0000000000000531       0x32 /Applications/Simplicity Studio.app/Contents/Eclipse/developer/toolchains/gnu_arm/7.2_2017q4/bin/../lib/gcc/arm-none-eabi/7.2.1/../../../../arm-none-eabi/lib/thumb/v7e-m/fpv4-sp/softfp/libnosys.a(_exit.o)
 .ARM.attributes
                0x0000000000000563       0x32 /Applications/Simplicity Studio.app/Contents/Eclipse/developer/toolchains/gnu_arm/7.2_2017q4/bin/../lib/gcc/arm-none-eabi/7.2.1/thumb/v7e-m/fpv4-sp/softfp/crtend.o
 .ARM.attributes
                0x0000000000000595       0x22 /Applications/Simplicity Studio.app/Contents/Eclipse/developer/toolchains/gnu_arm/7.2_2017q4/bin/../lib/gcc/arm-none-eabi/7.2.1/thumb/v7e-m/fpv4-sp/softfp/crtn.o

.comment        0x0000000000000000       0x7e
 .comment       0x0000000000000000       0x7e ./CMSIS/EFM32PG12B/system_efm32pg12b.o
                                         0x7f (size before relaxing)
 .comment       0x000000000000007e       0x7f ./emlib/em_assert.o
 .comment       0x000000000000007e       0x7f ./emlib/em_cmu.o
 .comment       0x000000000000007e       0x7f ./emlib/em_emu.o
 .comment       0x000000000000007e       0x7f ./emlib/em_gpio.o
 .comment       0x000000000000007e       0x7f ./emlib/em_i2c.o
 .comment       0x000000000000007e       0x7f ./emlib/em_letimer.o
 .comment       0x000000000000007e       0x7f ./src/Source_files/SI7021.o
 .comment       0x000000000000007e       0x7f ./src/Source_files/app.o
 .comment       0x000000000000007e       0x7f ./src/Source_files/cmu.o
 .comment       0x000000000000007e       0x7f ./src/Source_files/gpio.o
 .comment       0x000000000000007e       0x7f ./src/Source_files/i2c.o
 .comment       0x000000000000007e       0x7f ./src/Source_files/letimer.o
 .comment       0x000000000000007e       0x7f ./src/Source_files/scheduler.o
 .comment       0x000000000000007e       0x7f ./src/Source_files/sleep_routines.o
 .comment       0x000000000000007e       0x7f ./src/main.o

.debug_line     0x0000000000000000     0xb7c6
 .debug_line    0x0000000000000000       0x78 ./CMSIS/EFM32PG12B/startup_gcc_efm32pg12b.o
 .debug_line    0x0000000000000078      0x90f ./CMSIS/EFM32PG12B/system_efm32pg12b.o
 .debug_line    0x0000000000000987      0x154 ./emlib/em_assert.o
 .debug_line    0x0000000000000adb     0x14a8 ./emlib/em_cmu.o
 .debug_line    0x0000000000001f83     0x13ff ./emlib/em_emu.o
 .debug_line    0x0000000000003382      0xcfb ./emlib/em_gpio.o
 .debug_line    0x000000000000407d      0xc5f ./emlib/em_i2c.o
 .debug_line    0x0000000000004cdc      0xa75 ./emlib/em_letimer.o
 .debug_line    0x0000000000005751      0x9fc ./src/Source_files/SI7021.o
 .debug_line    0x000000000000614d      0xbdb ./src/Source_files/app.o
 .debug_line    0x0000000000006d28      0x956 ./src/Source_files/cmu.o
 .debug_line    0x000000000000767e      0x956 ./src/Source_files/gpio.o
 .debug_line    0x0000000000007fd4      0xd4d ./src/Source_files/i2c.o
 .debug_line    0x0000000000008d21      0xa68 ./src/Source_files/letimer.o
 .debug_line    0x0000000000009789      0x9c8 ./src/Source_files/scheduler.o
 .debug_line    0x000000000000a151      0xa21 ./src/Source_files/sleep_routines.o
 .debug_line    0x000000000000ab72      0xc54 ./src/main.o

.debug_info     0x0000000000000000     0xb8d2
 .debug_info    0x0000000000000000       0x26 ./CMSIS/EFM32PG12B/startup_gcc_efm32pg12b.o
 .debug_info    0x0000000000000026      0x8f6 ./CMSIS/EFM32PG12B/system_efm32pg12b.o
 .debug_info    0x000000000000091c       0x7e ./emlib/em_assert.o
 .debug_info    0x000000000000099a     0x2409 ./emlib/em_cmu.o
 .debug_info    0x0000000000002da3     0x2409 ./emlib/em_emu.o
 .debug_info    0x00000000000051ac      0xa7a ./emlib/em_gpio.o
 .debug_info    0x0000000000005c26      0xa19 ./emlib/em_i2c.o
 .debug_info    0x000000000000663f      0x5cd ./emlib/em_letimer.o
 .debug_info    0x0000000000006c0c      0x3f1 ./src/Source_files/SI7021.o
 .debug_info    0x0000000000006ffd      0x76c ./src/Source_files/app.o
 .debug_info    0x0000000000007769      0x32a ./src/Source_files/cmu.o
 .debug_info    0x0000000000007a93      0x36f ./src/Source_files/gpio.o
 .debug_info    0x0000000000007e02      0xe70 ./src/Source_files/i2c.o
 .debug_info    0x0000000000008c72      0x95a ./src/Source_files/letimer.o
 .debug_info    0x00000000000095cc      0x1c2 ./src/Source_files/scheduler.o
 .debug_info    0x000000000000978e      0x3c4 ./src/Source_files/sleep_routines.o
 .debug_info    0x0000000000009b52     0x1d80 ./src/main.o

.debug_abbrev   0x0000000000000000     0x1b83
 .debug_abbrev  0x0000000000000000       0x14 ./CMSIS/EFM32PG12B/startup_gcc_efm32pg12b.o
 .debug_abbrev  0x0000000000000014      0x1b7 ./CMSIS/EFM32PG12B/system_efm32pg12b.o
 .debug_abbrev  0x00000000000001cb       0x68 ./emlib/em_assert.o
 .debug_abbrev  0x0000000000000233      0x31e ./emlib/em_cmu.o
 .debug_abbrev  0x0000000000000551      0x312 ./emlib/em_emu.o
 .debug_abbrev  0x0000000000000863      0x206 ./emlib/em_gpio.o
 .debug_abbrev  0x0000000000000a69      0x263 ./emlib/em_i2c.o
 .debug_abbrev  0x0000000000000ccc      0x1d1 ./emlib/em_letimer.o
 .debug_abbrev  0x0000000000000e9d      0x117 ./src/Source_files/SI7021.o
 .debug_abbrev  0x0000000000000fb4      0x1bf ./src/Source_files/app.o
 .debug_abbrev  0x0000000000001173       0xa0 ./src/Source_files/cmu.o
 .debug_abbrev  0x0000000000001213       0xa0 ./src/Source_files/gpio.o
 .debug_abbrev  0x00000000000012b3      0x296 ./src/Source_files/i2c.o
 .debug_abbrev  0x0000000000001549      0x1a0 ./src/Source_files/letimer.o
 .debug_abbrev  0x00000000000016e9       0xed ./src/Source_files/scheduler.o
 .debug_abbrev  0x00000000000017d6      0x16a ./src/Source_files/sleep_routines.o
 .debug_abbrev  0x0000000000001940      0x243 ./src/main.o

.debug_aranges  0x0000000000000000      0x7d0
 .debug_aranges
                0x0000000000000000       0x20 ./CMSIS/EFM32PG12B/startup_gcc_efm32pg12b.o
 .debug_aranges
                0x0000000000000020       0x68 ./CMSIS/EFM32PG12B/system_efm32pg12b.o
 .debug_aranges
                0x0000000000000088       0x20 ./emlib/em_assert.o
 .debug_aranges
                0x00000000000000a8      0x1b8 ./emlib/em_cmu.o
 .debug_aranges
                0x0000000000000260      0x1a8 ./emlib/em_emu.o
 .debug_aranges
                0x0000000000000408       0x88 ./emlib/em_gpio.o
 .debug_aranges
                0x0000000000000490       0x80 ./emlib/em_i2c.o
 .debug_aranges
                0x0000000000000510       0x68 ./emlib/em_letimer.o
 .debug_aranges
                0x0000000000000578       0x30 ./src/Source_files/SI7021.o
 .debug_aranges
                0x00000000000005a8       0x68 ./src/Source_files/app.o
 .debug_aranges
                0x0000000000000610       0x20 ./src/Source_files/cmu.o
 .debug_aranges
                0x0000000000000630       0x20 ./src/Source_files/gpio.o
 .debug_aranges
                0x0000000000000650       0x98 ./src/Source_files/i2c.o
 .debug_aranges
                0x00000000000006e8       0x38 ./src/Source_files/letimer.o
 .debug_aranges
                0x0000000000000720       0x38 ./src/Source_files/scheduler.o
 .debug_aranges
                0x0000000000000758       0x48 ./src/Source_files/sleep_routines.o
 .debug_aranges
                0x00000000000007a0       0x30 ./src/main.o

.debug_str      0x0000000000000000   0x15910b
 .debug_str     0x0000000000000000       0x95 ./CMSIS/EFM32PG12B/startup_gcc_efm32pg12b.o
 .debug_str     0x0000000000000095   0x14e3ef ./CMSIS/EFM32PG12B/system_efm32pg12b.o
                                     0x14f31f (size before relaxing)
 .debug_str     0x000000000014e484       0xb8 ./emlib/em_assert.o
                                       0x2dc9 (size before relaxing)
 .debug_str     0x000000000014e53c     0x4dcc ./emlib/em_cmu.o
                                     0x154113 (size before relaxing)
 .debug_str     0x0000000000153308     0x114d ./emlib/em_emu.o
                                     0x15431b (size before relaxing)
 .debug_str     0x0000000000154455      0x4a5 ./emlib/em_gpio.o
                                     0x14fd80 (size before relaxing)
 .debug_str     0x00000000001548fa      0x51d ./emlib/em_i2c.o
                                     0x1527c8 (size before relaxing)
 .debug_str     0x0000000000154e17      0x31c ./emlib/em_letimer.o
                                     0x1506f1 (size before relaxing)
 .debug_str     0x0000000000155133      0xb39 ./src/Source_files/SI7021.o
                                     0x1516ea (size before relaxing)
 .debug_str     0x0000000000155c6c      0x35d ./src/Source_files/app.o
                                     0x151db0 (size before relaxing)
 .debug_str     0x0000000000155fc9       0x23 ./src/Source_files/cmu.o
                                     0x15077e (size before relaxing)
 .debug_str     0x0000000000155fec       0x25 ./src/Source_files/gpio.o
                                     0x1509e2 (size before relaxing)
 .debug_str     0x0000000000156011      0x391 ./src/Source_files/i2c.o
                                     0x151bc0 (size before relaxing)
 .debug_str     0x00000000001563a2       0xfa ./src/Source_files/letimer.o
                                     0x15199a (size before relaxing)
 .debug_str     0x000000000015649c       0x85 ./src/Source_files/scheduler.o
                                     0x15042a (size before relaxing)
 .debug_str     0x0000000000156521       0x9a ./src/Source_files/sleep_routines.o
                                     0x14fc8b (size before relaxing)
 .debug_str     0x00000000001565bb     0x2b50 ./src/main.o
                                     0x156ae2 (size before relaxing)

.debug_loc      0x0000000000000000     0x3b96
 .debug_loc     0x0000000000000000      0x2e4 ./CMSIS/EFM32PG12B/system_efm32pg12b.o
 .debug_loc     0x00000000000002e4       0x38 ./emlib/em_assert.o
 .debug_loc     0x000000000000031c     0x1010 ./emlib/em_cmu.o
 .debug_loc     0x000000000000132c      0xea6 ./emlib/em_emu.o
 .debug_loc     0x00000000000021d2      0x49c ./emlib/em_gpio.o
 .debug_loc     0x000000000000266e      0x44c ./emlib/em_i2c.o
 .debug_loc     0x0000000000002aba      0x338 ./emlib/em_letimer.o
 .debug_loc     0x0000000000002df2       0xe4 ./src/Source_files/SI7021.o
 .debug_loc     0x0000000000002ed6      0x2a8 ./src/Source_files/app.o
 .debug_loc     0x000000000000317e       0x2c ./src/Source_files/cmu.o
 .debug_loc     0x00000000000031aa       0x2c ./src/Source_files/gpio.o
 .debug_loc     0x00000000000031d6      0x4a0 ./src/Source_files/i2c.o
 .debug_loc     0x0000000000003676      0x14c ./src/Source_files/letimer.o
 .debug_loc     0x00000000000037c2      0x140 ./src/Source_files/scheduler.o
 .debug_loc     0x0000000000003902      0x1c8 ./src/Source_files/sleep_routines.o
 .debug_loc     0x0000000000003aca       0xcc ./src/main.o

.debug_ranges   0x0000000000000000      0x6c8
 .debug_ranges  0x0000000000000000       0x58 ./CMSIS/EFM32PG12B/system_efm32pg12b.o
 .debug_ranges  0x0000000000000058       0x10 ./emlib/em_assert.o
 .debug_ranges  0x0000000000000068      0x1a8 ./emlib/em_cmu.o
 .debug_ranges  0x0000000000000210      0x198 ./emlib/em_emu.o
 .debug_ranges  0x00000000000003a8       0x78 ./emlib/em_gpio.o
 .debug_ranges  0x0000000000000420       0x88 ./emlib/em_i2c.o
 .debug_ranges  0x00000000000004a8       0x58 ./emlib/em_letimer.o
 .debug_ranges  0x0000000000000500       0x20 ./src/Source_files/SI7021.o
 .debug_ranges  0x0000000000000520       0x58 ./src/Source_files/app.o
 .debug_ranges  0x0000000000000578       0x10 ./src/Source_files/cmu.o
 .debug_ranges  0x0000000000000588       0x10 ./src/Source_files/gpio.o
 .debug_ranges  0x0000000000000598       0x88 ./src/Source_files/i2c.o
 .debug_ranges  0x0000000000000620       0x28 ./src/Source_files/letimer.o
 .debug_ranges  0x0000000000000648       0x28 ./src/Source_files/scheduler.o
 .debug_ranges  0x0000000000000670       0x38 ./src/Source_files/sleep_routines.o
 .debug_ranges  0x00000000000006a8       0x20 ./src/main.o

.debug_macro    0x0000000000000000    0x33c2b
 .debug_macro   0x0000000000000000      0x282 ./CMSIS/EFM32PG12B/system_efm32pg12b.o
 .debug_macro   0x0000000000000282      0xa54 ./CMSIS/EFM32PG12B/system_efm32pg12b.o
 .debug_macro   0x0000000000000cd6       0x22 ./CMSIS/EFM32PG12B/system_efm32pg12b.o
 .debug_macro   0x0000000000000cf8       0x4f ./CMSIS/EFM32PG12B/system_efm32pg12b.o
 .debug_macro   0x0000000000000d47       0x51 ./CMSIS/EFM32PG12B/system_efm32pg12b.o
 .debug_macro   0x0000000000000d98       0xef ./CMSIS/EFM32PG12B/system_efm32pg12b.o
 .debug_macro   0x0000000000000e87       0x6a ./CMSIS/EFM32PG12B/system_efm32pg12b.o
 .debug_macro   0x0000000000000ef1      0x1df ./CMSIS/EFM32PG12B/system_efm32pg12b.o
 .debug_macro   0x00000000000010d0      0x4b1 ./CMSIS/EFM32PG12B/system_efm32pg12b.o
 .debug_macro   0x0000000000001581       0x1c ./CMSIS/EFM32PG12B/system_efm32pg12b.o
 .debug_macro   0x000000000000159d       0x22 ./CMSIS/EFM32PG12B/system_efm32pg12b.o
 .debug_macro   0x00000000000015bf       0xdf ./CMSIS/EFM32PG12B/system_efm32pg12b.o
 .debug_macro   0x000000000000169e      0xff5 ./CMSIS/EFM32PG12B/system_efm32pg12b.o
 .debug_macro   0x0000000000002693       0xe2 ./CMSIS/EFM32PG12B/system_efm32pg12b.o
 .debug_macro   0x0000000000002775      0xe1d ./CMSIS/EFM32PG12B/system_efm32pg12b.o
 .debug_macro   0x0000000000003592     0x2276 ./CMSIS/EFM32PG12B/system_efm32pg12b.o
 .debug_macro   0x0000000000005808      0x32a ./CMSIS/EFM32PG12B/system_efm32pg12b.o
 .debug_macro   0x0000000000005b32     0x3119 ./CMSIS/EFM32PG12B/system_efm32pg12b.o
 .debug_macro   0x0000000000008c4b     0x1bbb ./CMSIS/EFM32PG12B/system_efm32pg12b.o
 .debug_macro   0x000000000000a806     0x2675 ./CMSIS/EFM32PG12B/system_efm32pg12b.o
 .debug_macro   0x000000000000ce7b     0x1b1a ./CMSIS/EFM32PG12B/system_efm32pg12b.o
 .debug_macro   0x000000000000e995      0xe2c ./CMSIS/EFM32PG12B/system_efm32pg12b.o
 .debug_macro   0x000000000000f7c1      0x345 ./CMSIS/EFM32PG12B/system_efm32pg12b.o
 .debug_macro   0x000000000000fb06      0x29e ./CMSIS/EFM32PG12B/system_efm32pg12b.o
 .debug_macro   0x000000000000fda4     0x2764 ./CMSIS/EFM32PG12B/system_efm32pg12b.o
 .debug_macro   0x0000000000012508     0x31cd ./CMSIS/EFM32PG12B/system_efm32pg12b.o
 .debug_macro   0x00000000000156d5     0x136c ./CMSIS/EFM32PG12B/system_efm32pg12b.o
 .debug_macro   0x0000000000016a41      0xde3 ./CMSIS/EFM32PG12B/system_efm32pg12b.o
 .debug_macro   0x0000000000017824      0x249 ./CMSIS/EFM32PG12B/system_efm32pg12b.o
 .debug_macro   0x0000000000017a6d     0x1043 ./CMSIS/EFM32PG12B/system_efm32pg12b.o
 .debug_macro   0x0000000000018ab0     0x1606 ./CMSIS/EFM32PG12B/system_efm32pg12b.o
 .debug_macro   0x000000000001a0b6     0x3cb8 ./CMSIS/EFM32PG12B/system_efm32pg12b.o
 .debug_macro   0x000000000001dd6e     0x23fd ./CMSIS/EFM32PG12B/system_efm32pg12b.o
 .debug_macro   0x000000000002016b      0x70d ./CMSIS/EFM32PG12B/system_efm32pg12b.o
 .debug_macro   0x0000000000020878     0x26f0 ./CMSIS/EFM32PG12B/system_efm32pg12b.o
 .debug_macro   0x0000000000022f68     0x1701 ./CMSIS/EFM32PG12B/system_efm32pg12b.o
 .debug_macro   0x0000000000024669     0x2efc ./CMSIS/EFM32PG12B/system_efm32pg12b.o
 .debug_macro   0x0000000000027565      0xfb0 ./CMSIS/EFM32PG12B/system_efm32pg12b.o
 .debug_macro   0x0000000000028515      0x6c4 ./CMSIS/EFM32PG12B/system_efm32pg12b.o
 .debug_macro   0x0000000000028bd9     0x1022 ./CMSIS/EFM32PG12B/system_efm32pg12b.o
 .debug_macro   0x0000000000029bfb      0x889 ./CMSIS/EFM32PG12B/system_efm32pg12b.o
 .debug_macro   0x000000000002a484      0x500 ./CMSIS/EFM32PG12B/system_efm32pg12b.o
 .debug_macro   0x000000000002a984     0x1bc5 ./CMSIS/EFM32PG12B/system_efm32pg12b.o
 .debug_macro   0x000000000002c549       0x40 ./CMSIS/EFM32PG12B/system_efm32pg12b.o
 .debug_macro   0x000000000002c589      0x2ce ./CMSIS/EFM32PG12B/system_efm32pg12b.o
 .debug_macro   0x000000000002c857      0x382 ./CMSIS/EFM32PG12B/system_efm32pg12b.o
 .debug_macro   0x000000000002cbd9      0x190 ./CMSIS/EFM32PG12B/system_efm32pg12b.o
 .debug_macro   0x000000000002cd69     0x27bf ./CMSIS/EFM32PG12B/system_efm32pg12b.o
 .debug_macro   0x000000000002f528      0x304 ./CMSIS/EFM32PG12B/system_efm32pg12b.o
 .debug_macro   0x000000000002f82c      0x304 ./CMSIS/EFM32PG12B/system_efm32pg12b.o
 .debug_macro   0x000000000002fb30       0x23 ./emlib/em_assert.o
 .debug_macro   0x000000000002fb53      0x3a5 ./emlib/em_cmu.o
 .debug_macro   0x000000000002fef8       0x58 ./emlib/em_cmu.o
 .debug_macro   0x000000000002ff50      0x34d ./emlib/em_cmu.o
 .debug_macro   0x000000000003029d       0x25 ./emlib/em_cmu.o
 .debug_macro   0x00000000000302c2       0xee ./emlib/em_cmu.o
 .debug_macro   0x00000000000303b0       0x80 ./emlib/em_cmu.o
 .debug_macro   0x0000000000030430      0x391 ./emlib/em_emu.o
 .debug_macro   0x00000000000307c1       0x52 ./emlib/em_emu.o
 .debug_macro   0x0000000000030813       0x55 ./emlib/em_emu.o
 .debug_macro   0x0000000000030868      0x353 ./emlib/em_emu.o
 .debug_macro   0x0000000000030bbb       0xd9 ./emlib/em_emu.o
 .debug_macro   0x0000000000030c94       0x7a ./emlib/em_emu.o
 .debug_macro   0x0000000000030d0e      0x295 ./emlib/em_gpio.o
 .debug_macro   0x0000000000030fa3      0x315 ./emlib/em_i2c.o
 .debug_macro   0x00000000000312b8       0x3f ./emlib/em_i2c.o
 .debug_macro   0x00000000000312f7      0x2b8 ./emlib/em_letimer.o
 .debug_macro   0x00000000000315af      0x30e ./src/Source_files/SI7021.o
 .debug_macro   0x00000000000318bd       0x58 ./src/Source_files/SI7021.o
 .debug_macro   0x0000000000031915       0x34 ./src/Source_files/SI7021.o
 .debug_macro   0x0000000000031949       0x1c ./src/Source_files/SI7021.o
 .debug_macro   0x0000000000031965       0x5e ./src/Source_files/SI7021.o
 .debug_macro   0x00000000000319c3      0x34c ./src/Source_files/app.o
 .debug_macro   0x0000000000031d0f       0x45 ./src/Source_files/app.o
 .debug_macro   0x0000000000031d54       0x3a ./src/Source_files/app.o
 .debug_macro   0x0000000000031d8e       0x10 ./src/Source_files/app.o
 .debug_macro   0x0000000000031d9e       0x10 ./src/Source_files/app.o
 .debug_macro   0x0000000000031dae      0x296 ./src/Source_files/cmu.o
 .debug_macro   0x0000000000032044      0x2a5 ./src/Source_files/gpio.o
 .debug_macro   0x00000000000322e9      0x2f8 ./src/Source_files/i2c.o
 .debug_macro   0x00000000000325e1      0x2ec ./src/Source_files/letimer.o
 .debug_macro   0x00000000000328cd      0x2aa ./src/Source_files/scheduler.o
 .debug_macro   0x0000000000032b77      0x2ba ./src/Source_files/sleep_routines.o
 .debug_macro   0x0000000000032e31      0x487 ./src/main.o
 .debug_macro   0x00000000000332b8       0x16 ./src/main.o
 .debug_macro   0x00000000000332ce       0x97 ./src/main.o
 .debug_macro   0x0000000000033365       0xf6 ./src/main.o
 .debug_macro   0x000000000003345b       0x10 ./src/main.o
 .debug_macro   0x000000000003346b       0x10 ./src/main.o
 .debug_macro   0x000000000003347b       0xb6 ./src/main.o
 .debug_macro   0x0000000000033531       0x16 ./src/main.o
 .debug_macro   0x0000000000033547      0x129 ./src/main.o
 .debug_macro   0x0000000000033670       0xd6 ./src/main.o
 .debug_macro   0x0000000000033746       0x76 ./src/main.o
 .debug_macro   0x00000000000337bc       0xf1 ./src/main.o
 .debug_macro   0x00000000000338ad       0x3a ./src/main.o
 .debug_macro   0x00000000000338e7      0x344 ./src/main.o

.debug_frame    0x0000000000000000     0x1e54
 .debug_frame   0x0000000000000000      0x164 ./CMSIS/EFM32PG12B/system_efm32pg12b.o
 .debug_frame   0x0000000000000164       0x2c ./emlib/em_assert.o
 .debug_frame   0x0000000000000190      0x770 ./emlib/em_cmu.o
 .debug_frame   0x0000000000000900      0x6f0 ./emlib/em_emu.o
 .debug_frame   0x0000000000000ff0      0x21c ./emlib/em_gpio.o
 .debug_frame   0x000000000000120c      0x1fc ./emlib/em_i2c.o
 .debug_frame   0x0000000000001408      0x180 ./emlib/em_letimer.o
 .debug_frame   0x0000000000001588       0x80 ./src/Source_files/SI7021.o
 .debug_frame   0x0000000000001608      0x160 ./src/Source_files/app.o
 .debug_frame   0x0000000000001768       0x2c ./src/Source_files/cmu.o
 .debug_frame   0x0000000000001794       0x2c ./src/Source_files/gpio.o
 .debug_frame   0x00000000000017c0      0x240 ./src/Source_files/i2c.o
 .debug_frame   0x0000000000001a00       0xa4 ./src/Source_files/letimer.o
 .debug_frame   0x0000000000001aa4       0xa0 ./src/Source_files/scheduler.o
 .debug_frame   0x0000000000001b44       0xe4 ./src/Source_files/sleep_routines.o
 .debug_frame   0x0000000000001c28       0x78 ./src/main.o
 .debug_frame   0x0000000000001ca0       0xac /Applications/Simplicity Studio.app/Contents/Eclipse/developer/toolchains/gnu_arm/7.2_2017q4/bin/../lib/gcc/arm-none-eabi/7.2.1/thumb/v7e-m/fpv4-sp/softfp/libgcc.a(_arm_addsubdf3.o)
 .debug_frame   0x0000000000001d4c       0x50 /Applications/Simplicity Studio.app/Contents/Eclipse/developer/toolchains/gnu_arm/7.2_2017q4/bin/../lib/gcc/arm-none-eabi/7.2.1/thumb/v7e-m/fpv4-sp/softfp/libgcc.a(_arm_muldivdf3.o)
 .debug_frame   0x0000000000001d9c       0x24 /Applications/Simplicity Studio.app/Contents/Eclipse/developer/toolchains/gnu_arm/7.2_2017q4/bin/../lib/gcc/arm-none-eabi/7.2.1/thumb/v7e-m/fpv4-sp/softfp/libgcc.a(_arm_truncdfsf2.o)
 .debug_frame   0x0000000000001dc0       0x28 /Applications/Simplicity Studio.app/Contents/Eclipse/developer/toolchains/gnu_arm/7.2_2017q4/bin/../lib/gcc/arm-none-eabi/7.2.1/../../../../arm-none-eabi/lib/thumb/v7e-m/fpv4-sp/softfp/libc_nano.a(lib_a-exit.o)
 .debug_frame   0x0000000000001de8       0x2c /Applications/Simplicity Studio.app/Contents/Eclipse/developer/toolchains/gnu_arm/7.2_2017q4/bin/../lib/gcc/arm-none-eabi/7.2.1/../../../../arm-none-eabi/lib/thumb/v7e-m/fpv4-sp/softfp/libc_nano.a(lib_a-init.o)
 .debug_frame   0x0000000000001e14       0x20 /Applications/Simplicity Studio.app/Contents/Eclipse/developer/toolchains/gnu_arm/7.2_2017q4/bin/../lib/gcc/arm-none-eabi/7.2.1/../../../../arm-none-eabi/lib/thumb/v7e-m/fpv4-sp/softfp/libc_nano.a(lib_a-memset.o)
 .debug_frame   0x0000000000001e34       0x20 /Applications/Simplicity Studio.app/Contents/Eclipse/developer/toolchains/gnu_arm/7.2_2017q4/bin/../lib/gcc/arm-none-eabi/7.2.1/../../../../arm-none-eabi/lib/thumb/v7e-m/fpv4-sp/softfp/libnosys.a(_exit.o)
